--------- beginning of crash
07-25 14:46:37.191 28041 28041 F DEBUG   : *** *** *** *** *** *** *** *** *** *** *** *** *** *** *** ***
07-25 14:46:37.191 28041 28041 F DEBUG   : Build fingerprint: 'samsung/pa3qxxx/pa3q:15/AP3A.240905.015.A2/S938BXXS5AYF6_OXM5AYF6:user/release-keys'
07-25 14:46:37.191 28041 28041 F DEBUG   : Revision: '11'
07-25 14:46:37.191 28041 28041 F DEBUG   : ABI: 'arm64'
07-25 14:46:37.191 28041 28041 F DEBUG   : Processor: '7'
07-25 14:46:37.191 28041 28041 F DEBUG   : Timestamp: 2025-07-25 14:46:36.771905004+0530
07-25 14:46:37.191 28041 28041 F DEBUG   : Process uptime: 0s
07-25 14:46:37.191 28041 28041 F DEBUG   : Cmdline: /vendor/bin/hw/vendor.samsung.hardware.camera.provider-service_64
07-25 14:46:37.191 28041 28041 F DEBUG   : pid: 1853, tid: 1853, name: binder:1853_2  >>> /vendor/bin/hw/vendor.samsung.hardware.camera.provider-service_64 <<<
07-25 14:46:37.191 28041 28041 F DEBUG   : uid: 1047
07-25 14:46:37.191 28041 28041 F DEBUG   : tagged_addr_ctrl: 0000000000000001 (PR_TAGGED_ADDR_ENABLE)
07-25 14:46:37.191 28041 28041 F DEBUG   : pac_enabled_keys: 000000000000000f (PR_PAC_APIAKEY, PR_PAC_APIBKEY, PR_PAC_APDAKEY, PR_PAC_APDBKEY)
07-25 14:46:37.191 28041 28041 F DEBUG   : signal 35 (<debuggerd signal>), code -6 (SI_TKILL), fault addr --------
07-25 14:46:37.191 28041 28041 F DEBUG   :     x0  0000000000000000  x1  000000000000079a  x2  0000000000000023  x3  0000000000000022
07-25 14:46:37.191 28041 28041 F DEBUG   :     x4  00000000000157da  x5  00000000000157da  x6  00000000000157da  x7  0000000092492493
07-25 14:46:37.191 28041 28041 F DEBUG   :     x8  0000000000000083  x9  0000000000004d58  x10 372d934ddff7261c  x11 0000000068834b74
07-25 14:46:37.191 28041 28041 F DEBUG   :     x12 0000007a3b71c558  x13 0000000000000030  x14 00000000000003e8  x15 00000000000abed7
07-25 14:46:37.191 28041 28041 F DEBUG   :     x16 0000007a3b71b660  x17 0000007a3b705300  x18 000000778684c000  x19 0000000000000001
07-25 14:46:37.191 28041 28041 F DEBUG   :     x20 0000007787349700  x21 b4000077fbbcb9b0  x22 000000778734af40  x23 0000000000000000
07-25 14:46:37.191 28041 28041 F DEBUG   :     x24 000000778734af40  x25 b4000077fbbcb9b0  x26 0000019840debfe0  x27 00000077982ca000
07-25 14:46:37.191 28041 28041 F DEBUG   :     x28 000000779f1e0008  x29 00000077873487a0
07-25 14:46:37.191 28041 28041 F DEBUG   :     lr  000000779f1c7c60  sp  0000007787347500  pc  0000007a3b70530c  pst 0000000000001000
07-25 14:46:37.191 28041 28041 F DEBUG   : 11 total frames
07-25 14:46:37.191 28041 28041 F DEBUG   : backtrace:
07-25 14:46:37.191 28041 28041 F DEBUG   :       #00 pc 00000000000c530c  /apex/com.android.runtime/lib64/bionic/libc.so (tgkill+12) (BuildId: 9ecf995a27c885d1447a549f8c253e65)
07-25 14:46:37.191 28041 28041 F DEBUG   :       #01 pc 0000000000037c5c  /vendor/lib64/libcamxcommonutils.so (CamX::OsUtils::DumpCallStacksForAllThreads(int) (.cfi)+908) (BuildId: fe4293f40a108d236feeabaa30901183)
07-25 14:46:37.191 28041 28041 F DEBUG   :       #02 pc 00000000003f530c  /vendor/lib64/hw/camera.qcom.so (CamX::Session::NotifyResult(CamX::ResultsData*)+15644) (BuildId: d67cea82afdac980db9f86ce19df2a03)
07-25 14:46:37.191 28041 28041 F DEBUG   :       #03 pc 000000000041ed14  /vendor/lib64/hw/camera.qcom.so (CamX::Session::NotifySessionSystemEvent(CamX::SystemEventHeader*, CamX::NodeSystemEventPayload*, CamX::PipelineSystemEventPayload*)+548) (BuildId: d67cea82afdac980db9f86ce19df2a03)
07-25 14:46:37.191 28041 28041 F DEBUG   :       #04 pc 00000000003b0568  /vendor/lib64/hw/camera.qcom.so (CamX::Pipeline::HandlePipelineSystemEventPayload(CamX::SystemEventHeader*, CamX::NodeSystemEventPayload*)+616) (BuildId: d67cea82afdac980db9f86ce19df2a03)
07-25 14:46:37.191 28041 28041 F DEBUG   :       #05 pc 000000000039f210  /vendor/lib64/hw/camera.qcom.so (CamX::Pipeline::HandleKernelTriggerErrors(CSLErrorMessageType, CSLErrorMessage const*)+1344) (BuildId: d67cea82afdac980db9f86ce19df2a03)
07-25 14:46:37.191 28041 28041 F DEBUG   :       #06 pc 000000000039e4fc  /vendor/lib64/hw/camera.qcom.so (CamX::Pipeline::SendErrorNotification(CSLErrorMessage const*)+204) (BuildId: d67cea82afdac980db9f86ce19df2a03)
07-25 14:46:37.191 28041 28041 F DEBUG   :       #07 pc 0000000000372afc  /vendor/lib64/hw/camera.qcom.so (CamX::Pipeline::CSLMessageHandler(void*, CSLMessage*) (.cfi)+2524) (BuildId: d67cea82afdac980db9f86ce19df2a03)
07-25 14:46:37.191 28041 28041 F DEBUG   :       #08 pc 0000000000071e64  /vendor/lib64/libcamxcsl.so (CSLHwInstancePollThreadFunc(void*) (.80762c52a02d745f3dc39d40f4624c98.cfi)+11540) (BuildId: 8ddbd7f78597355a91abf20ea5083e23)
07-25 14:46:37.191 28041 28041 F DEBUG   :       #09 pc 0000000000071c28  /apex/com.android.runtime/lib64/bionic/libc.so (__pthread_start(void*)+196) (BuildId: 9ecf995a27c885d1447a549f8c253e65)
07-25 14:46:37.191 28041 28041 F DEBUG   :       #10 pc 0000000000063d20  /apex/com.android.runtime/lib64/bionic/libc.so (__start_thread+68) (BuildId: 9ecf995a27c885d1447a549f8c253e65)
--------- beginning of system
07-29 14:52:45.287  2369  3047 E Watchdog: !@Sync: 9096 heap(MB): 167 / 196 FD: 1615 [2025-07-29 14:52:45.287]
07-29 14:53:15.290  2369  3047 E Watchdog: !@Sync: 9097 heap(MB): 156 / 197 FD: 1626 [2025-07-29 14:53:15.290]
07-29 14:53:45.294  2369  3047 E Watchdog: !@Sync: 9098 heap(MB): 189 / 197 FD: 1626 [2025-07-29 14:53:45.294]
07-29 14:54:15.303  2369  3047 E Watchdog: !@Sync: 9099 heap(MB): 170 / 196 FD: 1616 [2025-07-29 14:54:15.303]
07-29 14:54:27.846  2369  8640 E KernelCpuUidFullTimeReader: Negative delta from freq time for uid: 90000, delta: -3068
07-29 14:54:45.399  2369  3047 E Watchdog: !@Sync: 9100 heap(MB): 155 / 196 native(MB): 104 FD: 1632 WaitTime: 0 ms GCcnt: 0 FullGC: 0 [2025-07-29 14:54:45.311]
07-29 14:55:15.408  2369  3047 E Watchdog: !@Sync: 9101 heap(MB): 183 / 196 FD: 1632 [2025-07-29 14:55:15.407]
07-29 14:55:45.417  2369  3047 E Watchdog: !@Sync: 9102 heap(MB): 158 / 197 FD: 1618 [2025-07-29 14:55:45.416]
07-29 14:56:15.425  2369  3047 E Watchdog: !@Sync: 9103 heap(MB): 174 / 197 FD: 1618 [2025-07-29 14:56:15.425]
07-29 14:56:45.434  2369  3047 E Watchdog: !@Sync: 9104 heap(MB): 160 / 197 FD: 1631 [2025-07-29 14:56:45.433]
07-29 14:57:15.439  2369  3047 E Watchdog: !@Sync: 9105 heap(MB): 187 / 197 FD: 1631 [2025-07-29 14:57:15.439]
07-29 14:57:45.448  2369  3047 E Watchdog: !@Sync: 9106 heap(MB): 177 / 197 FD: 1619 [2025-07-29 14:57:45.448]
07-29 14:58:15.455  2369  3047 E Watchdog: !@Sync: 9107 heap(MB): 174 / 196 FD: 1619 [2025-07-29 14:58:15.455]
07-29 14:58:38.902  2369  3062 E AppWidgetXmlUtil: Label is empty in ComponentInfo{com.samsung.android.app.spage/com.samsung.android.app.spage.news.ui.widget.NewsWidgetReceiverCover}
07-29 14:58:45.464  2369  3047 E Watchdog: !@Sync: 9108 heap(MB): 155 / 196 FD: 1621 [2025-07-29 14:58:45.463]
07-29 14:59:15.472  2369  3047 E Watchdog: !@Sync: 9109 heap(MB): 185 / 196 FD: 1621 [2025-07-29 14:59:15.471]
07-29 14:59:45.479  2369  3047 E Watchdog: !@Sync: 9110 heap(MB): 169 / 197 FD: 1634 [2025-07-29 14:59:45.479]
07-29 15:00:03.969  8208 14726 E ActivityThread: Failed to find provider info for issuetracker_provider
07-29 15:00:15.482  2369  3047 E Watchdog: !@Sync: 9111 heap(MB): 158 / 194 FD: 1621 [2025-07-29 15:00:15.482]
07-29 15:00:45.489  2369  3047 E Watchdog: !@Sync: 9112 heap(MB): 189 / 194 FD: 1621 [2025-07-29 15:00:45.489]
07-29 15:01:15.495  2369  3047 E Watchdog: !@Sync: 9113 heap(MB): 164 / 195 FD: 1621 [2025-07-29 15:01:15.495]
07-29 15:01:45.503  2369  3047 E Watchdog: !@Sync: 9114 heap(MB): 190 / 195 FD: 1617 [2025-07-29 15:01:45.502]
07-29 15:02:10.928  2369  4342 E AppOps  : attributionTag VCN not declared in manifest of android
07-29 15:02:10.928  2369  4342 E AppOps  : attributionTag VCN not declared in manifest of android
07-29 15:02:13.765  2369  4342 E AppOps  : attributionTag VCN not declared in manifest of android
07-29 15:02:13.766  2369  4342 E AppOps  : attributionTag VCN not declared in manifest of android
07-29 15:02:15.509  2369  3047 E Watchdog: !@Sync: 9115 heap(MB): 193 / 196 FD: 1617 [2025-07-29 15:02:15.509]
07-29 15:02:45.518  2369  3047 E Watchdog: !@Sync: 9116 heap(MB): 176 / 195 FD: 1622 [2025-07-29 15:02:45.517]
07-29 15:03:03.119  2369  2494 E WindowManager: win=Window{2d8f72 u0 com.instagram.android/com.instagram.mainactivity.InstagramMainActivity} destroySurfaces: appStopped=true cleanupOnResume=false win.mWindowRemovalAllowed=false win.mRemoveOnExit=false win.mViewVisibility=8 caller=com.android.server.wm.ActivityRecord.destroySurfaces:25 com.android.server.wm.ActivityRecord.activityStopped:184 com.android.server.wm.ActivityClientController.activityStopped:95 android.app.IActivityClientController$Stub.onTransact:722 com.android.server.wm.ActivityClientController.onTransact:1 android.os.Binder.execTransactInternal:1541 android.os.Binder.execTransact:1480 
07-29 15:03:05.508  2369 14110 E TaskPersister: File error accessing recents directory (directory doesn't exist?).
07-29 15:03:05.509  2369 14110 E TaskPersister: File error accessing recents directory (directory doesn't exist?).
07-29 15:03:05.509  2369 14110 E TaskPersister: File error accessing recents directory (directory doesn't exist?).
07-29 15:03:07.389  2369  5205 E WindowManager: win=Window{2d8f72 u0 com.instagram.android/com.instagram.mainactivity.InstagramMainActivity} destroySurfaces: appStopped=true cleanupOnResume=false win.mWindowRemovalAllowed=false win.mRemoveOnExit=false win.mViewVisibility=8 caller=com.android.server.wm.ActivityRecord.destroySurfaces:25 com.android.server.wm.ActivityRecord.activityStopped:184 com.android.server.wm.ActivityClientController.activityStopped:95 android.app.IActivityClientController$Stub.onTransact:722 com.android.server.wm.ActivityClientController.onTransact:1 android.os.Binder.execTransactInternal:1541 android.os.Binder.execTransact:1480 
07-29 15:03:09.538  2369 14110 E TaskPersister: File error accessing recents directory (directory doesn't exist?).
07-29 15:03:09.538  2369 14110 E TaskPersister: File error accessing recents directory (directory doesn't exist?).
07-29 15:03:09.538  2369 14110 E TaskPersister: File error accessing recents directory (directory doesn't exist?).
07-29 15:03:15.525  2369  3047 E Watchdog: !@Sync: 9117 heap(MB): 159 / 196 FD: 1624 [2025-07-29 15:03:15.525]
07-29 15:03:22.495  2369 14110 E TaskPersister: File error accessing recents directory (directory doesn't exist?).
07-29 15:03:22.495  2369 14110 E TaskPersister: File error accessing recents directory (directory doesn't exist?).
07-29 15:03:22.495  2369 14110 E TaskPersister: File error accessing recents directory (directory doesn't exist?).
07-29 15:03:28.901  2369  4698 E KernelCpuUidFullTimeReader: Negative delta from freq time for uid: 90000, delta: -2890
07-29 15:03:28.901  2369  4698 E KernelCpuUidFullTimeReader: Negative delta from freq time for uid: 90003, delta: -5519
07-29 15:03:28.901  2369  4698 E KernelCpuUidFullTimeReader: Negative delta from freq time for uid: 90006, delta: -24
07-29 15:03:45.533  2369  3047 E Watchdog: !@Sync: 9118 heap(MB): 193 / 196 FD: 1622 [2025-07-29 15:03:45.533]
07-29 15:04:15.541  2369  3047 E Watchdog: !@Sync: 9119 heap(MB): 168 / 191 FD: 1621 [2025-07-29 15:04:15.541]
07-29 15:04:45.622  2369  3047 E Watchdog: !@Sync: 9120 heap(MB): 146 / 191 native(MB): 99 FD: 1620 WaitTime: 0 ms GCcnt: 0 FullGC: 0 [2025-07-29 15:04:45.548]
07-29 15:04:49.495  2369  4016 E WindowManager: win=Window{72f047d u0 InputMethod} destroySurfaces: appStopped=true cleanupOnResume=false win.mWindowRemovalAllowed=false win.mRemoveOnExit=false win.mViewVisibility=8 caller=com.android.server.wm.WindowManagerService.tryStartExitingAnimation:147 com.android.server.wm.WindowManagerService.relayoutWindowInner:112 com.android.server.wm.WindowManagerService.relayoutWindow:6 com.android.server.wm.Session.relayout:27 android.view.IWindowSession$Stub.onTransact:861 com.android.server.wm.Session.onTransact:1 android.os.Binder.execTransactInternal:1536 
07-29 15:05:15.630  2369  3047 E Watchdog: !@Sync: 9121 heap(MB): 179 / 191 FD: 1620 [2025-07-29 15:05:15.630]
07-29 15:05:45.633  2369  3047 E Watchdog: !@Sync: 9122 heap(MB): 166 / 191 FD: 1618 [2025-07-29 15:05:45.633]
07-29 15:06:15.639  2369  3047 E Watchdog: !@Sync: 9123 heap(MB): 152 / 191 FD: 1618 [2025-07-29 15:06:15.639]
07-29 15:06:45.647  2369  3047 E Watchdog: !@Sync: 9124 heap(MB): 153 / 188 FD: 1617 [2025-07-29 15:06:45.647]
07-29 15:07:15.654  2369  3047 E Watchdog: !@Sync: 9125 heap(MB): 185 / 188 FD: 1617 [2025-07-29 15:07:15.653]
07-29 15:07:45.659  2369  3047 E Watchdog: !@Sync: 9126 heap(MB): 174 / 192 FD: 1617 [2025-07-29 15:07:45.659]
07-29 15:08:15.664  2369  3047 E Watchdog: !@Sync: 9127 heap(MB): 164 / 191 FD: 1617 [2025-07-29 15:08:15.664]
07-29 15:08:45.668  2369  3047 E Watchdog: !@Sync: 9128 heap(MB): 149 / 191 FD: 1619 [2025-07-29 15:08:45.668]
07-29 15:09:15.675  2369  3047 E Watchdog: !@Sync: 9129 heap(MB): 183 / 191 FD: 1619 [2025-07-29 15:09:15.675]
07-29 15:09:45.681  2369  3047 E Watchdog: !@Sync: 9130 heap(MB): 172 / 193 FD: 1620 [2025-07-29 15:09:45.681]
07-29 15:10:15.689  2369  3047 E Watchdog: !@Sync: 9131 heap(MB): 149 / 192 FD: 1619 [2025-07-29 15:10:15.688]
07-29 15:10:45.697  2369  3047 E Watchdog: !@Sync: 9132 heap(MB): 185 / 192 FD: 1619 [2025-07-29 15:10:45.697]
07-29 15:11:15.706  2369  3047 E Watchdog: !@Sync: 9133 heap(MB): 168 / 193 FD: 1619 [2025-07-29 15:11:15.706]
07-29 15:11:45.711  2369  3047 E Watchdog: !@Sync: 9134 heap(MB): 152 / 192 FD: 1619 [2025-07-29 15:11:45.711]
07-29 15:12:00.792 15963 15963 E ActivityThread: Failed to find provider info for com.samsung.android.systemui.edgelighting.plus.provider
07-29 15:12:08.087 15963 15963 E ActivityThread: Failed to find provider info for com.samsung.android.systemui.edgelighting.plus.provider
07-29 15:12:15.720  2369  3047 E Watchdog: !@Sync: 9135 heap(MB): 191 / 192 FD: 1669 [2025-07-29 15:12:15.719]
07-29 15:12:45.726  2369  3047 E Watchdog: !@Sync: 9136 heap(MB): 168 / 192 FD: 1621 [2025-07-29 15:12:45.726]
07-29 15:13:05.498  2369  6470 E AppWidgetServiceImpl: getAppWidgetInfo() returns null because widget is null. appWidgetId=0 userId=0
07-29 15:13:05.498  2369  6470 E AppWidgetServiceImpl: getAppWidgetInfo() returns null because widget is null. appWidgetId=0 userId=0
07-29 15:13:05.499  2369  6470 E AppWidgetServiceImpl: getAppWidgetInfo() returns null because widget is null. appWidgetId=0 userId=0
07-29 15:13:05.918  2369  3062 E AppWidgetXmlUtil: Label is empty in ComponentInfo{com.samsung.android.app.spage/com.samsung.android.app.spage.news.ui.widget.NewsWidgetReceiverCover}
07-29 15:13:15.733  2369  3047 E Watchdog: !@Sync: 9137 heap(MB): 171 / 191 FD: 1634 [2025-07-29 15:13:15.732]
07-29 15:13:45.740  2369  3047 E Watchdog: !@Sync: 9138 heap(MB): 155 / 191 FD: 1620 [2025-07-29 15:13:45.739]
07-29 15:14:15.743  2369  3047 E Watchdog: !@Sync: 9139 heap(MB): 188 / 191 FD: 1620 [2025-07-29 15:14:15.743]
07-29 15:14:45.837  2369  3047 E Watchdog: !@Sync: 9140 heap(MB): 173 / 192 native(MB): 98 FD: 1621 WaitTime: 0 ms GCcnt: 0 FullGC: 0 [2025-07-29 15:14:45.749]
07-29 15:14:47.766  2369  4342 E AppOps  : attributionTag VCN not declared in manifest of android
07-29 15:14:47.767  2369  4342 E AppOps  : attributionTag VCN not declared in manifest of android
07-29 15:14:51.594  2369  4342 E AppOps  : attributionTag VCN not declared in manifest of android
07-29 15:14:51.595  2369  4342 E AppOps  : attributionTag VCN not declared in manifest of android
07-29 15:15:15.842  2369  3047 E Watchdog: !@Sync: 9141 heap(MB): 178 / 193 FD: 1621 [2025-07-29 15:15:15.842]
07-29 15:15:45.847  2369  3047 E Watchdog: !@Sync: 9142 heap(MB): 157 / 192 FD: 1621 [2025-07-29 15:15:45.847]
07-29 15:16:15.853  2369  3047 E Watchdog: !@Sync: 9143 heap(MB): 148 / 192 FD: 1621 [2025-07-29 15:16:15.853]
07-29 15:16:45.861  2369  3047 E Watchdog: !@Sync: 9144 heap(MB): 177 / 192 FD: 1620 [2025-07-29 15:16:45.861]
07-29 15:16:50.508  2369  3062 E AppWidgetXmlUtil: Label is empty in ComponentInfo{com.samsung.android.app.spage/com.samsung.android.app.spage.news.ui.widget.NewsWidgetReceiverCover}
07-29 15:17:15.867  2369  3047 E Watchdog: !@Sync: 9145 heap(MB): 167 / 194 FD: 1618 [2025-07-29 15:17:15.867]
07-29 15:17:19.811  9155 16245 E ActivityThread: Failed to find provider info for gmail-ofls
07-29 15:17:20.867  9155 16245 E ActivityThread: Failed to find provider info for gmail-ofls
07-29 15:17:45.875  2369  3047 E Watchdog: !@Sync: 9146 heap(MB): 158 / 193 FD: 1618 [2025-07-29 15:17:45.875]
07-29 15:18:15.882  2369  3047 E Watchdog: !@Sync: 9147 heap(MB): 183 / 193 FD: 1618 [2025-07-29 15:18:15.882]
07-29 15:18:31.168  2369  6386 E AppOpService: Blocked setUidMode call for runtime permission app op: uid = 15001000, code = CAMERA, mode = foreground, callingUid = 1000, oldMode = allow
07-29 15:18:31.168  2369  6386 E AppOpService: java.lang.RuntimeException
07-29 15:18:31.168  2369  6386 E AppOpService: 	at com.android.server.permission.access.appop.AppOpService.setUidMode(qb/98013209 226a4e4d0e4bfb66b786cf06f9e5a0860ec7abad1ba05d13c139ca1217b57bb3:165)
07-29 15:18:31.168  2369  6386 E AppOpService: 	at com.android.server.appop.AppOpsCheckingServiceTracingDecorator.setUidMode(qb/98013209 226a4e4d0e4bfb66b786cf06f9e5a0860ec7abad1ba05d13c139ca1217b57bb3:10)
07-29 15:18:31.168  2369  6386 E AppOpService: 	at com.android.server.appop.AppOpsService.setUidMode(qb/98013209 226a4e4d0e4bfb66b786cf06f9e5a0860ec7abad1ba05d13c139ca1217b57bb3:52)
07-29 15:18:31.168  2369  6386 E AppOpService: 	at com.android.server.appop.AppOpsService.setUidMode(qb/98013209 226a4e4d0e4bfb66b786cf06f9e5a0860ec7abad1ba05d13c139ca1217b57bb3:1)
07-29 15:18:31.168  2369  6386 E AppOpService: 	at android.app.AppOpsManager.setUidMode(AppOpsManager.java:8106)
07-29 15:18:31.168  2369  6386 E AppOpService: 	at com.android.role.controller.model.Permissions.setAppOpModeAsUser(Permissions.java:908)
07-29 15:18:31.168  2369  6386 E AppOpService: 	at com.android.role.controller.model.Permissions.setAppOpUidModeAsUser(Permissions.java:885)
07-29 15:18:31.168  2369  6386 E AppOpService: 	at com.android.role.controller.model.Permissions.grantPermissionAndAppOpAsUser(Permissions.java:373)
07-29 15:18:31.168  2369  6386 E AppOpService: 	at com.android.role.controller.model.Permissions.grantSingleAsUser(Permissions.java:247)
07-29 15:18:31.168  2369  6386 E AppOpService: 	at com.android.role.controller.model.Permissions.grantAsUser(Permissions.java:205)
07-29 15:18:31.168  2369  6386 E AppOpService: 	at com.android.role.controller.model.Role.grantAsUser(Role.java:882)
07-29 15:18:31.168  2369  6386 E AppOpService: 	at com.android.role.controller.service.RoleControllerServiceImpl.addRoleHolderInternal(RoleControllerServiceImpl.java:362)
07-29 15:18:31.168  2369  6386 E AppOpService: 	at com.android.role.controller.service.RoleControllerServiceImpl.onGrantDefaultRoles(RoleControllerServiceImpl.java:149)
07-29 15:18:31.168  2369  6386 E AppOpService: 	at com.android.role.LocalRoleController.lambda$grantDefaultRoles$1(LocalRoleController.java:56)
07-29 15:18:31.168  2369  6386 E AppOpService: 	at com.android.role.LocalRoleController.$r8$lambda$ye-flP7Mf14AbTzwSmiTgndT6Cg(LocalRoleController.java:0)
07-29 15:18:31.168  2369  6386 E AppOpService: 	at com.android.role.LocalRoleController$$ExternalSyntheticLambda1.run(R8$$SyntheticClass:0)
07-29 15:18:31.168  2369  6386 E AppOpService: 	at android.os.Handler.handleCallback(Handler.java:959)
07-29 15:18:31.168  2369  6386 E AppOpService: 	at android.os.Handler.dispatchMessage(Handler.java:100)
07-29 15:18:31.168  2369  6386 E AppOpService: 	at android.os.Looper.loopOnce(Looper.java:257)
07-29 15:18:31.168  2369  6386 E AppOpService: 	at android.os.Looper.loop(Looper.java:342)
07-29 15:18:31.168  2369  6386 E AppOpService: 	at android.os.HandlerThread.run(HandlerThread.java:85)
07-29 15:18:45.887  2369  3047 E Watchdog: !@Sync: 9148 heap(MB): 146 / 192 FD: 1614 [2025-07-29 15:18:45.886]
07-29 15:19:15.894  2369  3047 E Watchdog: !@Sync: 9149 heap(MB): 174 / 192 FD: 1614 [2025-07-29 15:19:15.894]
07-29 15:19:45.899  2369  3047 E Watchdog: !@Sync: 9150 heap(MB): 160 / 194 FD: 1619 [2025-07-29 15:19:45.899]
07-29 15:20:15.905  2369  3047 E Watchdog: !@Sync: 9151 heap(MB): 193 / 194 FD: 1620 [2025-07-29 15:20:15.905]
07-29 15:20:17.080  2369  6172 E NotificationService: isPkgBlocked = true
07-29 15:20:17.080  2369  6172 E NotificationService: isRecordBlocked = false
07-29 15:20:17.080  2369  6172 E NotificationService: Suppressing notification from package com.snapchat.android by user request.
07-29 15:20:17.687  2369  6172 E NotificationService: isPkgBlocked = true
07-29 15:20:17.688  2369  6172 E NotificationService: isRecordBlocked = false
07-29 15:20:17.688  2369  6172 E NotificationService: Suppressing notification from package com.snapchat.android by user request.
07-29 15:20:45.913  2369  3047 E Watchdog: !@Sync: 9152 heap(MB): 177 / 195 FD: 1619 [2025-07-29 15:20:45.913]
07-29 15:21:15.920  2369  3047 E Watchdog: !@Sync: 9153 heap(MB): 157 / 194 FD: 1619 [2025-07-29 15:21:15.919]
07-29 15:21:45.929  2369  3047 E Watchdog: !@Sync: 9154 heap(MB): 188 / 194 FD: 1621 [2025-07-29 15:21:45.928]
07-29 15:22:15.937  2369  3047 E Watchdog: !@Sync: 9155 heap(MB): 171 / 194 FD: 1621 [2025-07-29 15:22:15.937]
07-29 15:22:45.945  2369  3047 E Watchdog: !@Sync: 9156 heap(MB): 150 / 194 FD: 1621 [2025-07-29 15:22:45.945]
07-29 15:23:15.954  2369  3047 E Watchdog: !@Sync: 9157 heap(MB): 177 / 194 FD: 1621 [2025-07-29 15:23:15.953]
07-29 15:23:45.956  2369  3047 E Watchdog: !@Sync: 9158 heap(MB): 160 / 194 FD: 1621 [2025-07-29 15:23:45.956]
07-29 15:24:15.962  2369  3047 E Watchdog: !@Sync: 9159 heap(MB): 186 / 194 FD: 1621 [2025-07-29 15:24:15.962]
07-29 15:24:39.164  2369  4017 E WindowManager: win=Window{2d8f72 u0 com.instagram.android/com.instagram.mainactivity.InstagramMainActivity} destroySurfaces: appStopped=true cleanupOnResume=false win.mWindowRemovalAllowed=false win.mRemoveOnExit=false win.mViewVisibility=8 caller=com.android.server.wm.ActivityRecord.destroySurfaces:25 com.android.server.wm.ActivityRecord.activityStopped:184 com.android.server.wm.ActivityClientController.activityStopped:95 android.app.IActivityClientController$Stub.onTransact:722 com.android.server.wm.ActivityClientController.onTransact:1 android.os.Binder.execTransactInternal:1541 android.os.Binder.execTransact:1480 
07-29 15:24:39.374  2369  4703 E WindowManager: win=Window{712e34b u0 ThumbsUpHandler_L} destroySurfaces: appStopped=true cleanupOnResume=false win.mWindowRemovalAllowed=false win.mRemoveOnExit=false win.mViewVisibility=8 caller=com.android.server.wm.WindowManagerService.tryStartExitingAnimation:147 com.android.server.wm.WindowManagerService.relayoutWindowInner:112 com.android.server.wm.WindowManagerService.relayoutWindow:6 com.android.server.wm.Session.relayout:27 android.view.IWindowSession$Stub.onTransact:861 com.android.server.wm.Session.onTransact:1 android.os.Binder.execTransactInternal:1536 
07-29 15:24:39.397  2369  6172 E WindowManager: win=Window{661b9df u0 ThumbsUpHandler_R} destroySurfaces: appStopped=true cleanupOnResume=false win.mWindowRemovalAllowed=false win.mRemoveOnExit=false win.mViewVisibility=8 caller=com.android.server.wm.WindowManagerService.tryStartExitingAnimation:147 com.android.server.wm.WindowManagerService.relayoutWindowInner:112 com.android.server.wm.WindowManagerService.relayoutWindow:6 com.android.server.wm.Session.relayout:27 android.view.IWindowSession$Stub.onTransact:861 com.android.server.wm.Session.onTransact:1 android.os.Binder.execTransactInternal:1536 
07-29 15:24:39.419 30701 22177 E LoadedApk: Exception : java.lang.NullPointerException: Attempt to invoke virtual method 'boolean android.os.Looper.isPerfLogEnable()' on a null object reference
07-29 15:24:39.423  1422  1600 E LoadedApk: Exception : java.lang.NullPointerException: Attempt to invoke virtual method 'boolean android.os.Looper.isPerfLogEnable()' on a null object reference
07-29 15:24:39.424  1422  1685 E LoadedApk: Exception : java.lang.NullPointerException: Attempt to invoke virtual method 'boolean android.os.Looper.isPerfLogEnable()' on a null object reference
07-29 15:24:39.426 30701 17360 E LoadedApk: Exception : java.lang.NullPointerException: Attempt to invoke virtual method 'boolean android.os.Looper.isPerfLogEnable()' on a null object reference
07-29 15:24:39.428 30701 17360 E LoadedApk: Exception : java.lang.NullPointerException: Attempt to invoke virtual method 'boolean android.os.Looper.isPerfLogEnable()' on a null object reference
07-29 15:24:39.430  1422 11261 E LoadedApk: Exception : java.lang.NullPointerException: Attempt to invoke virtual method 'boolean android.os.Looper.isPerfLogEnable()' on a null object reference
07-29 15:24:40.717  1422  1685 E LoadedApk: Exception : java.lang.NullPointerException: Attempt to invoke virtual method 'boolean android.os.Looper.isPerfLogEnable()' on a null object reference
07-29 15:24:40.720 30701 22177 E LoadedApk: Exception : java.lang.NullPointerException: Attempt to invoke virtual method 'boolean android.os.Looper.isPerfLogEnable()' on a null object reference
07-29 15:24:40.720  1422  1685 E LoadedApk: Exception : java.lang.NullPointerException: Attempt to invoke virtual method 'boolean android.os.Looper.isPerfLogEnable()' on a null object reference
07-29 15:24:40.732  1422  9006 E LoadedApk: Exception : java.lang.NullPointerException: Attempt to invoke virtual method 'boolean android.os.Looper.isPerfLogEnable()' on a null object reference
07-29 15:24:40.739 30701 17360 E LoadedApk: Exception : java.lang.NullPointerException: Attempt to invoke virtual method 'boolean android.os.Looper.isPerfLogEnable()' on a null object reference
07-29 15:24:40.744 30701 17360 E LoadedApk: Exception : java.lang.NullPointerException: Attempt to invoke virtual method 'boolean android.os.Looper.isPerfLogEnable()' on a null object reference
07-29 15:24:40.747  2369  6172 E AppOps  : package client.pid<1782> not found, can't check for attributionTag null
07-29 15:24:40.747  2369  6172 E AppOps  : Bad call made by uid 1047. Package "client.pid<1782>" does not belong to uid 1000.
07-29 15:24:40.747  2369  6172 E AppOps  : Cannot checkOperation: non-application UID 1000
07-29 15:24:40.757  2369  4082 E CameraService_worker: Recent tasks don't include camera client package name: client.pid<1782>
07-29 15:24:41.447  2369  8639 E WindowManager: win=Window{826bbc4 u0 FP Iconview} destroySurfaces: appStopped=true cleanupOnResume=false win.mWindowRemovalAllowed=false win.mRemoveOnExit=false win.mViewVisibility=8 caller=com.android.server.wm.WindowManagerService.tryStartExitingAnimation:147 com.android.server.wm.WindowManagerService.relayoutWindowInner:112 com.android.server.wm.WindowManagerService.relayoutWindow:6 com.android.server.wm.Session.relayout:27 android.view.IWindowSession$Stub.onTransact:861 com.android.server.wm.Session.onTransact:1 android.os.Binder.execTransactInternal:1536 
07-29 15:24:41.638  2369  4394 E WindowManager: win=Window{1459a3 u0 NotificationShade} destroySurfaces: appStopped=true cleanupOnResume=false win.mWindowRemovalAllowed=false win.mRemoveOnExit=false win.mViewVisibility=4 caller=com.android.server.wm.WindowManagerService.tryStartExitingAnimation:147 com.android.server.wm.WindowManagerService.relayoutWindowInner:112 com.android.server.wm.WindowManagerService.relayoutWindow:6 com.android.server.wm.Session.relayout:27 android.view.IWindowSession$Stub.onTransact:861 com.android.server.wm.Session.onTransact:1 android.os.Binder.execTransactInternal:1541 
07-29 15:24:41.681 23313 23328 E ActivityThread: Failed to find provider info for com.sec.android.log.diagmonagent
07-29 15:24:41.761  2369  3043 E WindowManager: win=Window{fee3f46 u0 SnapshotStartingWindow for taskId=5416 EXITING} destroySurfaces: appStopped=false cleanupOnResume=false win.mWindowRemovalAllowed=true win.mRemoveOnExit=true win.mViewVisibility=0 caller=com.android.server.wm.WindowState.onExitAnimationDone:222 com.android.server.wm.WindowState.onAnimationFinished:161 com.android.server.wm.WindowContainer$$ExternalSyntheticLambda5.onAnimationFinished:26 com.android.server.wm.SurfaceAnimator$$ExternalSyntheticLambda1.run:28 com.android.server.wm.SurfaceAnimator$$ExternalSyntheticLambda0.onAnimationFinished:65 com.android.server.wm.LocalAnimationAdapter$$ExternalSyntheticLambda0.run:10 android.os.Handler.handleCallback:959 
07-29 15:24:46.055  2369  3047 E Watchdog: !@Sync: 9160 heap(MB): 150 / 189 native(MB): 97 FD: 1626 WaitTime: 0 ms GCcnt: 0 FullGC: 0 [2025-07-29 15:24:45.973]
07-29 15:25:16.062  2369  3047 E Watchdog: !@Sync: 9161 heap(MB): 149 / 193 FD: 1618 [2025-07-29 15:25:16.062]
07-29 15:25:46.071  2369  3047 E Watchdog: !@Sync: 9162 heap(MB): 171 / 193 FD: 1625 [2025-07-29 15:25:46.071]
07-29 15:26:16.080  2369  3047 E Watchdog: !@Sync: 9163 heap(MB): 160 / 193 FD: 1612 [2025-07-29 15:26:16.080]
07-29 15:26:42.660  2369  4017 E WindowManager: win=Window{2d8f72 u0 com.instagram.android/com.instagram.mainactivity.InstagramMainActivity} destroySurfaces: appStopped=true cleanupOnResume=false win.mWindowRemovalAllowed=false win.mRemoveOnExit=false win.mViewVisibility=8 caller=com.android.server.wm.ActivityRecord.destroySurfaces:25 com.android.server.wm.ActivityRecord.activityStopped:184 com.android.server.wm.ActivityClientController.activityStopped:95 android.app.IActivityClientController$Stub.onTransact:722 com.android.server.wm.ActivityClientController.onTransact:1 android.os.Binder.execTransactInternal:1541 android.os.Binder.execTransact:1480 
07-29 15:26:45.099  2369 14110 E TaskPersister: File error accessing recents directory (directory doesn't exist?).
07-29 15:26:45.099  2369 14110 E TaskPersister: File error accessing recents directory (directory doesn't exist?).
07-29 15:26:45.099  2369 14110 E TaskPersister: File error accessing recents directory (directory doesn't exist?).
07-29 15:26:46.083  2369  3047 E Watchdog: !@Sync: 9164 heap(MB): 150 / 192 FD: 1613 [2025-07-29 15:26:46.083]
07-29 15:27:15.780  2369 14110 E TaskPersister: File error accessing recents directory (directory doesn't exist?).
07-29 15:27:15.781  2369 14110 E TaskPersister: File error accessing recents directory (directory doesn't exist?).
07-29 15:27:15.781  2369 14110 E TaskPersister: File error accessing recents directory (directory doesn't exist?).
07-29 15:27:16.089  2369  3047 E Watchdog: !@Sync: 9165 heap(MB): 157 / 191 FD: 1611 [2025-07-29 15:27:16.089]
07-29 15:27:21.571  2369  4342 E AppOps  : attributionTag VCN not declared in manifest of android
07-29 15:27:21.571  2369  4342 E AppOps  : attributionTag VCN not declared in manifest of android
07-29 15:27:24.384  2369  4342 E AppOps  : attributionTag VCN not declared in manifest of android
07-29 15:27:24.384  2369  4342 E AppOps  : attributionTag VCN not declared in manifest of android
07-29 15:27:46.098  2369  3047 E Watchdog: !@Sync: 9166 heap(MB): 154 / 192 FD: 1624 [2025-07-29 15:27:46.097]
07-29 15:28:16.104  2369  3047 E Watchdog: !@Sync: 9167 heap(MB): 184 / 192 FD: 1624 [2025-07-29 15:28:16.104]
07-29 15:28:25.614  2369  4703 E WindowManager: win=Window{2d8f72 u0 com.instagram.android/com.instagram.mainactivity.InstagramMainActivity} destroySurfaces: appStopped=true cleanupOnResume=false win.mWindowRemovalAllowed=false win.mRemoveOnExit=false win.mViewVisibility=8 caller=com.android.server.wm.ActivityRecord.destroySurfaces:25 com.android.server.wm.ActivityRecord.activityStopped:184 com.android.server.wm.ActivityClientController.activityStopped:95 android.app.IActivityClientController$Stub.onTransact:722 com.android.server.wm.ActivityClientController.onTransact:1 android.os.Binder.execTransactInternal:1541 android.os.Binder.execTransact:1480 
07-29 15:28:27.816  2369  6172 E WindowManager: win=Window{2d8f72 u0 com.instagram.android/com.instagram.mainactivity.InstagramMainActivity} destroySurfaces: appStopped=true cleanupOnResume=false win.mWindowRemovalAllowed=false win.mRemoveOnExit=false win.mViewVisibility=8 caller=com.android.server.wm.ActivityRecord.destroySurfaces:25 com.android.server.wm.ActivityRecord.activityStopped:184 com.android.server.wm.ActivityClientController.activityStopped:95 android.app.IActivityClientController$Stub.onTransact:722 com.android.server.wm.ActivityClientController.onTransact:1 android.os.Binder.execTransactInternal:1541 android.os.Binder.execTransact:1480 
07-29 15:28:28.557  2369 14110 E TaskPersister: File error accessing recents directory (directory doesn't exist?).
07-29 15:28:28.557  2369 14110 E TaskPersister: File error accessing recents directory (directory doesn't exist?).
07-29 15:28:28.557  2369 14110 E TaskPersister: File error accessing recents directory (directory doesn't exist?).
07-29 15:28:29.852  2369  4698 E WindowManager: win=Window{2d8f72 u0 com.instagram.android/com.instagram.mainactivity.InstagramMainActivity} destroySurfaces: appStopped=true cleanupOnResume=false win.mWindowRemovalAllowed=false win.mRemoveOnExit=false win.mViewVisibility=8 caller=com.android.server.wm.ActivityRecord.destroySurfaces:25 com.android.server.wm.ActivityRecord.activityStopped:184 com.android.server.wm.ActivityClientController.activityStopped:95 android.app.IActivityClientController$Stub.onTransact:722 com.android.server.wm.ActivityClientController.onTransact:1 android.os.Binder.execTransactInternal:1541 android.os.Binder.execTransact:1480 
07-29 15:28:32.110  2369 14110 E TaskPersister: File error accessing recents directory (directory doesn't exist?).
07-29 15:28:32.110  2369 14110 E TaskPersister: File error accessing recents directory (directory doesn't exist?).
07-29 15:28:32.110  2369 14110 E TaskPersister: File error accessing recents directory (directory doesn't exist?).
07-29 15:28:40.956  2369  8379 E WindowManager: win=Window{ff01aa2 u0 com.instagram.android/com.instagram.modal.ModalActivity} destroySurfaces: appStopped=true cleanupOnResume=false win.mWindowRemovalAllowed=false win.mRemoveOnExit=false win.mViewVisibility=8 caller=com.android.server.wm.ActivityRecord.destroySurfaces:25 com.android.server.wm.ActivityRecord.activityStopped:184 com.android.server.wm.ActivityClientController.activityStopped:95 android.app.IActivityClientController$Stub.onTransact:722 com.android.server.wm.ActivityClientController.onTransact:1 android.os.Binder.execTransactInternal:1541 android.os.Binder.execTransact:1480 
07-29 15:28:41.617  2369  4394 E WindowManager: win=Window{abc27c6 u0 com.sec.android.app.launcher/com.sec.android.app.launcher.activities.LauncherActivity} destroySurfaces: appStopped=true cleanupOnResume=false win.mWindowRemovalAllowed=false win.mRemoveOnExit=false win.mViewVisibility=8 caller=com.android.server.wm.ActivityRecord.destroySurfaces:25 com.android.server.wm.ActivityRecord.activityStopped:184 com.android.server.wm.ActivityClientController.activityStopped:95 android.app.IActivityClientController$Stub.onTransact:722 com.android.server.wm.ActivityClientController.onTransact:1 android.os.Binder.execTransactInternal:1541 android.os.Binder.execTransact:1480 
07-29 15:28:44.727  2369 14110 E TaskPersister: File error accessing recents directory (directory doesn't exist?).
07-29 15:28:44.727  2369 14110 E TaskPersister: File error accessing recents directory (directory doesn't exist?).
07-29 15:28:44.727  2369 14110 E TaskPersister: File error accessing recents directory (directory doesn't exist?).
07-29 15:28:46.107  2369  3047 E Watchdog: !@Sync: 9168 heap(MB): 195 / 197 FD: 1648 [2025-07-29 15:28:46.107]
07-29 15:28:46.292  2369  6470 E WindowManager: win=Window{72f047d u0 InputMethod} destroySurfaces: appStopped=true cleanupOnResume=false win.mWindowRemovalAllowed=false win.mRemoveOnExit=false win.mViewVisibility=8 caller=com.android.server.wm.WindowManagerService.tryStartExitingAnimation:147 com.android.server.wm.WindowManagerService.relayoutWindowInner:112 com.android.server.wm.WindowManagerService.relayoutWindow:6 com.android.server.wm.Session.relayout:27 android.view.IWindowSession$Stub.onTransact:861 com.android.server.wm.Session.onTransact:1 android.os.Binder.execTransactInternal:1536 
07-29 15:28:46.317  2369  3062 E AppWidgetXmlUtil: Label is empty in ComponentInfo{com.samsung.android.app.spage/com.samsung.android.app.spage.news.ui.widget.NewsWidgetReceiverCover}
07-29 15:28:49.774  2369  3043 E WindowManager: win=Window{4519bde u0 SnapshotStartingWindow for taskId=5416 EXITING} destroySurfaces: appStopped=false cleanupOnResume=false win.mWindowRemovalAllowed=true win.mRemoveOnExit=true win.mViewVisibility=0 caller=com.android.server.wm.WindowState.onExitAnimationDone:222 com.android.server.wm.WindowState.onAnimationFinished:161 com.android.server.wm.WindowContainer$$ExternalSyntheticLambda5.onAnimationFinished:26 com.android.server.wm.SurfaceAnimator$$ExternalSyntheticLambda1.run:28 com.android.server.wm.SurfaceAnimator$$ExternalSyntheticLambda0.onAnimationFinished:65 com.android.server.wm.LocalAnimationAdapter$$ExternalSyntheticLambda0.run:10 android.os.Handler.handleCallback:959 
07-29 15:28:49.990  2369  6172 E WindowManager: win=Window{19969f0 u0 com.google.android.googlequicksearchbox/com.google.android.googlequicksearchbox.InternalGoogleAppActivityEntrypoint} destroySurfaces: appStopped=true cleanupOnResume=false win.mWindowRemovalAllowed=false win.mRemoveOnExit=false win.mViewVisibility=8 caller=com.android.server.wm.ActivityRecord.destroySurfaces:25 com.android.server.wm.ActivityRecord.activityStopped:184 com.android.server.wm.ActivityClientController.activityStopped:95 android.app.IActivityClientController$Stub.onTransact:722 com.android.server.wm.ActivityClientController.onTransact:1 android.os.Binder.execTransactInternal:1541 android.os.Binder.execTransact:1480 
07-29 15:28:52.970  2369 14110 E TaskPersister: File error accessing recents directory (directory doesn't exist?).
07-29 15:28:52.970  2369 14110 E TaskPersister: File error accessing recents directory (directory doesn't exist?).
07-29 15:28:52.971  2369 14110 E TaskPersister: File error accessing recents directory (directory doesn't exist?).
07-29 15:29:16.111  2369  3047 E Watchdog: !@Sync: 9169 heap(MB): 190 / 193 FD: 1627 [2025-07-29 15:29:16.111]
07-29 15:29:46.117  2369  3047 E Watchdog: !@Sync: 9170 heap(MB): 170 / 193 FD: 1628 [2025-07-29 15:29:46.117]
07-29 15:30:16.125  2369  3047 E Watchdog: !@Sync: 9171 heap(MB): 154 / 194 FD: 1627 [2025-07-29 15:30:16.124]
07-29 15:30:46.134  2369  3047 E Watchdog: !@Sync: 9172 heap(MB): 183 / 194 FD: 1627 [2025-07-29 15:30:46.133]
07-29 15:31:16.143  2369  3047 E Watchdog: !@Sync: 9173 heap(MB): 163 / 194 FD: 1628 [2025-07-29 15:31:16.142]
07-29 15:31:46.148  2369  3047 E Watchdog: !@Sync: 9174 heap(MB): 147 / 194 FD: 1626 [2025-07-29 15:31:46.148]
07-29 15:32:16.156  2369  3047 E Watchdog: !@Sync: 9175 heap(MB): 183 / 194 FD: 1623 [2025-07-29 15:32:16.156]
07-29 15:32:46.165  2369  3047 E Watchdog: !@Sync: 9176 heap(MB): 166 / 196 FD: 1623 [2025-07-29 15:32:46.165]
07-29 15:33:16.173  2369  3047 E Watchdog: !@Sync: 9177 heap(MB): 192 / 196 FD: 1627 [2025-07-29 15:33:16.172]
07-29 15:33:46.181  2369  3047 E Watchdog: !@Sync: 9178 heap(MB): 169 / 196 FD: 1627 [2025-07-29 15:33:46.181]
07-29 15:34:16.186  2369  3047 E Watchdog: !@Sync: 9179 heap(MB): 191 / 196 FD: 1626 [2025-07-29 15:34:16.185]
07-29 15:34:46.289  2369  3047 E Watchdog: !@Sync: 9180 heap(MB): 170 / 196 native(MB): 99 FD: 1639 WaitTime: 0 ms GCcnt: 0 FullGC: 0 [2025-07-29 15:34:46.192]
07-29 15:35:16.292  2369  3047 E Watchdog: !@Sync: 9181 heap(MB): 152 / 195 FD: 1630 [2025-07-29 15:35:16.292]
07-29 15:35:46.298  2369  3047 E Watchdog: !@Sync: 9182 heap(MB): 179 / 195 FD: 1625 [2025-07-29 15:35:46.297]
07-29 15:36:16.304  2369  3047 E Watchdog: !@Sync: 9183 heap(MB): 149 / 195 FD: 1625 [2025-07-29 15:36:16.304]
07-29 15:36:46.308  2369  3047 E Watchdog: !@Sync: 9184 heap(MB): 169 / 195 FD: 1625 [2025-07-29 15:36:46.308]
07-29 15:37:16.314  2369  3047 E Watchdog: !@Sync: 9185 heap(MB): 154 / 196 FD: 1625 [2025-07-29 15:37:16.314]
07-29 15:37:22.091  2369  6472 E BatteryStatsService: Invalid uid for waking network packet: -1
07-29 15:37:30.407  2369  6172 E BatteryStatsService: Invalid uid for waking network packet: -1
07-29 15:37:46.322  2369  3047 E Watchdog: !@Sync: 9186 heap(MB): 193 / 196 FD: 1638 [2025-07-29 15:37:46.321]
07-29 15:37:47.835  2369  4016 E WindowManager: win=Window{2d8f72 u0 com.instagram.android/com.instagram.mainactivity.InstagramMainActivity} destroySurfaces: appStopped=true cleanupOnResume=false win.mWindowRemovalAllowed=false win.mRemoveOnExit=false win.mViewVisibility=8 caller=com.android.server.wm.ActivityRecord.destroySurfaces:25 com.android.server.wm.ActivityRecord.activityStopped:184 com.android.server.wm.ActivityClientController.activityStopped:95 android.app.IActivityClientController$Stub.onTransact:722 com.android.server.wm.ActivityClientController.onTransact:1 android.os.Binder.execTransactInternal:1541 android.os.Binder.execTransact:1480 
07-29 15:37:48.344  2369  3043 E WindowManager: win=Window{8378354 u0 SnapshotStartingWindow for taskId=5425 EXITING} destroySurfaces: appStopped=false cleanupOnResume=false win.mWindowRemovalAllowed=true win.mRemoveOnExit=true win.mViewVisibility=0 caller=com.android.server.wm.WindowState.onExitAnimationDone:222 com.android.server.wm.WindowState.onAnimationFinished:161 com.android.server.wm.WindowContainer$$ExternalSyntheticLambda5.onAnimationFinished:26 com.android.server.wm.SurfaceAnimator$$ExternalSyntheticLambda1.run:28 com.android.server.wm.SurfaceAnimator$$ExternalSyntheticLambda0.onAnimationFinished:65 com.android.server.wm.LocalAnimationAdapter$$ExternalSyntheticLambda0.run:10 android.os.Handler.handleCallback:959 
07-29 15:37:48.427  2369  6172 E WindowManager: win=Window{abc27c6 u0 com.sec.android.app.launcher/com.sec.android.app.launcher.activities.LauncherActivity} destroySurfaces: appStopped=true cleanupOnResume=false win.mWindowRemovalAllowed=false win.mRemoveOnExit=false win.mViewVisibility=8 caller=com.android.server.wm.ActivityRecord.destroySurfaces:25 com.android.server.wm.ActivityRecord.activityStopped:184 com.android.server.wm.ActivityClientController.activityStopped:95 android.app.IActivityClientController$Stub.onTransact:722 com.android.server.wm.ActivityClientController.onTransact:1 android.os.Binder.execTransactInternal:1541 android.os.Binder.execTransact:1480 
07-29 15:37:51.451  2369  8639 E WindowManager: win=Window{eb0567d u0 com.whatsapp/com.whatsapp.home.ui.HomeActivity} destroySurfaces: appStopped=true cleanupOnResume=false win.mWindowRemovalAllowed=false win.mRemoveOnExit=false win.mViewVisibility=8 caller=com.android.server.wm.ActivityRecord.destroySurfaces:25 com.android.server.wm.ActivityRecord.activityStopped:184 com.android.server.wm.ActivityClientController.activityStopped:95 android.app.IActivityClientController$Stub.onTransact:722 com.android.server.wm.ActivityClientController.onTransact:1 android.os.Binder.execTransactInternal:1541 android.os.Binder.execTransact:1480 
07-29 15:37:51.513  2369 14110 E TaskPersister: File error accessing recents directory (directory doesn't exist?).
07-29 15:37:51.513  2369 14110 E TaskPersister: File error accessing recents directory (directory doesn't exist?).
07-29 15:37:51.513  2369 14110 E TaskPersister: File error accessing recents directory (directory doesn't exist?).
07-29 15:38:01.950  2369  8639 E WindowManager: win=Window{72f047d u0 InputMethod} destroySurfaces: appStopped=true cleanupOnResume=false win.mWindowRemovalAllowed=false win.mRemoveOnExit=false win.mViewVisibility=8 caller=com.android.server.wm.WindowManagerService.tryStartExitingAnimation:147 com.android.server.wm.WindowManagerService.relayoutWindowInner:112 com.android.server.wm.WindowManagerService.relayoutWindow:6 com.android.server.wm.Session.relayout:27 android.view.IWindowSession$Stub.onTransact:861 com.android.server.wm.Session.onTransact:1 android.os.Binder.execTransactInternal:1536 
07-29 15:38:03.385  2369  4698 E WindowManager: win=Window{eb0567d u0 com.whatsapp/com.whatsapp.home.ui.HomeActivity} destroySurfaces: appStopped=true cleanupOnResume=false win.mWindowRemovalAllowed=false win.mRemoveOnExit=false win.mViewVisibility=8 caller=com.android.server.wm.ActivityRecord.destroySurfaces:25 com.android.server.wm.ActivityRecord.activityStopped:184 com.android.server.wm.ActivityClientController.activityStopped:95 android.app.IActivityClientController$Stub.onTransact:722 com.android.server.wm.ActivityClientController.onTransact:1 android.os.Binder.execTransactInternal:1541 android.os.Binder.execTransact:1480 
07-29 15:38:03.649  2369  3043 E WindowManager: win=Window{377c969 u0 SnapshotStartingWindow for taskId=5416 EXITING} destroySurfaces: appStopped=false cleanupOnResume=false win.mWindowRemovalAllowed=true win.mRemoveOnExit=true win.mViewVisibility=0 caller=com.android.server.wm.WindowState.onExitAnimationDone:222 com.android.server.wm.WindowState.onAnimationFinished:161 com.android.server.wm.WindowContainer$$ExternalSyntheticLambda5.onAnimationFinished:26 com.android.server.wm.SurfaceAnimator$$ExternalSyntheticLambda1.run:28 com.android.server.wm.SurfaceAnimator$$ExternalSyntheticLambda0.onAnimationFinished:65 com.android.server.wm.LocalAnimationAdapter$$ExternalSyntheticLambda0.run:10 android.os.Handler.handleCallback:959 
07-29 15:38:03.732  2369  6173 E WindowManager: win=Window{abc27c6 u0 com.sec.android.app.launcher/com.sec.android.app.launcher.activities.LauncherActivity} destroySurfaces: appStopped=true cleanupOnResume=false win.mWindowRemovalAllowed=false win.mRemoveOnExit=false win.mViewVisibility=8 caller=com.android.server.wm.ActivityRecord.destroySurfaces:25 com.android.server.wm.ActivityRecord.activityStopped:184 com.android.server.wm.ActivityClientController.activityStopped:95 android.app.IActivityClientController$Stub.onTransact:722 com.android.server.wm.ActivityClientController.onTransact:1 android.os.Binder.execTransactInternal:1541 android.os.Binder.execTransact:1480 
07-29 15:38:05.345  2369 14110 E TaskPersister: File error accessing recents directory (directory doesn't exist?).
07-29 15:38:05.345  2369 14110 E TaskPersister: File error accessing recents directory (directory doesn't exist?).
07-29 15:38:05.345  2369 14110 E TaskPersister: File error accessing recents directory (directory doesn't exist?).
07-29 15:38:14.976  2369  6173 E WindowManager: win=Window{2d8f72 u0 com.instagram.android/com.instagram.mainactivity.InstagramMainActivity} destroySurfaces: appStopped=true cleanupOnResume=false win.mWindowRemovalAllowed=false win.mRemoveOnExit=false win.mViewVisibility=8 caller=com.android.server.wm.ActivityRecord.destroySurfaces:25 com.android.server.wm.ActivityRecord.activityStopped:184 com.android.server.wm.ActivityClientController.activityStopped:95 android.app.IActivityClientController$Stub.onTransact:722 com.android.server.wm.ActivityClientController.onTransact:1 android.os.Binder.execTransactInternal:1541 android.os.Binder.execTransact:1480 
07-29 15:38:15.181  2369  6716 E WindowManager: win=Window{712e34b u0 ThumbsUpHandler_L} destroySurfaces: appStopped=true cleanupOnResume=false win.mWindowRemovalAllowed=false win.mRemoveOnExit=false win.mViewVisibility=8 caller=com.android.server.wm.WindowManagerService.tryStartExitingAnimation:147 com.android.server.wm.WindowManagerService.relayoutWindowInner:112 com.android.server.wm.WindowManagerService.relayoutWindow:6 com.android.server.wm.Session.relayout:27 android.view.IWindowSession$Stub.onTransact:861 com.android.server.wm.Session.onTransact:1 android.os.Binder.execTransactInternal:1536 
07-29 15:38:15.182 30701 27036 E LoadedApk: Exception : java.lang.NullPointerException: Attempt to invoke virtual method 'boolean android.os.Looper.isPerfLogEnable()' on a null object reference
07-29 15:38:15.185  1422  1685 E LoadedApk: Exception : java.lang.NullPointerException: Attempt to invoke virtual method 'boolean android.os.Looper.isPerfLogEnable()' on a null object reference
07-29 15:38:15.186  2369  8831 E WindowManager: win=Window{661b9df u0 ThumbsUpHandler_R} destroySurfaces: appStopped=true cleanupOnResume=false win.mWindowRemovalAllowed=false win.mRemoveOnExit=false win.mViewVisibility=8 caller=com.android.server.wm.WindowManagerService.tryStartExitingAnimation:147 com.android.server.wm.WindowManagerService.relayoutWindowInner:112 com.android.server.wm.WindowManagerService.relayoutWindow:6 com.android.server.wm.Session.relayout:27 android.view.IWindowSession$Stub.onTransact:861 com.android.server.wm.Session.onTransact:1 android.os.Binder.execTransactInternal:1536 
07-29 15:38:15.186 30701 25170 E LoadedApk: Exception : java.lang.NullPointerException: Attempt to invoke virtual method 'boolean android.os.Looper.isPerfLogEnable()' on a null object reference
07-29 15:38:15.186 30701 25170 E LoadedApk: Exception : java.lang.NullPointerException: Attempt to invoke virtual method 'boolean android.os.Looper.isPerfLogEnable()' on a null object reference
07-29 15:38:15.186  1422  1685 E LoadedApk: Exception : java.lang.NullPointerException: Attempt to invoke virtual method 'boolean android.os.Looper.isPerfLogEnable()' on a null object reference
07-29 15:38:15.187  1422 11261 E LoadedApk: Exception : java.lang.NullPointerException: Attempt to invoke virtual method 'boolean android.os.Looper.isPerfLogEnable()' on a null object reference
07-29 15:38:16.332  2369  3047 E Watchdog: !@Sync: 9187 heap(MB): 147 / 193 FD: 1617 [2025-07-29 15:38:16.332]
07-29 15:38:46.340  2369  3047 E Watchdog: !@Sync: 9188 heap(MB): 183 / 193 FD: 1629 [2025-07-29 15:38:46.340]
07-29 15:39:00.096  2369  2369 E JobScheduler.Component: Job exists for non-existent package: com.google.android.apps.maps
07-29 15:39:00.096  2369  2369 E JobScheduler.Component: Job exists for non-existent package: com.google.android.apps.maps
