07-29 15:48:19.756  2369 14110 E TaskPersister: File error accessing recents directory (directory doesn't exist?).
07-29 15:48:19.756  2369 14110 E TaskPersister: File error accessing recents directory (directory doesn't exist?).
07-29 15:48:19.756  2369 14110 E TaskPersister: File error accessing recents directory (directory doesn't exist?).
07-29 15:48:23.628  1854  1926 E BatteryDump: !@new_battery_dump : 3942,1540,1600,4189,50,338,340,397,338,0,349,397,0,Charging,NO_CHARGING,Normal,Good,USB,1,Normal,0,0,9137,0x8000,0x10010000,0x0,0,0,457,v0002,0000,0000,00000000,0,0,0,0,83,3870,5057,1000,0,
07-29 15:48:29.199  1909  1909 E ConversionHelperAidl: Function: parseAndSetVendorParameters Line: 94 Failed 
07-29 15:48:29.199  1909  1909 E ConversionHelperAidl: Function: parseAndSetVendorParameters Line: 94 Failed 
07-29 15:48:29.201  1909  1909 E ConversionHelperAidl: Function: parseAndSetVendorParameters Line: 94 Failed 
07-29 15:48:29.201  1909  1909 E ConversionHelperAidl: Function: parseAndSetVendorParameters Line: 94 Failed 
07-29 15:48:33.789  1854  1926 E BatteryDump: !@new_battery_dump : 3949,1671,1600,4189,50,338,340,393,338,0,353,393,0,Charging,NO_CHARGING,Normal,Good,USB,1,Normal,0,0,9137,0x8000,0x10010000,0x0,0,0,338,v0002,0000,0000,00000000,0,0,0,0,83,3870,5066,1000,0,
07-29 15:48:39.231  1909 26629 E ConversionHelperAidl: Function: parseAndSetVendorParameters Line: 94 Failed 
07-29 15:48:39.232  1909 26629 E ConversionHelperAidl: Function: parseAndSetVendorParameters Line: 94 Failed 
07-29 15:48:39.233  1909 26629 E ConversionHelperAidl: Function: parseAndSetVendorParameters Line: 94 Failed 
07-29 15:48:39.233  1909 26629 E ConversionHelperAidl: Function: parseAndSetVendorParameters Line: 94 Failed 
07-29 15:48:43.955  1854  1926 E BatteryDump: !@new_battery_dump : 3950,1655,1600,4189,50,338,339,388,338,0,354,388,0,Charging,NO_CHARGING,Normal,Good,USB,1,Normal,0,0,9127,0x8000,0x10010000,0x0,0,0,253,v0002,0000,0000,00000000,0,0,0,0,83,3870,5075,1000,0,
07-29 15:48:46.642  2369  3047 E Watchdog: !@Sync: 9208 heap(MB): 189 / 192 FD: 1641 [2025-07-29 15:48:46.642]
07-29 15:48:49.266  1909  1909 E ConversionHelperAidl: Function: parseAndSetVendorParameters Line: 94 Failed 
07-29 15:48:49.266  1909  1909 E ConversionHelperAidl: Function: parseAndSetVendorParameters Line: 94 Failed 
07-29 15:48:49.268  1909  1909 E ConversionHelperAidl: Function: parseAndSetVendorParameters Line: 94 Failed 
07-29 15:48:49.268  1909  1909 E ConversionHelperAidl: Function: parseAndSetVendorParameters Line: 94 Failed 
07-29 15:48:54.122  1854  1926 E BatteryDump: !@new_battery_dump : 3951,1605,1600,4189,50,338,339,384,338,0,351,384,0,Charging,NO_CHARGING,Normal,Good,USB,1,Normal,0,0,9127,0x8000,0x10010000,0x0,0,0,212,v0002,0000,0000,00000000,0,0,0,0,83,3871,5085,1000,0,
07-29 15:48:57.405 30335 30335 E android.vending: Not starting debugger since process cannot load the jdwp agent.
07-29 15:48:57.618 30429 30429 E ding:background: Not starting debugger since process cannot load the jdwp agent.
07-29 15:48:58.765 18222 18259 E edll    : (REDACTED) Trace %s timed out after %d ms. Complete trace: %s
07-29 15:48:58.765 18222 18259 E edll    : edmu: 
07-29 15:48:58.765 18222 18259 E edll    : 	at tk_trace.CreatePeer(Started After:0)
07-29 15:48:58.765 18222 18259 E edll    : 	at tk_trace.onCreate SoundSearchTileService(Started After:0)
07-29 15:48:58.765 18222 18259 E edll    : 	at tk_trace.Creating SoundSearchTileService(Started After:0)
07-29 15:48:58.765 18222 18259 E edll    : (REDACTED) Trace %s timed out after %d ms. Complete trace: %s
07-29 15:48:58.765 18222 18259 E edll    : edmu: 
07-29 15:48:58.765 18222 18259 E edll    : 	at tk_trace.onSaveInstanceState GoogleAppActivity(Started After:0)
07-29 15:48:58.765 18222 18259 E edll    : 	at tk_trace.GoogleAppActivity: onSaveInstanceState(Started After:0)
07-29 15:48:58.766 18222 18820 E edll    : (REDACTED) Trace %s timed out after %d ms. Complete trace: %s
07-29 15:48:58.766 18222 18820 E edll    : edmu: 
07-29 15:48:58.766 18222 18820 E edll    : 	at tk_trace.GIL:ClearcutTransmitter(Started After:0)
07-29 15:48:58.766 18222 18820 E edll    : 	at tk_trace.GIL:NVLGraftHandler(Started After:0)
07-29 15:48:58.766 18222 18820 E edll    : 	at tk_trace.GIL:AutoProcessBatch(Started After:0)
07-29 15:48:58.766 18222 18820 E edll    : 	at tk_trace.SearchResultsFragmentPeer#attachWebFragment commit(Started After:0)
07-29 15:48:58.766 18222 18820 E edll    : 	at tk_trace.SearchResultsFragmentPeer#attachWebFragment(Started After:0)
07-29 15:48:58.766 18222 18820 E edll    : 	at tk_trace.SearchBox TextWatcher(Started After:0)
07-29 15:48:58.766 18222 18819 E edll    : (REDACTED) Trace %s timed out after %d ms. Complete trace: %s
07-29 15:48:58.766 18222 18819 E edll    : edmu: 
07-29 15:48:58.766 18222 18819 E edll    : 	at tk_trace.ZwiebackCookieProviderImpl#extractZwieback(Started After:0)
07-29 15:48:58.766 18222 18819 E edll    : 	at tk_trace.ZwiebackCookieProviderImpl#getCookie(Started After:0)
07-29 15:48:58.766 18222 18819 E edll    : 	at tk_trace.onStop GoogleAppActivity(Started After:0)
07-29 15:48:58.766 18222 18819 E edll    : 	at tk_trace.GoogleAppActivity: Lifecycle.Stopped(Started After:0)
07-29 15:48:58.769 18222 18590 E edll    : (REDACTED) Trace %s timed out after %d ms. Complete trace: %s
07-29 15:48:58.769 18222 18590 E edll    : edmu: 
07-29 15:48:58.769 18222 18590 E edll    : 	at tk_trace.Write GrowthTrackingDataStore(Started After:10)
07-29 15:48:58.769 18222 18590 E edll    : 	at tk_trace.Update GrowthTrackingDataStore(Started After:10)
07-29 15:48:58.769 18222 18590 E edll    : 	at tk_trace.GoogleAppActivityMainFragment#onCriticalStartupUiIsInteractive(Started After:0)
07-29 15:48:58.769 18222 18590 E edll    : 	at tk_trace.CriticalStartupUiInteractivePublisher#publish(Started After:0)
07-29 15:48:58.769 18222 18590 E edll    : 	at tk_trace.SuggestStartupInteractiveManager#executeOperationsOnceSuggestIsInteractive(Started After:0)
07-29 15:48:58.769 18222 18590 E edll    : 	at tk_trace.KeyboardListener#onNextKeyboardShownOrTimeout(Started After:0)
07-29 15:48:58.769 18222 18590 E edll    : 	at tk_trace.SearchBoxFragmentPeer#onWindowFocusChanged(Started After:0)
07-29 15:48:58.769 18222 18590 E edll    : 	Suppressed: edmt: 
07-29 15:48:58.769 18222 18590 E edll    : 		at tk_trace.GOOGLEAPP_SEARCH_WEB_CONTAINER_SHOWN(unfinished)(Unknown Source:0)
07-29 15:48:58.769 18222 18590 E edll    : 		at tk_trace.SubscriptionCallbacks.onNewData 0 ms(Unknown Source:0)
07-29 15:48:58.769 18222 18590 E edll    : 		at tk_trace.dypd: CreatePeer 1 ms(Unknown Source:0)
07-29 15:48:58.769 18222 18590 E edll    : 		at tk_trace.SearchFragmentPeerattachWebCoordinator 4 ms(Unknown Source:0)
07-29 15:48:58.769 18222 18590 E edll    : 		at tk_trace.SearchFragmentPeerattachSearchResultsFragment 9 ms(Unknown Source:0)
07-29 15:48:58.769 18222 18590 E edll    : 		at tk_trace.SearchFragmentonCriticalStartupUiIsInteractive 10 ms(Unknown Source:0)
07-29 15:48:58.769 18222 18590 E edll    : 		at tk_trace.CriticalStartupUiInteractivePublisherpublish 16 ms(Unknown Source:0)
07-29 15:48:58.769 18222 18590 E edll    : 		at tk_trace.SuggestStartupInteractiveManagerexecuteOperationsOnceSuggestIsInteractive 16 ms(Unknown Source:0)
07-29 15:48:58.769 18222 18590 E edll    : 		at tk_trace.KeyboardListeneronNextKeyboardShownOrTimeout 0 ms(Unknown Source:0)
07-29 15:48:58.769 18222 18590 E edll    : 		at tk_trace.SearchBoxFragmentPeeronWindowFocusChanged 0 ms(Unknown Source:0)
07-29 15:48:58.769 18222 18590 E edll    : 	Suppressed: edmt: 
07-29 15:48:58.769 18222 18590 E edll    : 		at tk_trace.GOOGLEAPP_SEARCH_WEB_CONTAINER_HIDDEN(unfinished)(Unknown Source:0)
07-29 15:48:58.769 18222 18590 E edll    : 		at tk_trace.SubscriptionCallbacks.onNewData 0 ms(Unknown Source:0)
07-29 15:48:58.769 18222 18590 E edll    : 		at tk_trace.SearchFragmentPeersetSearchResultsFragment 5 ms(Unknown Source:0)
07-29 15:48:58.769 18222 18590 E edll    : 		at tk_trace.SearchFragmentPeerattachSearchResultsFragment 9 ms(Unknown Source:0)
07-29 15:48:58.769 18222 18590 E edll    : 		at tk_trace.SearchFragmentonCriticalStartupUiIsInteractive 10 ms(Unknown Source:0)
07-29 15:48:58.769 18222 18590 E edll    : 		at tk_trace.CriticalStartupUiInteractivePublisherpublish 16 ms(Unknown Source:0)
07-29 15:48:58.769 18222 18590 E edll    : 		at tk_trace.SuggestStartupInteractiveManagerexecuteOperationsOnceSuggestIsInteractive 16 ms(Unknown Source:0)
07-29 15:48:58.769 18222 18590 E edll    : 		at tk_trace.KeyboardListeneronNextKeyboardShownOrTimeout 0 ms(Unknown Source:0)
07-29 15:48:58.769 18222 18590 E edll    : 		at tk_trace.SearchBoxFragmentPeeronWindowFocusChanged 0 ms(Unknown Source:0)
07-29 15:48:58.769 18222 18590 E edll    : 	Suppressed: edmt: 
07-29 15:48:58.769 18222 18590 E edll    : 		at tk_trace.AGSA_APPLICATION_INTERACTIVE_SUCCESS(unfinished)(Unknown Source:0)
07-29 15:48:58.769 18222 18590 E edll    : 		at tk_trace.KeyboardListeneronNextKeyboardShownOrTimeout 0 ms(Unknown Source:0)
07-29 15:48:58.769 18222 18590 E edll    : 		at tk_trace.SearchBoxFragmentPeeronWindowFocusChanged 0 ms(Unknown Source:0)
07-29 15:48:58.771 18222 18591 E edll    : (REDACTED) Trace %s timed out after %d ms. Complete trace: %s
07-29 15:48:58.771 18222 18591 E edll    : edmu: 
07-29 15:48:58.771 18222 18591 E edll    : 	at tk_trace.Write CompleteServerZeroPrefixCache(Started After:3)
07-29 15:48:58.771 18222 18591 E edll    : 	at tk_trace.Update CompleteServerZeroPrefixCache(Started After:3)
07-29 15:48:58.771 18222 18591 E edll    : 	at tk_trace.CompleteServerZeroPrefixCacheImpl#refreshCache(Started After:3)
07-29 15:48:58.771 18222 18591 E edll    : 	at tk_trace.QueryLoader#loadQuery(Started After:0)
07-29 15:48:58.771 18222 18591 E edll    : 	at tk_trace.SearchResultsFragmentPeer#submitSearchQuery(Started After:0)
07-29 15:48:58.771 18222 18591 E edll    : 	at tk_trace.SearchResultsFragmentPeer#onNewTextSearch(Started After:0)
07-29 15:48:58.771 18222 18591 E edll    : 	at tk_trace.Clicked suggestion.(Started After:0)
07-29 15:48:58.771 18222 18591 E edll    : 	Suppressed: edmt: 
07-29 15:48:58.771 18222 18591 E edll    : 		at tk_trace.GOOGLEAPP_SEARCH_NETWORK_REQUEST_SENT(unfinished)(Unknown Source:0)
07-29 15:48:58.771 18222 18591 E edll    : 		at tk_trace.Appflow-GOOGLEAPP_SEARCH_COMMIT_TO_NETWORK-EndEvent 0 ms(Unknown Source:0)
07-29 15:48:58.771 18222 18591 E edll    : 		at tk_trace.QueryLoaderloadQueryInternal 5 ms(Unknown Source:0)
07-29 15:48:58.771 18222 18591 E edll    : 		at tk_trace.QueryLoaderloadQuery 5 ms(Unknown Source:0)
07-29 15:48:58.771 18222 18591 E edll    : 		at tk_trace.SearchResultsFragmentPeersubmitSearchQuery 7 ms(Unknown Source:0)
07-29 15:48:58.771 18222 18591 E edll    : 		at tk_trace.SearchResultsFragmentPeeronNewTextSearch 10 ms(Unknown Source:0)
07-29 15:48:58.771 18222 18591 E edll    : 		at tk_trace.Clicked suggestion. 0 ms(Unknown Source:0)
07-29 15:48:58.771 18222 18591 E edll    : 	Suppressed: edmt: 
07-29 15:48:58.771 18222 18591 E edll    : 		at tk_trace.GOOGLEAPP_SEARCH_TEXT_SEARCH_REQUEST_LOADED(unfinished)(Unknown Source:0)
07-29 15:48:58.771 18222 18591 E edll    : 		at tk_trace.QueryLoaderloadQueryInternal 5 ms(Unknown Source:0)
07-29 15:48:58.771 18222 18591 E edll    : 		at tk_trace.QueryLoaderloadQuery 5 ms(Unknown Source:0)
07-29 15:48:58.771 18222 18591 E edll    : 		at tk_trace.SearchResultsFragmentPeersubmitSearchQuery 7 ms(Unknown Source:0)
07-29 15:48:58.771 18222 18591 E edll    : 		at tk_trace.SearchResultsFragmentPeeronNewTextSearch 10 ms(Unknown Source:0)
07-29 15:48:58.771 18222 18591 E edll    : 		at tk_trace.Clicked suggestion. 0 ms(Unknown Source:0)
07-29 15:48:58.771 18222 18591 E edll    : 	Suppressed: edmt: 
07-29 15:48:58.771 18222 18591 E edll    : 		at tk_trace.GOOGLEAPP_SEARCH_USED_PREFETCH(unfinished)(Unknown Source:0)
07-29 15:48:58.771 18222 18591 E edll    : 		at tk_trace.SearchResultsFragmentPeersubmitSearchQuery 7 ms(Unknown Source:0)
07-29 15:48:58.771 18222 18591 E edll    : 		at tk_trace.SearchResultsFragmentPeeronNewTextSearch 10 ms(Unknown Source:0)
07-29 15:48:58.771 18222 18591 E edll    : 		at tk_trace.Clicked suggestion. 0 ms(Unknown Source:0)
07-29 15:48:58.771 18222 18591 E edll    : 	Suppressed: edmt: 
07-29 15:48:58.771 18222 18591 E edll    : 		at tk_trace.GOOGLEAPP_SEARCH_TEXT_SEARCH_SUBMITTED(unfinished)(Unknown Source:0)
07-29 15:48:58.771 18222 18591 E edll    : 		at tk_trace.Appflow-GOOGLEAPP_SEARCH_COMMIT_TO_NETWORK-StartEvent 0 ms(Unknown Source:0)
07-29 15:48:58.771 18222 18591 E edll    : 		at tk_trace.SearchResultsFragmentPeersubmitSearchQuery 7 ms(Unknown Source:0)
07-29 15:48:58.771 18222 18591 E edll    : 		at tk_trace.SearchResultsFragmentPeeronNewTextSearch 10 ms(Unknown Source:0)
07-29 15:48:58.771 18222 18591 E edll    : 		at tk_trace.Clicked suggestion. 0 ms(Unknown Source:0)
07-29 15:48:58.771 18222 18591 E edll    : 	Suppressed: edmt: 
07-29 15:48:58.771 18222 18591 E edll    : 		at tk_trace.GOOGLEAPP_SEARCH_USER_INITIATED_QUERY(unfinished)(Unknown Source:0)
07-29 15:48:58.771 18222 18591 E edll    : 		at tk_trace.SearchResultsFragmentPeersubmitSearchQuery 7 ms(Unknown Source:0)
07-29 15:48:58.771 18222 18591 E edll    : 		at tk_trace.SearchResultsFragmentPeeronNewTextSearch 10 ms(Unknown Source:0)
07-29 15:48:58.771 18222 18591 E edll    : 		at tk_trace.Clicked suggestion. 0 ms(Unknown Source:0)
07-29 15:48:58.771 18222 18591 E edll    : 	Suppressed: edmt: 
07-29 15:48:58.771 18222 18591 E edll    : 		at tk_trace.SearchFragmentPeerfirstTimeHideSuggestionsFragmentOnSuggestionClick(unfinished)(Unknown Source:0)
07-29 15:48:58.771 18222 18591 E edll    : 		at tk_trace.Clicked suggestion. 0 ms(Unknown Source:0)
07-29 15:48:58.771 18222 18591 E edll    : 	Suppressed: edmt: 
07-29 15:48:58.771 18222 18591 E edll    : 		at tk_trace.FirstSearchSuggestionClickEvent(unfinished)(Unknown Source:0)
07-29 15:48:58.771 18222 18591 E edll    : 		at tk_trace.Clicked suggestion. 0 ms(Unknown Source:0)
07-29 15:48:58.772 18222 18260 E edll    : (REDACTED) Trace %s timed out after %d ms. Complete trace: %s
07-29 15:48:58.772 18222 18260 E edll    : edmu: 
07-29 15:48:58.772 18222 18260 E edll    : 	at tk_trace.GoogleAppActivityMainFragmentPeer#updateNavigationBarGuidelinePositionAndBottomBarProtection(Started After:4)
07-29 15:48:58.772 18222 18260 E edll    : 	at tk_trace.GoogleAppActivityMainFragmentPeer#updateNavigationBarVisibilityWithCurrentTabHighlighted(Started After:4)
07-29 15:48:58.772 18222 18260 E edll    : 	at tk_trace.GoogleAppActivityPeer#attachMainFragment(Started After:0)
07-29 15:48:58.772 18222 18260 E edll    : 	at tk_trace.onAccountReady(Started After:0)
07-29 15:48:58.772 18222 18260 E edll    : 	at tk_trace.onSuccess FuturesMixin(Started After:0)
07-29 15:48:58.772 18222 18260 E edll    : 	at tk_trace.Lifecycle.Started GoogleAppActivity(Started After:0)
07-29 15:48:58.772 18222 18260 E edll    : 	at tk_trace.Intenting into GoogleAppActivity(Started After:0)
07-29 15:48:58.772 18222 18260 E edll    : 	Suppressed: edmt: 
07-29 15:48:58.772 18222 18260 E edll    : 		at tk_trace.AGSA_STARTUP_FLOW_SUCCESS(unfinished)(Unknown Source:0)
07-29 15:48:58.772 18222 18260 E edll    : 		at tk_trace.GoogleAppActivityMainFragmentPeeronFirstDrawDoneCallback 0 ms(Unknown Source:0)
07-29 15:48:58.772 18222 18260 E edll    : 		at tk_trace.GoogleAppActivityMainFragmentPeeronCreateView 6 ms(Unknown Source:0)
07-29 15:48:58.772 18222 18260 E edll    : 		at tk_trace.GoogleAppActivityPeerattachMainFragment 22 ms(Unknown Source:0)
07-29 15:48:58.772 18222 18260 E edll    : 		at tk_trace.onAccountReady 22 ms(Unknown Source:0)
07-29 15:48:58.772 18222 18260 E edll    : 		at tk_trace.onSuccess FuturesMixin 22 ms(Unknown Source:0)
07-29 15:48:58.772 18222 18260 E edll    : 		at tk_trace.Lifecycle.Started GoogleAppActivity 0 ms(Unknown Source:0)
07-29 15:48:58.772 18222 18260 E edll    : 		at tk_trace.Intenting into GoogleAppActivity 0 ms(Unknown Source:0)
07-29 15:48:58.772 18222 18260 E edll    : 	Suppressed: edmt: 
07-29 15:48:58.772 18222 18260 E edll    : 		at tk_trace.GOOGLE_APP_ACTIVITY_ACCOUNT_READY(unfinished)(Unknown Source:0)
07-29 15:48:58.772 18222 18260 E edll    : 		at tk_trace.onSuccess FuturesMixin 22 ms(Unknown Source:0)
07-29 15:48:58.772 18222 18260 E edll    : 		at tk_trace.Lifecycle.Started GoogleAppActivity 0 ms(Unknown Source:0)
07-29 15:48:58.772 18222 18260 E edll    : 		at tk_trace.Intenting into GoogleAppActivity 0 ms(Unknown Source:0)
07-29 15:48:58.772 18222 18260 E edll    : 	Suppressed: edmt: 
07-29 15:48:58.772 18222 18260 E edll    : 		at tk_trace.GOOGLE_APP_ACTIVITY_ACCOUNT_CHANGED(unfinished)(Unknown Source:0)
07-29 15:48:58.772 18222 18260 E edll    : 		at tk_trace.onAccountReady 22 ms(Unknown Source:0)
07-29 15:48:58.772 18222 18260 E edll    : 		at tk_trace.onSuccess FuturesMixin 22 ms(Unknown Source:0)
07-29 15:48:58.772 18222 18260 E edll    : 		at tk_trace.Lifecycle.Started GoogleAppActivity 0 ms(Unknown Source:0)
07-29 15:48:58.772 18222 18260 E edll    : 		at tk_trace.Intenting into GoogleAppActivity 0 ms(Unknown Source:0)
07-29 15:48:58.772 18222 18260 E edll    : 	Suppressed: edmt: 
07-29 15:48:58.772 18222 18260 E edll    : 		at tk_trace.GOOGLE_APP_ACTIVITY_ACCOUNT_LOADING(unfinished)(Unknown Source:0)
07-29 15:48:58.772 18222 18260 E edll    : 		at tk_trace.onAccountLoading 0 ms(Unknown Source:0)
07-29 15:48:58.772 18222 18260 E edll    : 		at tk_trace.Lifecycle.Started GoogleAppActivity 0 ms(Unknown Source:0)
07-29 15:48:58.772 18222 18260 E edll    : 		at tk_trace.Intenting into GoogleAppActivity 0 ms(Unknown Source:0)
07-29 15:48:58.772 18222 18260 E edll    : 	Suppressed: edmt: 
07-29 15:48:58.772 18222 18260 E edll    : 		at tk_trace.INTERMEDIATE_ACTIVITY_START(unfinished)(Unknown Source:0)
07-29 15:48:58.772 18222 18260 E edll    : 		at tk_trace.onStart GoogleAppActivity 0 ms(Unknown Source:0)
07-29 15:48:58.772 18222 18260 E edll    : 		at tk_trace.Intenting into GoogleAppActivity 0 ms(Unknown Source:0)
07-29 15:48:58.772 18222 18260 E edll    : 	Suppressed: edmt: 
07-29 15:48:58.772 18222 18260 E edll    : 		at tk_trace.ACTIVITY_CREATE(unfinished)(Unknown Source:0)
07-29 15:48:58.772 18222 18260 E edll    : 		at tk_trace.GoogleAppActivityPeeronCreate 7 ms(Unknown Source:0)
07-29 15:48:58.772 18222 18260 E edll    : 		at tk_trace.onCreate GoogleAppActivity 8 ms(Unknown Source:0)
07-29 15:48:58.772 18222 18260 E edll    : 		at tk_trace.Intenting into GoogleAppActivity 0 ms(Unknown Source:0)
07-29 15:48:58.772 18222 18260 E edll    : 	Suppressed: edmt: 
07-29 15:48:58.772 18222 18260 E edll    : 		at tk_trace.ACTIVITY_CREATE_APP_STARTED_IN_BACKGROUND(unfinished)(Unknown Source:0)
07-29 15:48:58.772 18222 18260 E edll    : 		at tk_trace.GoogleAppActivityPeeronCreate 7 ms(Unknown Source:0)
07-29 15:48:58.772 18222 18260 E edll    : 		at tk_trace.onCreate GoogleAppActivity 8 ms(Unknown Source:0)
07-29 15:48:58.772 18222 18260 E edll    : 		at tk_trace.Intenting into GoogleAppActivity 0 ms(Unknown Source:0)
07-29 15:48:59.298  1909  1909 E ConversionHelperAidl: Function: parseAndSetVendorParameters Line: 94 Failed 
07-29 15:48:59.298  1909  1909 E ConversionHelperAidl: Function: parseAndSetVendorParameters Line: 94 Failed 
07-29 15:48:59.300  1909  1909 E ConversionHelperAidl: Function: parseAndSetVendorParameters Line: 94 Failed 
07-29 15:48:59.300  1909  1909 E ConversionHelperAidl: Function: parseAndSetVendorParameters Line: 94 Failed 
07-29 15:49:04.034 18271 18522 E msys    : E[N MQTT]readErr(151)=>TCPStreamTransport readErr
07-29 15:49:04.035 18271 18522 E msys    : E[N MQTT]onReadError(657)=>Read Error: AsyncSocketException: recv() failed (peer=57.144.212.144:443), type = Internal error, errno = 103 (Software caused connection abort)
07-29 15:49:04.036 18271 18632 E msys    : E[N mccw.liger]onReadError(732)=>read/error - ex: AsyncSocketException: recv() failed (peer=57.144.122.36:80), type = Internal error, errno = 103 (Software caused connection abort), errno: 103
07-29 15:49:04.072 18271 18521 E msys    : E[N WA]_WCCXMPPStreamDisconnectHandler(318)=>xmpp/disconnect - WCIStreamStateErrorCode: 2, domain: WCIStreamState, subdomain: MCCWLigerStream: Error Domain=WCIStreamState Code=2 UserInfo=0xb400007329578bf0 {MCFErrorDirectUnderlyingErrorKey=0xb4000072ea1d8f50 "Error Domain=MCCWLigerStream Code=2 UserInfo=0xb40000732b326a80 {MCFErrorDirectLocalizedFailureReasonKey=AsyncSocketException: recv() failed (peer=57.144.122.36:80), type = Internal error, errno = 103 (Software caused connection abort)}"}
07-29 15:49:04.072 18271 18521 E msys    : E[N WA]_WCCConnectionDefaultLifecycleEventHandler(1973)=>[INFO] connection/xmpp/lifecycle_event/not-connected, [66.2768s]
07-29 15:49:04.072 18271 18521 E msys    : E[N WA]_WCCXMPPStreamDoDisconnect(1093)=>xmpp/disconnect - flags: 256
07-29 15:49:04.072 18271 18521 E msys    : E[N WA]_WCCConnectionDefaultDisconnectHandler(2071)=>connection/disconnected, peer reset
07-29 15:49:04.072 18271 18521 E msys    : E[N WA]_WCCConnectionDefaultEmitStateChange(2945)=>[INFO] connection/new_state/not-connected [connection_id=484034957, wcc_source=1, wcc_reason=18]
07-29 15:49:04.074 18271 18521 E msys    : E[C 1]MCCLogErrorWithTraceOrQPL(274)=>8/374/3970/65536
07-29 15:49:04.074 18271 18521 E msys    : E[C 1]MCCLogErrorWithTraceOrQPL(274)=>8/374/3972/18
07-29 15:49:04.074 18271 18521 E msys    : E[C mem.context]_LogConnectFailure(4906)=>Establishing connection failure reason and flags: disconnect/Doze/-1/reason/18/flags/65536/[-, -, -, -, -, -, -, -, -, peer_reset, -]
07-29 15:49:04.075 18271 18521 E msys    : E[C mem.context]_LogConnectFailure(4938)=>[Happy Eyeball] Connect failed with source=1, winner stream ip=57.144.122.36, port=80, dnsResolutionMethod=1, combined_ip_addresses=57.144.122.36
07-29 15:49:04.075 18271 18521 E msys    : E[N WA]_WCCConnectionDefaultDisconnectHandler(2096)=>[INFO] connection/disconnected/[did-connect, did-read-bytes]
07-29 15:49:04.076 18271 18522 E msys    : E[N MQTT]onOSNetworkDisconnected(740)=>LigerBasedStreamTransport onOSNetworkDisconnected
07-29 15:49:04.077 18271 18521 E msys    : E[N WA]_WCCConnectionDefaultEmitStateChange(2945)=>[INFO] connection/new_state/connecting [connection_id=484034958, wcc_source=1, wcc_reason=18]
07-29 15:49:04.087 18271 18521 E msys    : E[N WA]_WCCConnectionDefaultDoConnectWithAuthKeys(1441)=>[INFO] connection/connect/start/[host=z-p42-chat-e2ee-ig.facebook.com port=5222]/[57.144.212.36:5222]
07-29 15:49:04.088 18271 18521 E msys    : E[N WA]_WCCConnectionDefaultLifecycleEventHandler(1965)=>[INFO] connection/xmpp/lifecycle_event/will-connect
07-29 15:49:04.269  1854  1926 E BatteryDump: !@new_battery_dump : 3953,1660,1600,4189,50,337,338,383,337,0,349,383,0,Charging,NO_CHARGING,Normal,Good,USB,1,Normal,0,0,9127,0x8000,0x10010000,0x0,0,0,234,v0002,0000,0000,00000000,0,0,0,0,83,3871,5093,1000,0,
07-29 15:49:09.332  1909  1909 E ConversionHelperAidl: Function: parseAndSetVendorParameters Line: 94 Failed 
07-29 15:49:09.333  1909  1909 E ConversionHelperAidl: Function: parseAndSetVendorParameters Line: 94 Failed 
07-29 15:49:09.334  1909 26629 E ConversionHelperAidl: Function: parseAndSetVendorParameters Line: 94 Failed 
07-29 15:49:09.334  1909 26629 E ConversionHelperAidl: Function: parseAndSetVendorParameters Line: 94 Failed 
07-29 15:49:11.035  4535  4535 E KeyguardUpdateMonitorLog: Cancellation signal is not null, high chance of bug in face auth lifecycle management. Face state: 0, unlockPossible: true
07-29 15:49:11.052  1847  1919 E PERFHAL-REQUEST: PERFHAL-REQUEST: Process() 384: Translate to physical failed
07-29 15:49:11.052  2548  3051 E SmcInvoke_MinkDescriptor: mem obj with id :20 not found in list
07-29 15:49:11.071  1747  1816 E minksocket: MinkIPC ERROR: ( 1747:1816 ) MinkIPC_preProcess:272 Client down, but cannot find corresponding minksession
07-29 15:49:11.071  1747  1816 E minksocket: MinkIPC ERROR: ( 1747:1816 ) MinkIPC_preProcess:272 Client down, but cannot find corresponding minksession
07-29 15:49:11.071  1747  1812 E minksocket: MinkIPC ERROR: ( 1747:1812 ) MinkIPC_preProcess:272 Client down, but cannot find corresponding minksession
07-29 15:49:11.071  1747  1812 E minksocket: MinkIPC ERROR: ( 1747:1812 ) MinkIPC_preProcess:272 Client down, but cannot find corresponding minksession
07-29 15:49:11.074  2369  2369 E PocketModeEvent: ACTION_SCREEN_ON(by 1)
07-29 15:49:11.074  1747  1812 E minksocket: MinkIPC ERROR: ( 1747:1812 ) MinkIPC_preProcess:272 Client down, but cannot find corresponding minksession
07-29 15:49:11.074  1747  1816 E minksocket: MinkIPC ERROR: ( 1747:1816 ) MinkIPC_preProcess:272 Client down, but cannot find corresponding minksession
07-29 15:49:11.074  1747  1812 E minksocket: MinkIPC ERROR: ( 1747:1812 ) MinkIPC_preProcess:272 Client down, but cannot find corresponding minksession
07-29 15:49:11.074  1747  1816 E minksocket: MinkIPC ERROR: ( 1747:1816 ) MinkIPC_preProcess:272 Client down, but cannot find corresponding minksession
07-29 15:49:11.078  1778  1778 E sensors-hal: flush:384, invalid flush request, active=0, oneshot=0
07-29 15:49:11.079  1782  8219 E sec_fr_NativeFaceService: wait callback state(1)
07-29 15:49:11.079  1747  1812 E minksocket: MinkIPC ERROR: ( 1747:1812 ) MinkIPC_preProcess:272 Client down, but cannot find corresponding minksession
07-29 15:49:11.079  1747  1816 E minksocket: MinkIPC ERROR: ( 1747:1816 ) MinkIPC_preProcess:272 Client down, but cannot find corresponding minksession
07-29 15:49:11.080  1747  1816 E minksocket: MinkIPC ERROR: ( 1747:1816 ) MinkIPC_preProcess:272 Client down, but cannot find corresponding minksession
07-29 15:49:11.080  1747  1812 E minksocket: MinkIPC ERROR: ( 1747:1812 ) MinkIPC_preProcess:272 Client down, but cannot find corresponding minksession
07-29 15:49:11.081  1747  1812 E minksocket: MinkIPC ERROR: ( 1747:1812 ) MinkIPC_preProcess:272 Client down, but cannot find corresponding minksession
07-29 15:49:11.081  1747  1816 E minksocket: MinkIPC ERROR: ( 1747:1816 ) MinkIPC_preProcess:272 Client down, but cannot find corresponding minksession
07-29 15:49:11.081  2369  5555 E AppOps  : package client.pid<1782> not found, can't check for attributionTag null
07-29 15:49:11.081  2369  5555 E AppOps  : Bad call made by uid 1047. Package "client.pid<1782>" does not belong to uid 1000.
07-29 15:49:11.081  1747  1816 E minksocket: MinkIPC ERROR: ( 1747:1816 ) MinkIPC_preProcess:272 Client down, but cannot find corresponding minksession
07-29 15:49:11.081  1747  1812 E minksocket: MinkIPC ERROR: ( 1747:1812 ) MinkIPC_preProcess:272 Client down, but cannot find corresponding minksession
07-29 15:49:11.082  2369  5555 E AppOps  : Cannot checkOperation: non-application UID 1000
07-29 15:49:11.084  2369  4309 E PocketMotionManager: register activity tracker
07-29 15:49:11.089  2369  4082 E CameraService_worker: Recent tasks don't include camera client package name: client.pid<1782>
07-29 15:49:11.090  4535  4535 E ThemeUtils: View class com.airbnb.lottie.LottieAnimationView is an AppCompat widget that can only be used with a Theme.AppCompat theme (or descendant).
07-29 15:49:11.093  1778  4496 E libprotobuf-native: [libprotobuf ERROR external/protobuf/src/google/protobuf/message_lite.cc:133] Can't parse message of type "sns_std_sensor_event" because it is missing required fields: (cannot determine missing fields for lite message)
07-29 15:49:11.093  1853 25523 E ChiX    : [ERROR][CORE   ] chxextensionmodule.cpp:18736 InitializeSensorSession() Skip SensorInit on CAM_FRONT_SECURE(logicalCameraId:3)
07-29 15:49:11.098  2279  2279 E Camera2-FrameProcessorBase: FrameProcessorBase: created
07-29 15:49:11.098  2279  2279 E Camera2-FrameProcessorBase: registerListener: Registering listener for frame id range 0 - 2147483647
07-29 15:49:11.098  2369  4309 E PocketModeEvent: MSG_TYPE_START_SENSING
07-29 15:49:11.102  1909 26629 E ConversionHelperAidl: Function: parseAndSetVendorParameters Line: 94 Failed 
07-29 15:49:11.102  1909 26629 E ConversionHelperAidl: Function: parseAndSetVendorParameters Line: 94 Failed 
07-29 15:49:11.103  4535  4535 E NowBarCardStackView: getTopCard topCard is null view size = 0
07-29 15:49:11.104 27713 27713 E VSET/CameraStateManagerImpl: isCameraFacingFront : failed to get camera characteristics Attempt to invoke virtual method 'java.lang.Object android.hardware.camera2.CameraCharacteristics.get(android.hardware.camera2.CameraCharacteristics$Key)' on a null object reference
07-29 15:49:11.106  2279  2656 E CameraService: applyExtraRequestsToRequestInjector
07-29 15:49:11.109  1937  1937 E Scheduler: trackPendingFrame: Invalid present fence
07-29 15:49:11.116  1853 25523 E CamX    : [ERROR][CHI    ] camxchicontext.cpp:5608 SetPipelineDescriptorOptions() [FmtNego] SecurePreview: Node 65538_0 Output Port::[8] Can't convert buffer format 4
07-29 15:49:11.118  1853  3662 E CamX    : [ERROR][SENSOR ] camxsensornode.cpp:1770 SensorThreadJobCallback() Sensor[5][SecurePreview_Sensor0_cam5] currConfigStatus:1
07-29 15:49:11.118  1853  3662 E CamX    : [ERROR][SENSOR ] camxsensor.cpp:10077 AcquireDevice() Sensor[5][SecurePreview_Sensor0_cam5] hCSL:0xee0200 hDev:0xd20101 devIdx:35 isAcquired:0 pipelineRefCount:0
07-29 15:49:11.118  4535  4535 E NowBarCardViewModel: updateExpandedClickPanelVisibility screen on = true expanded falseisTopCardSettingViewOpened = false
07-29 15:49:11.119  6488  6615 E BtGatt.GattService: [GSIM LOG]: gsimLogHandler, msg: MESSAGE_SCAN_START, appName: com.google.android.gms, scannerId: 1, reportDelayMillis=0
07-29 15:49:11.120  1853 30604 E SS_3A   : ERROR:  AF: AIAf_init: 134: [AIAF] version = 0xA00C
07-29 15:49:11.120  1853 30607 E SS_3A   : ERROR:  AF: AIAf_setModel: 102: [AIAF] prod id 2
07-29 15:49:11.120  1853 30607 E snap_api::snpe: Power save is mapped for model : aiAutoFocus_v1.0.24U.dlc with SNPE_PERF_MODE : SNPE_PERFORMANCE_PROFILE_LOW_POWER_SAVER (level : 6)
07-29 15:49:11.120  1853 30607 E snap_api::snpe: Failed to read property ro.hardware.chipname
07-29 15:49:11.126  1853 30611 E CamX    : [ERROR][CORE   ] camxnodecore.h:4996 IsVSREnabled() SecurePreview_OFE0_cam5 Failed to read VSR enable metaTag
07-29 15:49:11.126  1853 25523 E CamX    : [ERROR][CHI    ] camxchicontext.cpp:5608 SetPipelineDescriptorOptions() [FmtNego] SecurePreview: Node 65538_0 Output Port::[8] Can't convert buffer format 4
07-29 15:49:11.127 22806 22827 E AbsSettings: refreshInner: refreshedSettingsDBItem key profile_id val = 0
07-29 15:49:11.127 22806 22827 E AbsSettings: refreshInner: refreshedSettingsDBItem key SELECTED_PALETTE_INDEX val = 10
07-29 15:49:11.127 22806 22827 E AbsSettings: refreshInner: refreshedSettingsDBItem key SELECTED_CUSTOM_COLOR val = -2069310209
07-29 15:49:11.127 22806 22827 E AbsSettings: refreshInner: refreshedSettingsDBItem key lock_theme_clock_package val = 
07-29 15:49:11.127 22806 22827 E AbsSettings: refreshInner: refreshedSettingsDBItem key lock_theme_clock_trial_package val = null
07-29 15:49:11.127 22806 22827 E AbsSettings: refreshInner: refreshedSettingsDBItem key lock_theme_clock_restore_pending_package val = 
07-29 15:49:11.127 22806 22827 E AbsSettings: refreshInner: refreshedSettingsDBItem key CLOCK_VERSION val = 17
07-29 15:49:11.127 22806 22827 E AbsSettings: refreshInner: refreshedSettingsDBItem key PALETTE_VERSION val = 400000
07-29 15:49:11.127 22806 22827 E AbsSettings: refreshInner: refreshedSettingsDBItem key lock_clock_scale_rate val = 0.57636523
07-29 15:49:11.128 22806 22827 E AbsSettings: refreshInner: refreshedSettingsDBItem key lock_clock_font_type val = 0
07-29 15:49:11.128 22806 22827 E AbsSettings: refreshInner: refreshedSettingsDBItem key lock_clock_font_path val = 
07-29 15:49:11.128 22806 22827 E AbsSettings: refreshInner: refreshedSettingsDBItem key lock_clock_font_variation_settings val = 'wght' 700, 'RNDN' 20
07-29 15:49:11.128 22806 22827 E AbsSettings: refreshInner: refreshedSettingsDBItem key lock_clock_visibility val = 0
07-29 15:49:11.128 22806 22827 E AbsSettings: refreshInner: refreshedSettingsDBItem key profile_id val = 0
07-29 15:49:11.128 22806 22827 E AbsSettings: refreshInner: refreshedSettingsDBItem key clock_gravity val = 0
07-29 15:49:11.128 22806 22827 E AbsSettings: refreshInner: refreshedSettingsDBItem key clock_bottom_margin_ratio val = 0.796463
07-29 15:49:11.128 22806 22827 E AbsSettings: refreshInner: refreshedSettingsDBItem key clock_horizontal_margin_ratio val = 0.0
07-29 15:49:11.128 22806 22827 E AbsSettings: refreshInner: refreshedSettingsDBItem key clock_position_based_on_movable_area val = 1
07-29 15:49:11.128 22806 22827 E AbsSettings: refreshInner: refreshedSettingsDBItem key clock_movable_area_ratio_rect val = {"bottom":0.95726496,"left":0.024074074,"right":0.975,"top":0.06709402}
07-29 15:49:11.128 22806 22827 E AbsSettings: refreshInner: refreshedSettingsDBItem key clock_show_weather_info val = 0
07-29 15:49:11.128 22806 22827 E AbsSettings: refreshInner: refreshedSettingsDBItem key lock_clock_show_date_info_first val = 0
07-29 15:49:11.128 22806 22827 E AbsSettings: refreshInner: refreshedSettingsDBItem key lock_world_clock_city_list val = 
07-29 15:49:11.128 22806 22827 E AbsSettings: refreshInner: refreshedSettingsDBItem key lock_clock_color_data val = {"adaptiveColor":-272129,"fontColorType":0,"isAdaptiveColor":false,"isThemeWallpaper":false,"shadowStyle":{"shadowColor":0,"shadowDx":0.0,"shadowDy":0.0,"shadowRadius":0.0}}
07-29 15:49:11.128 22806 22827 E AbsSettings: refreshInner: refreshedSettingsDBItem key lock_shortcut_color_data val = {"fontColorType":0}
07-29 15:49:11.128 22806 22827 E AbsSettings: refreshInner: refreshedSettingsDBItem key lock_widget_color_data val = {"backgroundColor":-10720171}
07-29 15:49:11.128 22806 22827 E AbsSettings: refreshInner: refreshedSettingsDBItem key SELECTED_CLOCK_TYPE val = 60004
07-29 15:49:11.128 22806 22827 E AbsSettings: refreshInner: refreshedSettingsDBItem key all_complication_widgets_list val = com.android.settings.intelligence/com.samsung.android.settings.intelligence.widget.GlanceListWidgetReceiver-com.android.settings.intelligence/com.samsung.android.settings.intelligence.widget.GridTypeBatteryWidget-com.android.settings.intelligence/com.samsung.android.settings.intelligence.widget.GridTypeBatteryWidget-com.android.settings.intelligence/com.samsung.android.settings.intelligence.widget.GlanceCircleWidgetReceiver-com.samsung.android.app.interpreter/com.samsung.android.app.interpreter.interpretation.receiver.InterpretationAppWidgetConversationLockScreenProvider-com.samsung.android.app.interpreter/com.samsung.android.app.interpreter.interpretation.receiver.InterpretationAppWidgetConversationLockScreenProvider-com.samsung.android.app.interpreter/com.samsung.android.app.interpreter.interpretation.receiver.InterpretationAppWidgetListeningLockScreenProvider-com.samsung.android.app.interpreter/com.samsung.android.app.interpreter.interpretation.receiver.InterpretationAppWidgetListeningLockScreenProvider-com.samsung.android.app.interpreter/com.samsung.android.app.interpreter.interpretation.receiver.InterpretationAppWidgetProvider-com.samsung.android.app.interpreter/com.samsung.android.app.interpreter.interpretation.receiver.InterpretationAppWidgetProvider-com.samsung.android.forest/com.samsung.android.forest.widget.DwGlanceWidgetScreenTimeProvider-com.samsung.android.app.routines/com.samsung.android.app.routines.domainmodel.widget.lockscreenbriefwidget.LockScreenSingleRoutineWidgetProvider-com.samsung.android.app.routines/com.samsung.android.app.routines.domainmodel.widget.lockscreenbriefwidget.LockScreenSingleRoutineWidgetProvider-com.samsung.android.forest/com.samsung.android.forest.widget.DwGlanceWidgetAppTimerProvider-com.samsung.android.forest/com.samsung.android.forest.widget.DwWidgetScreenTimeProvider-com.samsung.android.lool/com.samsung.android.sm.widgetapp.SMGlanceWidgetProvider-com.samsung.android.lool/com.samsung.android.sm.widgetapp.SMGlanceWidgetProvider-com.samsung.android.widget.pictureframe/com.samsung.android.widget.pictureframe.ComplicationWidgetProviderSmall-com.samsung.android.forest/com.samsung.android.forest.widget.DwWidgetAppTimerProvider-com.sec.android.app.camera/com.sec.android.app.camera.setting.launcherwidget.CameraWidget-com.sec.android.app.camera/com.sec.android.app.camera.setting.launcherwidget.CameraWidget-com.sec.android.daemonapp/com.sec.android.daemonapp.complication.receiver.ComplicationSunriseSunsetReceiver-com.sec.android.daemonapp/com.sec.android.daemonapp.complication.receiver.ComplicationFineDustReceiver-com.sec.android.daemonapp/com.sec.android.daemonapp.complication.receiver.ComplicationAirQualityReceiver-com.sec.android.daemonapp/com.sec.android.daemonapp.complication.receiver.ComplicationUVReceiver-com.sec.android.daemonapp/com.sec.android.daemonapp.complication.receiver.ComplicationPrecipitationReceiver-com.sec.android.daemonapp/com.sec.android.daemonapp.complication.receiver.ComplicationMoonReceiver-com.sec.android.daemonapp/com.sec.android.daemonapp.complication.receiver.ComplicationSimpleWeatherReceiver-com.sec.android.daemonapp/com.sec.android.daemonapp.complication.receiver.ComplicationWeatherDetailReceiver-com.samsung.android.calendar/com.samsung.android.app.calendar.widget.receiver.BigTodayComplicationWidgetReceiver-com.samsung.android.calendar/com.samsung.android.app.calendar.widget.receiver.SmallTodayComplicationWidgetReceiver-com.samsung.android.calendar/com.android.calendar.widget.complication.BigComplicationWidgetReceiver-com.sec.android.app.clockpackage/com.sec.android.app.clockpackage.alarmwidget.AlarmGlanceWidgetReceiver-com.samsung.android.calendar/com.samsung.android.app.calendar.widget.receiver.SmallCountdownComplicationWidgetReceiver-com.sec.android.app.clockpackage/com.sec.android.app.clockpackage.WorldClockGlanceWidgetReceiver-com.samsung.android.app.reminder/com.samsung.android.app.reminder.remote.widget
07-29 15:49:11.128 22806 22827 E AbsSettings: .complication.SmallComplicationWidgetReceiver-com.samsung.android.app.reminder/com.samsung.android.app.reminder.remote.widget.complication.BigComplicationWidgetReceiver-com.samsung.android.calendar/com.samsung.android.app.calendar.widget.receiver.BigCountdownComplicationWidgetReceiver-com.samsung.android.calendar/com.android.calendar.widget.complication.SmallComplicationWidgetReceiver-com.sec.android.app.shealth/com.samsung.android.app.shealth.tracker.dailyactivity.widget.DaWidgetReceiver-com.sec.android.app.shealth/com.samsung.android.app.shealth.tracker.dailyactivity.widget.DaWidgetReceiver-com.sec.android.app.voicenote/com.sec.android.app.voicenote.ui.remote.VoiceRecorderBriefWidgetReceiver-com.sec.android.app.voicenote/com.sec.android.app.voicenote.ui.remote.VoiceRecorderBriefWidgetReceiver
07-29 15:49:11.128 22806 22827 E AbsSettings: refreshInner: refreshedSettingsDBItem key enabled_complication_widgets_id_list val = 
07-29 15:49:11.128 22806 22827 E AbsSettings: refreshInner: refreshedSettingsDBItem key all_profiles_enabled_widget_id_list val = []
07-29 15:49:11.129 22806 22827 E AbsSettings: refreshInner: refreshedSettingsDBItem key clock_horizontal_margin_ratio val = 0.0
07-29 15:49:11.129 22806 22827 E AbsSettings: refreshInner: refreshedSettingsDBItem key clock_bottom_margin_ratio val = 0.796463
07-29 15:49:11.129 22806 22827 E AbsSettings: refreshInner: refreshedSettingsDBItem key clock_movable_area_ratio_rect val = {"bottom":0.95726496,"left":0.024074074,"right":0.975,"top":0.06709402}
07-29 15:49:11.129 22806 22827 E AbsSettings: refreshInner: refreshedSettingsDBItem key clock_gravity val = 0
07-29 15:49:11.132 22806 22827 E AbsSettings: refreshInner: refreshedSettingsDBItem key profile_id val = 0
07-29 15:49:11.132  4898  5152 E SecImsServiceConnector: connect to local SecImsService #1 attempt
07-29 15:49:11.132 22806 22827 E AbsSettings: refreshInner: refreshedSettingsDBItem key all_complication_widgets_list val = com.android.settings.intelligence/com.samsung.android.settings.intelligence.widget.GlanceListWidgetReceiver-com.android.settings.intelligence/com.samsung.android.settings.intelligence.widget.GridTypeBatteryWidget-com.android.settings.intelligence/com.samsung.android.settings.intelligence.widget.GridTypeBatteryWidget-com.android.settings.intelligence/com.samsung.android.settings.intelligence.widget.GlanceCircleWidgetReceiver-com.samsung.android.app.interpreter/com.samsung.android.app.interpreter.interpretation.receiver.InterpretationAppWidgetConversationLockScreenProvider-com.samsung.android.app.interpreter/com.samsung.android.app.interpreter.interpretation.receiver.InterpretationAppWidgetConversationLockScreenProvider-com.samsung.android.app.interpreter/com.samsung.android.app.interpreter.interpretation.receiver.InterpretationAppWidgetListeningLockScreenProvider-com.samsung.android.app.interpreter/com.samsung.android.app.interpreter.interpretation.receiver.InterpretationAppWidgetListeningLockScreenProvider-com.samsung.android.app.interpreter/com.samsung.android.app.interpreter.interpretation.receiver.InterpretationAppWidgetProvider-com.samsung.android.app.interpreter/com.samsung.android.app.interpreter.interpretation.receiver.InterpretationAppWidgetProvider-com.samsung.android.forest/com.samsung.android.forest.widget.DwGlanceWidgetScreenTimeProvider-com.samsung.android.app.routines/com.samsung.android.app.routines.domainmodel.widget.lockscreenbriefwidget.LockScreenSingleRoutineWidgetProvider-com.samsung.android.app.routines/com.samsung.android.app.routines.domainmodel.widget.lockscreenbriefwidget.LockScreenSingleRoutineWidgetProvider-com.samsung.android.forest/com.samsung.android.forest.widget.DwGlanceWidgetAppTimerProvider-com.samsung.android.forest/com.samsung.android.forest.widget.DwWidgetScreenTimeProvider-com.samsung.android.lool/com.samsung.android.sm.widgetapp.SMGlanceWidgetProvider-com.samsung.android.lool/com.samsung.android.sm.widgetapp.SMGlanceWidgetProvider-com.samsung.android.widget.pictureframe/com.samsung.android.widget.pictureframe.ComplicationWidgetProviderSmall-com.samsung.android.forest/com.samsung.android.forest.widget.DwWidgetAppTimerProvider-com.sec.android.app.camera/com.sec.android.app.camera.setting.launcherwidget.CameraWidget-com.sec.android.app.camera/com.sec.android.app.camera.setting.launcherwidget.CameraWidget-com.sec.android.daemonapp/com.sec.android.daemonapp.complication.receiver.ComplicationSunriseSunsetReceiver-com.sec.android.daemonapp/com.sec.android.daemonapp.complication.receiver.ComplicationFineDustReceiver-com.sec.android.daemonapp/com.sec.android.daemonapp.complication.receiver.ComplicationAirQualityReceiver-com.sec.android.daemonapp/com.sec.android.daemonapp.complication.receiver.ComplicationUVReceiver-com.sec.android.daemonapp/com.sec.android.daemonapp.complication.receiver.ComplicationPrecipitationReceiver-com.sec.android.daemonapp/com.sec.android.daemonapp.complication.receiver.ComplicationMoonReceiver-com.sec.android.daemonapp/com.sec.android.daemonapp.complication.receiver.ComplicationSimpleWeatherReceiver-com.sec.android.daemonapp/com.sec.android.daemonapp.complication.receiver.ComplicationWeatherDetailReceiver-com.samsung.android.calendar/com.samsung.android.app.calendar.widget.receiver.BigTodayComplicationWidgetReceiver-com.samsung.android.calendar/com.samsung.android.app.calendar.widget.receiver.SmallTodayComplicationWidgetReceiver-com.samsung.android.calendar/com.android.calendar.widget.complication.BigComplicationWidgetReceiver-com.sec.android.app.clockpackage/com.sec.android.app.clockpackage.alarmwidget.AlarmGlanceWidgetReceiver-com.samsung.android.calendar/com.samsung.android.app.calendar.widget.receiver.SmallCountdownComplicationWidgetReceiver-com.sec.android.app.clockpackage/com.sec.android.app.clockpackage.WorldClockGlanceWidgetReceiver-com.samsung.android.app.reminder/com.samsung.android.app.reminder.remote.widget
07-29 15:49:11.132 22806 22827 E AbsSettings: .complication.SmallComplicationWidgetReceiver-com.samsung.android.app.reminder/com.samsung.android.app.reminder.remote.widget.complication.BigComplicationWidgetReceiver-com.samsung.android.calendar/com.samsung.android.app.calendar.widget.receiver.BigCountdownComplicationWidgetReceiver-com.samsung.android.calendar/com.android.calendar.widget.complication.SmallComplicationWidgetReceiver-com.sec.android.app.shealth/com.samsung.android.app.shealth.tracker.dailyactivity.widget.DaWidgetReceiver-com.sec.android.app.shealth/com.samsung.android.app.shealth.tracker.dailyactivity.widget.DaWidgetReceiver-com.sec.android.app.voicenote/com.sec.android.app.voicenote.ui.remote.VoiceRecorderBriefWidgetReceiver-com.sec.android.app.voicenote/com.sec.android.app.voicenote.ui.remote.VoiceRecorderBriefWidgetReceiver
07-29 15:49:11.132 22806 22827 E AbsSettings: refreshInner: refreshedSettingsDBItem key enabled_complication_widgets_id_list val = 
07-29 15:49:11.132 22806 22827 E AbsSettings: refreshInner: refreshedSettingsDBItem key all_profiles_enabled_widget_id_list val = []
07-29 15:49:11.134 22806 22827 E AbsSettings: refreshInner: refreshedSettingsDBItem key profile_id val = 0
07-29 15:49:11.136 22806 22827 E AbsSettings: refreshInner: refreshedSettingsDBItem key profile_id val = 0
07-29 15:49:11.136  1853 30612 E AF_DEBUG: AfLib_BootingInit(724) : [cam_id_4] AF_Lib Version = 0x7007 Chip Type = 1 (0:LSI, 1:QC) 
07-29 15:49:11.136  1853 30612 E AF_DEBUG: LinkAfCalData(187) : af_cal = ref_table_arr[0]->af_cal_data max_arr= 5
07-29 15:49:11.136  1853 30612 E AF_DEBUG: SetAfModuleInfo(529) : [cam_id_4] Module = S12XLRD00NM, ModuleInfo = PA123_FRONT, ModuleType = 31, phaseType = 1
07-29 15:49:11.136  1853 30612 E AF_DEBUG: PrintAfCalData(606) : [cam_id_4] 12bit | af cal data far: 2003, mid2: -1, mid1: -1, near: 2743, max: 4088, add_80: -1, plus_offset: 65535, minus_offset: 65535 zoom_rate(x1000) 1000
07-29 15:49:11.136  1853 30612 E AF_DEBUG: AfLib_BootingInit(743) : [cam_id_4][factory_af_booting_init]  factory_af_flag = 0
07-29 15:49:11.136  1853 30612 E SS_3A   : ERROR:  AF: TsAf_Range_check_connect: 3853: [TsAf_Range] Rear Camera is not activated. Sensor Id : 1
07-29 15:49:11.136  1853 30612 E AF_DEBUG: AfLib_AlgorithmInit(1044) : [cam_id_4] paf_cal_data_info = 20240527 paf_cal_errcheck 0x00000000 vpd_cal 0 vpd_cal_data_info = 0 vpaf_cal_errcheck 0x00000000 
07-29 15:49:11.136  1853 30612 E AF_DEBUG: AfInit(5681) : [cam_id_4] Version(0x7007). mode(0). lens(2003). sensor(4000 x 3000). touch(0 x 0 ). pafstatvalid(0)
07-29 15:49:11.136  1853 30612 E AF_DEBUG: UpdateAfStatus(68) : [cam_id_4] AF status 0x0 -> 0x20, called from : AfInit(5719)  
07-29 15:49:11.140 22806 22827 E AbsSettings: refreshInner: refreshedSettingsDBItem key profile_id val = 0
07-29 15:49:11.141  1853 30612 E CamX    : [ERROR][STATS_AEC] camxcaecstatsprocessor.cpp:7084 GetCropWindow() Wrong input: HALCropWindow left(0),top(0) width,height = 0x0
07-29 15:49:11.142  2548  3050 E SmcInvoke_MinkDescriptor: mem obj with id :20 not found in list
07-29 15:49:11.144  1778  4496 E libprotobuf-native: [libprotobuf ERROR external/protobuf/src/google/protobuf/message_lite.cc:133] Can't parse message of type "sns_std_sensor_event" because it is missing required fields: (cannot determine missing fields for lite message)
07-29 15:49:11.145 22806 22827 E AbsSettings: refreshInner: refreshedSettingsDBItem key profile_id val = 0
07-29 15:49:11.151 22806 22827 E AbsSettings: refreshInner: refreshedSettingsDBItem key profile_id val = 0
07-29 15:49:11.152  1853 30615 E SensorListener: ERR(initSensor[968]):failed to open hrm alc sensor's name
07-29 15:49:11.153 22806 22827 E AbsSettings: refreshInner: refreshedSettingsDBItem key profile_id val = 0
07-29 15:49:11.153  1782 30580 E sec_fr_FaceCameraClient: [0] state is not matched (256)(132)
07-29 15:49:11.154  1747  1812 E minksocket: MinkIPC ERROR: ( 1747:1812 ) MinkIPC_preProcess:272 Client down, but cannot find corresponding minksession
07-29 15:49:11.154  1747  1816 E minksocket: MinkIPC ERROR: ( 1747:1816 ) MinkIPC_preProcess:272 Client down, but cannot find corresponding minksession
07-29 15:49:11.155  1747  1816 E minksocket: MinkIPC ERROR: ( 1747:1816 ) MinkIPC_preProcess:272 Client down, but cannot find corresponding minksession
07-29 15:49:11.155  1747  1812 E minksocket: MinkIPC ERROR: ( 1747:1812 ) MinkIPC_preProcess:272 Client down, but cannot find corresponding minksession
07-29 15:49:11.156  1747  1816 E minksocket: MinkIPC ERROR: ( 1747:1816 ) MinkIPC_preProcess:272 Client down, but cannot find corresponding minksession
07-29 15:49:11.156  1747  1812 E minksocket: MinkIPC ERROR: ( 1747:1812 ) MinkIPC_preProcess:272 Client down, but cannot find corresponding minksession
07-29 15:49:11.156  1747  1816 E minksocket: MinkIPC ERROR: ( 1747:1816 ) MinkIPC_preProcess:272 Client down, but cannot find corresponding minksession
07-29 15:49:11.156  1747  1812 E minksocket: MinkIPC ERROR: ( 1747:1812 ) MinkIPC_preProcess:272 Client down, but cannot find corresponding minksession
07-29 15:49:11.158 22806 22827 E AbsSettings: refreshInner: refreshedSettingsDBItem key profile_id val = 0
07-29 15:49:11.161  1422  1600 E LoadedApk: Exception : java.lang.NullPointerException: Attempt to invoke virtual method 'boolean android.os.Looper.isPerfLogEnable()' on a null object reference
07-29 15:49:11.161  1747  1812 E minksocket: MinkIPC ERROR: ( 1747:1812 ) MinkIPC_preProcess:272 Client down, but cannot find corresponding minksession
07-29 15:49:11.161  1747  1816 E minksocket: MinkIPC ERROR: ( 1747:1816 ) MinkIPC_preProcess:272 Client down, but cannot find corresponding minksession
07-29 15:49:11.161 22806 22827 E AbsSettings: refreshInner: refreshedSettingsDBItem key profile_id val = 0
07-29 15:49:11.162  1747  1816 E minksocket: MinkIPC ERROR: ( 1747:1816 ) MinkIPC_preProcess:272 Client down, but cannot find corresponding minksession
