07-29 15:48:06.480  8426  8426 E SENL$CPLog$SO$ConfigurationModel: getDisplayType# exception
07-29 15:48:06.480  8426  8426 E SENL$CPLog$SO$ConfigurationModel: getDisplayType# exception
07-29 15:48:06.481  4535  4535 E MODManager: hideSubUIChargingInfo skip because mAODChargingInfoSubUiPresenter is null
07-29 15:48:06.481  4535  4535 E AOD_CONFIG@AODConfigurationController: Skipping initialize MONITOR_FOLD_STATE - no registered monitor
07-29 15:48:06.481  8426  8426 E SENL$CPLog$SO$PenInfoModel: initPenPositionType# /sys/class/sec/sec_epen/input/device/of_node/wacom,spen_garage_pos: open failed: ENOENT (No such file or directory)
07-29 15:48:06.481  8426  8426 E ThemeUtils: View class com.airbnb.lottie.LottieAnimationView is an AppCompat widget that can only be used with a Theme.AppCompat theme (or descendant).
07-29 15:48:06.481  8426  8426 E ThemeUtils: View class com.airbnb.lottie.LottieAnimationView is an AppCompat widget that can only be used with a Theme.AppCompat theme (or descendant).
07-29 15:48:06.505  4535  4535 E SystemUITextView: set Background Drawable!!
07-29 15:48:06.553  4535  4535 E NowBarCardStackView: getTopCard topCard is null view size = 0
07-29 15:48:06.553  4535  4535 E NowBarCardStackView: getTopCard topCard is null view size = 0
07-29 15:48:06.553  4535  4535 E NowBarCardViewModel: updateExpandedClickPanelVisibility screen on = false expanded falseisTopCardSettingViewOpened = false
07-29 15:48:06.560  1778  4496 E libprotobuf-native: [libprotobuf ERROR external/protobuf/src/google/protobuf/message_lite.cc:133] Can't parse message of type "sns_std_sensor_event" because it is missing required fields: (cannot determine missing fields for lite message)
07-29 15:48:06.643  1782 29844 E SmcInvoke_MinkDescriptor: mem obj with id :11 not found in list
07-29 15:48:06.728  4535  4535 E KeyguardUpdateMonitorLog: Cancellation signal is not null, high chance of bug in face auth lifecycle management. Face state: 0, unlockPossible: true
07-29 15:48:06.734  1847  1919 E PERFHAL-REQUEST: PERFHAL-REQUEST: Process() 384: Translate to physical failed
07-29 15:48:06.741  1747  1816 E minksocket: MinkIPC ERROR: ( 1747:1816 ) MinkIPC_preProcess:272 Client down, but cannot find corresponding minksession
07-29 15:48:06.741  1747  1812 E minksocket: MinkIPC ERROR: ( 1747:1812 ) MinkIPC_preProcess:272 Client down, but cannot find corresponding minksession
07-29 15:48:06.741  1747  1812 E minksocket: MinkIPC ERROR: ( 1747:1812 ) MinkIPC_preProcess:272 Client down, but cannot find corresponding minksession
07-29 15:48:06.741  1747  1816 E minksocket: MinkIPC ERROR: ( 1747:1816 ) MinkIPC_preProcess:272 Client down, but cannot find corresponding minksession
07-29 15:48:06.741  1747  1816 E minksocket: MinkIPC ERROR: ( 1747:1816 ) MinkIPC_preProcess:272 Client down, but cannot find corresponding minksession
07-29 15:48:06.741  1747  1812 E minksocket: MinkIPC ERROR: ( 1747:1812 ) MinkIPC_preProcess:272 Client down, but cannot find corresponding minksession
07-29 15:48:06.742  1747  1812 E minksocket: MinkIPC ERROR: ( 1747:1812 ) MinkIPC_preProcess:272 Client down, but cannot find corresponding minksession
07-29 15:48:06.742  2369  2369 E PocketModeEvent: ACTION_SCREEN_ON(by 1)
07-29 15:48:06.742  1747  1816 E minksocket: MinkIPC ERROR: ( 1747:1816 ) MinkIPC_preProcess:272 Client down, but cannot find corresponding minksession
07-29 15:48:06.742  1782  8219 E sec_fr_NativeFaceService: wait callback state(1)
07-29 15:48:06.743  1778  1778 E sensors-hal: flush:384, invalid flush request, active=0, oneshot=0
07-29 15:48:06.744  1747  1812 E minksocket: MinkIPC ERROR: ( 1747:1812 ) MinkIPC_preProcess:272 Client down, but cannot find corresponding minksession
07-29 15:48:06.744  1747  1816 E minksocket: MinkIPC ERROR: ( 1747:1816 ) MinkIPC_preProcess:272 Client down, but cannot find corresponding minksession
07-29 15:48:06.744  1747  1816 E minksocket: MinkIPC ERROR: ( 1747:1816 ) MinkIPC_preProcess:272 Client down, but cannot find corresponding minksession
07-29 15:48:06.744  1747  1812 E minksocket: MinkIPC ERROR: ( 1747:1812 ) MinkIPC_preProcess:272 Client down, but cannot find corresponding minksession
07-29 15:48:06.745  1747  1812 E minksocket: MinkIPC ERROR: ( 1747:1812 ) MinkIPC_preProcess:272 Client down, but cannot find corresponding minksession
07-29 15:48:06.745  1747  1816 E minksocket: MinkIPC ERROR: ( 1747:1816 ) MinkIPC_preProcess:272 Client down, but cannot find corresponding minksession
07-29 15:48:06.746  1747  1812 E minksocket: MinkIPC ERROR: ( 1747:1812 ) MinkIPC_preProcess:272 Client down, but cannot find corresponding minksession
07-29 15:48:06.746  1747  1816 E minksocket: MinkIPC ERROR: ( 1747:1816 ) MinkIPC_preProcess:272 Client down, but cannot find corresponding minksession
07-29 15:48:06.746  2369  6716 E AppOps  : package client.pid<1782> not found, can't check for attributionTag null
07-29 15:48:06.746  2369  6716 E AppOps  : Bad call made by uid 1047. Package "client.pid<1782>" does not belong to uid 1000.
07-29 15:48:06.746  2369  6716 E AppOps  : Cannot checkOperation: non-application UID 1000
07-29 15:48:06.747  2369  4309 E PocketMotionManager: register activity tracker
07-29 15:48:06.749  2369  4082 E CameraService_worker: Recent tasks don't include camera client package name: client.pid<1782>
07-29 15:48:06.755  4535  4535 E ThemeUtils: View class com.airbnb.lottie.LottieAnimationView is an AppCompat widget that can only be used with a Theme.AppCompat theme (or descendant).
07-29 15:48:06.767  2369  4309 E PocketModeEvent: MSG_TYPE_START_SENSING
07-29 15:48:06.771  1853 25638 E ChiX    : [ERROR][CORE   ] chxextensionmodule.cpp:18736 InitializeSensorSession() Skip SensorInit on CAM_FRONT_SECURE(logicalCameraId:3)
07-29 15:48:06.774  2279  2655 E Camera2-FrameProcessorBase: FrameProcessorBase: created
07-29 15:48:06.774  2279  2655 E Camera2-FrameProcessorBase: registerListener: Registering listener for frame id range 0 - 2147483647
07-29 15:48:06.775  4535  4535 E NowBarCardStackView: getTopCard topCard is null view size = 0
07-29 15:48:06.777  1909  2679 E ConversionHelperAidl: Function: parseAndSetVendorParameters Line: 94 Failed 
07-29 15:48:06.779  1909  2679 E ConversionHelperAidl: Function: parseAndSetVendorParameters Line: 94 Failed 
07-29 15:48:06.780  1778  4496 E libprotobuf-native: [libprotobuf ERROR external/protobuf/src/google/protobuf/message_lite.cc:133] Can't parse message of type "sns_std_sensor_event" because it is missing required fields: (cannot determine missing fields for lite message)
07-29 15:48:06.782  4535  4535 E NowBarCardViewModel: updateExpandedClickPanelVisibility screen on = true expanded falseisTopCardSettingViewOpened = false
07-29 15:48:06.786  1778  4496 E libprotobuf-native: [libprotobuf ERROR external/protobuf/src/google/protobuf/message_lite.cc:133] Can't parse message of type "sns_std_sensor_event" because it is missing required fields: (cannot determine missing fields for lite message)
07-29 15:48:06.790  1853 25638 E CamX    : [ERROR][CHI    ] camxchicontext.cpp:5608 SetPipelineDescriptorOptions() [FmtNego] SecurePreview: Node 65538_0 Output Port::[8] Can't convert buffer format 4
07-29 15:48:06.791 22806 22827 E AbsSettings: refreshInner: refreshedSettingsDBItem key profile_id val = 0
07-29 15:48:06.792 22806 22827 E AbsSettings: refreshInner: refreshedSettingsDBItem key SELECTED_PALETTE_INDEX val = 10
07-29 15:48:06.792 22806 22827 E AbsSettings: refreshInner: refreshedSettingsDBItem key SELECTED_CUSTOM_COLOR val = -2069310209
07-29 15:48:06.792 22806 22827 E AbsSettings: refreshInner: refreshedSettingsDBItem key lock_theme_clock_package val = 
07-29 15:48:06.792 22806 22827 E AbsSettings: refreshInner: refreshedSettingsDBItem key lock_theme_clock_trial_package val = null
07-29 15:48:06.792 22806 22827 E AbsSettings: refreshInner: refreshedSettingsDBItem key lock_theme_clock_restore_pending_package val = 
07-29 15:48:06.792 22806 22827 E AbsSettings: refreshInner: refreshedSettingsDBItem key CLOCK_VERSION val = 17
07-29 15:48:06.792 22806 22827 E AbsSettings: refreshInner: refreshedSettingsDBItem key PALETTE_VERSION val = 400000
07-29 15:48:06.792 22806 22827 E AbsSettings: refreshInner: refreshedSettingsDBItem key lock_clock_scale_rate val = 0.57636523
07-29 15:48:06.792 22806 22827 E AbsSettings: refreshInner: refreshedSettingsDBItem key lock_clock_font_type val = 0
07-29 15:48:06.792 22806 22827 E AbsSettings: refreshInner: refreshedSettingsDBItem key lock_clock_font_path val = 
07-29 15:48:06.792 22806 22827 E AbsSettings: refreshInner: refreshedSettingsDBItem key lock_clock_font_variation_settings val = 'wght' 700, 'RNDN' 20
07-29 15:48:06.793 22806 22827 E AbsSettings: refreshInner: refreshedSettingsDBItem key lock_clock_visibility val = 0
07-29 15:48:06.793 22806 22827 E AbsSettings: refreshInner: refreshedSettingsDBItem key profile_id val = 0
07-29 15:48:06.793 22806 22827 E AbsSettings: refreshInner: refreshedSettingsDBItem key clock_gravity val = 0
07-29 15:48:06.793 22806 22827 E AbsSettings: refreshInner: refreshedSettingsDBItem key clock_bottom_margin_ratio val = 0.796463
07-29 15:48:06.793 22806 22827 E AbsSettings: refreshInner: refreshedSettingsDBItem key clock_horizontal_margin_ratio val = 0.0
07-29 15:48:06.793 22806 22827 E AbsSettings: refreshInner: refreshedSettingsDBItem key clock_position_based_on_movable_area val = 1
07-29 15:48:06.793 22806 22827 E AbsSettings: refreshInner: refreshedSettingsDBItem key clock_movable_area_ratio_rect val = {"bottom":0.95726496,"left":0.024074074,"right":0.975,"top":0.06709402}
07-29 15:48:06.793 22806 22827 E AbsSettings: refreshInner: refreshedSettingsDBItem key clock_show_weather_info val = 0
07-29 15:48:06.793 22806 22827 E AbsSettings: refreshInner: refreshedSettingsDBItem key lock_clock_show_date_info_first val = 0
07-29 15:48:06.793 22806 22827 E AbsSettings: refreshInner: refreshedSettingsDBItem key lock_world_clock_city_list val = 
07-29 15:48:06.793 22806 22827 E AbsSettings: refreshInner: refreshedSettingsDBItem key lock_clock_color_data val = {"adaptiveColor":-272129,"fontColorType":0,"isAdaptiveColor":false,"isThemeWallpaper":false,"shadowStyle":{"shadowColor":0,"shadowDx":0.0,"shadowDy":0.0,"shadowRadius":0.0}}
07-29 15:48:06.793 22806 22827 E AbsSettings: refreshInner: refreshedSettingsDBItem key lock_shortcut_color_data val = {"fontColorType":0}
07-29 15:48:06.793 22806 22827 E AbsSettings: refreshInner: refreshedSettingsDBItem key lock_widget_color_data val = {"backgroundColor":-10720171}
07-29 15:48:06.793 22806 22827 E AbsSettings: refreshInner: refreshedSettingsDBItem key SELECTED_CLOCK_TYPE val = 60004
07-29 15:48:06.793  1853  3658 E CamX    : [ERROR][SENSOR ] camxsensornode.cpp:1770 SensorThreadJobCallback() Sensor[5][SecurePreview_Sensor0_cam5] currConfigStatus:1
07-29 15:48:06.793  1853  3658 E CamX    : [ERROR][SENSOR ] camxsensor.cpp:10077 AcquireDevice() Sensor[5][SecurePreview_Sensor0_cam5] hCSL:0x6a0200 hDev:0x9d0101 devIdx:35 isAcquired:0 pipelineRefCount:0
07-29 15:48:06.793 22806 22827 E AbsSettings: refreshInner: refreshedSettingsDBItem key all_complication_widgets_list val = com.android.settings.intelligence/com.samsung.android.settings.intelligence.widget.GlanceListWidgetReceiver-com.android.settings.intelligence/com.samsung.android.settings.intelligence.widget.GridTypeBatteryWidget-com.android.settings.intelligence/com.samsung.android.settings.intelligence.widget.GridTypeBatteryWidget-com.android.settings.intelligence/com.samsung.android.settings.intelligence.widget.GlanceCircleWidgetReceiver-com.samsung.android.app.interpreter/com.samsung.android.app.interpreter.interpretation.receiver.InterpretationAppWidgetConversationLockScreenProvider-com.samsung.android.app.interpreter/com.samsung.android.app.interpreter.interpretation.receiver.InterpretationAppWidgetConversationLockScreenProvider-com.samsung.android.app.interpreter/com.samsung.android.app.interpreter.interpretation.receiver.InterpretationAppWidgetListeningLockScreenProvider-com.samsung.android.app.interpreter/com.samsung.android.app.interpreter.interpretation.receiver.InterpretationAppWidgetListeningLockScreenProvider-com.samsung.android.app.interpreter/com.samsung.android.app.interpreter.interpretation.receiver.InterpretationAppWidgetProvider-com.samsung.android.app.interpreter/com.samsung.android.app.interpreter.interpretation.receiver.InterpretationAppWidgetProvider-com.samsung.android.forest/com.samsung.android.forest.widget.DwGlanceWidgetScreenTimeProvider-com.samsung.android.app.routines/com.samsung.android.app.routines.domainmodel.widget.lockscreenbriefwidget.LockScreenSingleRoutineWidgetProvider-com.samsung.android.app.routines/com.samsung.android.app.routines.domainmodel.widget.lockscreenbriefwidget.LockScreenSingleRoutineWidgetProvider-com.samsung.android.forest/com.samsung.android.forest.widget.DwGlanceWidgetAppTimerProvider-com.samsung.android.forest/com.samsung.android.forest.widget.DwWidgetScreenTimeProvider-com.samsung.android.lool/com.samsung.android.sm.widgetapp.SMGlanceWidgetProvider-com.samsung.android.lool/com.samsung.android.sm.widgetapp.SMGlanceWidgetProvider-com.samsung.android.widget.pictureframe/com.samsung.android.widget.pictureframe.ComplicationWidgetProviderSmall-com.samsung.android.forest/com.samsung.android.forest.widget.DwWidgetAppTimerProvider-com.sec.android.app.camera/com.sec.android.app.camera.setting.launcherwidget.CameraWidget-com.sec.android.app.camera/com.sec.android.app.camera.setting.launcherwidget.CameraWidget-com.sec.android.daemonapp/com.sec.android.daemonapp.complication.receiver.ComplicationSunriseSunsetReceiver-com.sec.android.daemonapp/com.sec.android.daemonapp.complication.receiver.ComplicationFineDustReceiver-com.sec.android.daemonapp/com.sec.android.daemonapp.complication.receiver.ComplicationAirQualityReceiver-com.sec.android.daemonapp/com.sec.android.daemonapp.complication.receiver.ComplicationUVReceiver-com.sec.android.daemonapp/com.sec.android.daemonapp.complication.receiver.ComplicationPrecipitationReceiver-com.sec.android.daemonapp/com.sec.android.daemonapp.complication.receiver.ComplicationMoonReceiver-com.sec.android.daemonapp/com.sec.android.daemonapp.complication.receiver.ComplicationSimpleWeatherReceiver-com.sec.android.daemonapp/com.sec.android.daemonapp.complication.receiver.ComplicationWeatherDetailReceiver-com.samsung.android.calendar/com.samsung.android.app.calendar.widget.receiver.BigTodayComplicationWidgetReceiver-com.samsung.android.calendar/com.samsung.android.app.calendar.widget.receiver.SmallTodayComplicationWidgetReceiver-com.samsung.android.calendar/com.android.calendar.widget.complication.BigComplicationWidgetReceiver-com.sec.android.app.clockpackage/com.sec.android.app.clockpackage.alarmwidget.AlarmGlanceWidgetReceiver-com.samsung.android.calendar/com.samsung.android.app.calendar.widget.receiver.SmallCountdownComplicationWidgetReceiver-com.sec.android.app.clockpackage/com.sec.android.app.clockpackage.WorldClockGlanceWidgetReceiver-com.samsung.android.app.reminder/com.samsung.android.app.reminder.remote.widget
07-29 15:48:06.793 22806 22827 E AbsSettings: .complication.SmallComplicationWidgetReceiver-com.samsung.android.app.reminder/com.samsung.android.app.reminder.remote.widget.complication.BigComplicationWidgetReceiver-com.samsung.android.calendar/com.samsung.android.app.calendar.widget.receiver.BigCountdownComplicationWidgetReceiver-com.samsung.android.calendar/com.android.calendar.widget.complication.SmallComplicationWidgetReceiver-com.sec.android.app.shealth/com.samsung.android.app.shealth.tracker.dailyactivity.widget.DaWidgetReceiver-com.sec.android.app.shealth/com.samsung.android.app.shealth.tracker.dailyactivity.widget.DaWidgetReceiver-com.sec.android.app.voicenote/com.sec.android.app.voicenote.ui.remote.VoiceRecorderBriefWidgetReceiver-com.sec.android.app.voicenote/com.sec.android.app.voicenote.ui.remote.VoiceRecorderBriefWidgetReceiver
07-29 15:48:06.793 22806 22827 E AbsSettings: refreshInner: refreshedSettingsDBItem key enabled_complication_widgets_id_list val = 
07-29 15:48:06.793 22806 22827 E AbsSettings: refreshInner: refreshedSettingsDBItem key all_profiles_enabled_widget_id_list val = []
07-29 15:48:06.793 30701 27926 E LoadedApk: Exception : java.lang.NullPointerException: Attempt to invoke virtual method 'boolean android.os.Looper.isPerfLogEnable()' on a null object reference
07-29 15:48:06.793 22806 22827 E AbsSettings: refreshInner: refreshedSettingsDBItem key clock_horizontal_margin_ratio val = 0.0
07-29 15:48:06.793 22806 22827 E AbsSettings: refreshInner: refreshedSettingsDBItem key clock_bottom_margin_ratio val = 0.796463
07-29 15:48:06.793 22806 22827 E AbsSettings: refreshInner: refreshedSettingsDBItem key clock_movable_area_ratio_rect val = {"bottom":0.95726496,"left":0.024074074,"right":0.975,"top":0.06709402}
07-29 15:48:06.793  1853 30003 E SS_3A   : ERROR:  AF: AIAf_init: 134: [AIAF] version = 0xA00C
07-29 15:48:06.793 22806 22827 E AbsSettings: refreshInner: refreshedSettingsDBItem key clock_gravity val = 0
07-29 15:48:06.794  1853 30015 E SS_3A   : ERROR:  AF: AIAf_setModel: 102: [AIAF] prod id 2
07-29 15:48:06.795  1853 30015 E snap_api::snpe: Power save is mapped for model : aiAutoFocus_v1.0.24U.dlc with SNPE_PERF_MODE : SNPE_PERFORMANCE_PROFILE_LOW_POWER_SAVER (level : 6)
07-29 15:48:06.795  1853 30015 E snap_api::snpe: Failed to read property ro.hardware.chipname
07-29 15:48:06.795  1422  1685 E LoadedApk: Exception : java.lang.NullPointerException: Attempt to invoke virtual method 'boolean android.os.Looper.isPerfLogEnable()' on a null object reference
07-29 15:48:06.797  1422  1685 E LoadedApk: Exception : java.lang.NullPointerException: Attempt to invoke virtual method 'boolean android.os.Looper.isPerfLogEnable()' on a null object reference
07-29 15:48:06.797  1853 30021 E CamX    : [ERROR][CORE   ] camxnodecore.h:4996 IsVSREnabled() SecurePreview_OFE0_cam5 Failed to read VSR enable metaTag
07-29 15:48:06.797  1853 25638 E CamX    : [ERROR][CHI    ] camxchicontext.cpp:5608 SetPipelineDescriptorOptions() [FmtNego] SecurePreview: Node 65538_0 Output Port::[8] Can't convert buffer format 4
07-29 15:48:06.801 22806 22829 E AbsSettings: refreshInner: refreshedSettingsDBItem key profile_id val = 0
07-29 15:48:06.801 22806 22829 E AbsSettings: refreshInner: refreshedSettingsDBItem key all_complication_widgets_list val = com.android.settings.intelligence/com.samsung.android.settings.intelligence.widget.GlanceListWidgetReceiver-com.android.settings.intelligence/com.samsung.android.settings.intelligence.widget.GridTypeBatteryWidget-com.android.settings.intelligence/com.samsung.android.settings.intelligence.widget.GridTypeBatteryWidget-com.android.settings.intelligence/com.samsung.android.settings.intelligence.widget.GlanceCircleWidgetReceiver-com.samsung.android.app.interpreter/com.samsung.android.app.interpreter.interpretation.receiver.InterpretationAppWidgetConversationLockScreenProvider-com.samsung.android.app.interpreter/com.samsung.android.app.interpreter.interpretation.receiver.InterpretationAppWidgetConversationLockScreenProvider-com.samsung.android.app.interpreter/com.samsung.android.app.interpreter.interpretation.receiver.InterpretationAppWidgetListeningLockScreenProvider-com.samsung.android.app.interpreter/com.samsung.android.app.interpreter.interpretation.receiver.InterpretationAppWidgetListeningLockScreenProvider-com.samsung.android.app.interpreter/com.samsung.android.app.interpreter.interpretation.receiver.InterpretationAppWidgetProvider-com.samsung.android.app.interpreter/com.samsung.android.app.interpreter.interpretation.receiver.InterpretationAppWidgetProvider-com.samsung.android.forest/com.samsung.android.forest.widget.DwGlanceWidgetScreenTimeProvider-com.samsung.android.app.routines/com.samsung.android.app.routines.domainmodel.widget.lockscreenbriefwidget.LockScreenSingleRoutineWidgetProvider-com.samsung.android.app.routines/com.samsung.android.app.routines.domainmodel.widget.lockscreenbriefwidget.LockScreenSingleRoutineWidgetProvider-com.samsung.android.forest/com.samsung.android.forest.widget.DwGlanceWidgetAppTimerProvider-com.samsung.android.forest/com.samsung.android.forest.widget.DwWidgetScreenTimeProvider-com.samsung.android.lool/com.samsung.android.sm.widgetapp.SMGlanceWidgetProvider-com.samsung.android.lool/com.samsung.android.sm.widgetapp.SMGlanceWidgetProvider-com.samsung.android.widget.pictureframe/com.samsung.android.widget.pictureframe.ComplicationWidgetProviderSmall-com.samsung.android.forest/com.samsung.android.forest.widget.DwWidgetAppTimerProvider-com.sec.android.app.camera/com.sec.android.app.camera.setting.launcherwidget.CameraWidget-com.sec.android.app.camera/com.sec.android.app.camera.setting.launcherwidget.CameraWidget-com.sec.android.daemonapp/com.sec.android.daemonapp.complication.receiver.ComplicationSunriseSunsetReceiver-com.sec.android.daemonapp/com.sec.android.daemonapp.complication.receiver.ComplicationFineDustReceiver-com.sec.android.daemonapp/com.sec.android.daemonapp.complication.receiver.ComplicationAirQualityReceiver-com.sec.android.daemonapp/com.sec.android.daemonapp.complication.receiver.ComplicationUVReceiver-com.sec.android.daemonapp/com.sec.android.daemonapp.complication.receiver.ComplicationPrecipitationReceiver-com.sec.android.daemonapp/com.sec.android.daemonapp.complication.receiver.ComplicationMoonReceiver-com.sec.android.daemonapp/com.sec.android.daemonapp.complication.receiver.ComplicationSimpleWeatherReceiver-com.sec.android.daemonapp/com.sec.android.daemonapp.complication.receiver.ComplicationWeatherDetailReceiver-com.samsung.android.calendar/com.samsung.android.app.calendar.widget.receiver.BigTodayComplicationWidgetReceiver-com.samsung.android.calendar/com.samsung.android.app.calendar.widget.receiver.SmallTodayComplicationWidgetReceiver-com.samsung.android.calendar/com.android.calendar.widget.complication.BigComplicationWidgetReceiver-com.sec.android.app.clockpackage/com.sec.android.app.clockpackage.alarmwidget.AlarmGlanceWidgetReceiver-com.samsung.android.calendar/com.samsung.android.app.calendar.widget.receiver.SmallCountdownComplicationWidgetReceiver-com.sec.android.app.clockpackage/com.sec.android.app.clockpackage.WorldClockGlanceWidgetReceiver-com.samsung.android.app.reminder/com.samsung.android.app.reminder.remote.widget
07-29 15:48:06.801 22806 22829 E AbsSettings: .complication.SmallComplicationWidgetReceiver-com.samsung.android.app.reminder/com.samsung.android.app.reminder.remote.widget.complication.BigComplicationWidgetReceiver-com.samsung.android.calendar/com.samsung.android.app.calendar.widget.receiver.BigCountdownComplicationWidgetReceiver-com.samsung.android.calendar/com.android.calendar.widget.complication.SmallComplicationWidgetReceiver-com.sec.android.app.shealth/com.samsung.android.app.shealth.tracker.dailyactivity.widget.DaWidgetReceiver-com.sec.android.app.shealth/com.samsung.android.app.shealth.tracker.dailyactivity.widget.DaWidgetReceiver-com.sec.android.app.voicenote/com.sec.android.app.voicenote.ui.remote.VoiceRecorderBriefWidgetReceiver-com.sec.android.app.voicenote/com.sec.android.app.voicenote.ui.remote.VoiceRecorderBriefWidgetReceiver
07-29 15:48:06.801 22806 22829 E AbsSettings: refreshInner: refreshedSettingsDBItem key enabled_complication_widgets_id_list val = 
07-29 15:48:06.801 22806 22829 E AbsSettings: refreshInner: refreshedSettingsDBItem key all_profiles_enabled_widget_id_list val = []
07-29 15:48:06.803 22806 22829 E AbsSettings: refreshInner: refreshedSettingsDBItem key profile_id val = 0
07-29 15:48:06.809  1422 28008 E LoadedApk: Exception : java.lang.NullPointerException: Attempt to invoke virtual method 'boolean android.os.Looper.isPerfLogEnable()' on a null object reference
07-29 15:48:06.810  1853 30022 E AF_DEBUG: AfLib_BootingInit(724) : [cam_id_4] AF_Lib Version = 0x7007 Chip Type = 1 (0:LSI, 1:QC) 
07-29 15:48:06.810 26944 29949 E aumx    : Sync subscriptions not available
07-29 15:48:06.810  1853 30022 E AF_DEBUG: LinkAfCalData(187) : af_cal = ref_table_arr[0]->af_cal_data max_arr= 5
07-29 15:48:06.810  1853 30022 E AF_DEBUG: SetAfModuleInfo(529) : [cam_id_4] Module = S12XLRD00NM, ModuleInfo = PA123_FRONT, ModuleType = 31, phaseType = 1
07-29 15:48:06.810  1853 30022 E AF_DEBUG: PrintAfCalData(606) : [cam_id_4] 12bit | af cal data far: 2003, mid2: -1, mid1: -1, near: 2743, max: 4088, add_80: -1, plus_offset: 65535, minus_offset: 65535 zoom_rate(x1000) 1000
07-29 15:48:06.811  1853 30022 E AF_DEBUG: AfLib_BootingInit(743) : [cam_id_4][factory_af_booting_init]  factory_af_flag = 0
07-29 15:48:06.811  1853 30022 E SS_3A   : ERROR:  AF: TsAf_Range_check_connect: 3853: [TsAf_Range] Rear Camera is not activated. Sensor Id : 1
07-29 15:48:06.811  1853 30022 E AF_DEBUG: AfLib_AlgorithmInit(1044) : [cam_id_4] paf_cal_data_info = 20240527 paf_cal_errcheck 0x00000000 vpd_cal 0 vpd_cal_data_info = 0 vpaf_cal_errcheck 0x00000000 
07-29 15:48:06.811  1853 30022 E AF_DEBUG: AfInit(5681) : [cam_id_4] Version(0x7007). mode(0). lens(2003). sensor(4000 x 3000). touch(0 x 0 ). pafstatvalid(0)
07-29 15:48:06.811  1853 30022 E AF_DEBUG: UpdateAfStatus(68) : [cam_id_4] AF status 0x0 -> 0x20, called from : AfInit(5719)  
07-29 15:48:06.811 22806 22829 E AbsSettings: refreshInner: refreshedSettingsDBItem key profile_id val = 0
07-29 15:48:06.814 30701 25206 E LoadedApk: Exception : java.lang.NullPointerException: Attempt to invoke virtual method 'boolean android.os.Looper.isPerfLogEnable()' on a null object reference
07-29 15:48:06.815 30701 25206 E LoadedApk: Exception : java.lang.NullPointerException: Attempt to invoke virtual method 'boolean android.os.Looper.isPerfLogEnable()' on a null object reference
07-29 15:48:06.815  1853 30022 E CamX    : [ERROR][STATS_AEC] camxcaecstatsprocessor.cpp:7084 GetCropWindow() Wrong input: HALCropWindow left(0),top(0) width,height = 0x0
07-29 15:48:06.819  6488  6615 E BtGatt.GattService: [GSIM LOG]: gsimLogHandler, msg: MESSAGE_SCAN_START, appName: com.google.android.gms, scannerId: 1, reportDelayMillis=0
07-29 15:48:06.823 22806 22829 E AbsSettings: refreshInner: refreshedSettingsDBItem key profile_id val = 0
07-29 15:48:06.825  1853 30028 E SensorListener: ERR(initSensor[968]):failed to open hrm alc sensor's name
07-29 15:48:06.826  1853  3658 E CamX    : [ERROR][SENSOR ] camxsensorcache.cpp:117 SetSubDeviceHandle() Device[5][Sensor] refCount:0 hCSL:0x6a0200 hDev:0xd20101 hCSLCached:0x1c0200 isAcquired:0 pipelineRefCount:0
07-29 15:48:06.826  1853  3658 E CamX    : [ERROR][SENSOR ] camxsensornode.cpp:1785 SensorThreadJobCallback() Sensor[5][SecurePreview_Sensor0_cam5] currConfigStatus:2
07-29 15:48:06.826 22806 22829 E AbsSettings: refreshInner: refreshedSettingsDBItem key profile_id val = 0
07-29 15:48:06.828  1853  3658 E CamX    : [ERROR][SENSOR ] camxsensorcache.cpp:117 SetSubDeviceHandle() Device[5][CSIPHY] refCount:1 hCSL:0x6a0200 hDev:0xb50102 hCSLCached:0x6a0200 isAcquired:0 pipelineRefCount:0
07-29 15:48:06.828  1853  3658 E CamX    : [ERROR][SENSOR ] camxactuator.cpp:143 Initialize() Actuator[5][SecurePreview_Sensor0_cam5] hCSL:0x6a0200 hDev:0xc0103 devIdx:23 isAcquired:0 pipelineRefCount:0
07-29 15:48:06.831  1747  1812 E minksocket: MinkIPC ERROR: ( 1747:1812 ) MinkIPC_preProcess:272 Client down, but cannot find corresponding minksession
07-29 15:48:06.831  1747  1816 E minksocket: MinkIPC ERROR: ( 1747:1816 ) MinkIPC_preProcess:272 Client down, but cannot find corresponding minksession
07-29 15:48:06.831 22806 22829 E AbsSettings: refreshInner: refreshedSettingsDBItem key profile_id val = 0
07-29 15:48:06.832  1747  1816 E minksocket: MinkIPC ERROR: ( 1747:1816 ) MinkIPC_preProcess:272 Client down, but cannot find corresponding minksession
07-29 15:48:06.832  1747  1812 E minksocket: MinkIPC ERROR: ( 1747:1812 ) MinkIPC_preProcess:272 Client down, but cannot find corresponding minksession
07-29 15:48:06.832  1782 29897 E sec_fr_FaceCameraClient: [0] state is not matched (256)(132)
07-29 15:48:06.834  1747  1816 E minksocket: MinkIPC ERROR: ( 1747:1816 ) MinkIPC_preProcess:272 Client down, but cannot find corresponding minksession
07-29 15:48:06.834  1747  1812 E minksocket: MinkIPC ERROR: ( 1747:1812 ) MinkIPC_preProcess:272 Client down, but cannot find corresponding minksession
07-29 15:48:06.834  1747  1812 E minksocket: MinkIPC ERROR: ( 1747:1812 ) MinkIPC_preProcess:272 Client down, but cannot find corresponding minksession
07-29 15:48:06.834  1747  1816 E minksocket: MinkIPC ERROR: ( 1747:1816 ) MinkIPC_preProcess:272 Client down, but cannot find corresponding minksession
07-29 15:48:06.839  1747  1816 E minksocket: MinkIPC ERROR: ( 1747:1816 ) MinkIPC_preProcess:272 Client down, but cannot find corresponding minksession
07-29 15:48:06.839  1747  1812 E minksocket: MinkIPC ERROR: ( 1747:1812 ) MinkIPC_preProcess:272 Client down, but cannot find corresponding minksession
07-29 15:48:06.839  1747  1812 E minksocket: MinkIPC ERROR: ( 1747:1812 ) MinkIPC_preProcess:272 Client down, but cannot find corresponding minksession
07-29 15:48:06.840  1747  1816 E minksocket: MinkIPC ERROR: ( 1747:1816 ) MinkIPC_preProcess:272 Client down, but cannot find corresponding minksession
07-29 15:48:06.840  1747  1812 E minksocket: MinkIPC ERROR: ( 1747:1812 ) MinkIPC_preProcess:272 Client down, but cannot find corresponding minksession
07-29 15:48:06.840  1747  1816 E minksocket: MinkIPC ERROR: ( 1747:1816 ) MinkIPC_preProcess:272 Client down, but cannot find corresponding minksession
07-29 15:48:06.841 22806 22827 E AbsSettings: refreshInner: refreshedSettingsDBItem key profile_id val = 0
07-29 15:48:06.843  1747  1812 E minksocket: MinkIPC ERROR: ( 1747:1812 ) MinkIPC_preProcess:272 Client down, but cannot find corresponding minksession
07-29 15:48:06.843  1747  1816 E minksocket: MinkIPC ERROR: ( 1747:1816 ) MinkIPC_preProcess:272 Client down, but cannot find corresponding minksession
07-29 15:48:06.846 22806 22827 E AbsSettings: refreshInner: refreshedSettingsDBItem key profile_id val = 0
07-29 15:48:06.851 22806 22827 E AbsSettings: refreshInner: refreshedSettingsDBItem key profile_id val = 0
07-29 15:48:06.852  1853  3658 E CamX    : [ERROR][SENSOR ] camxsensorcache.cpp:117 SetSubDeviceHandle() Device[5][Actuator] refCount:2 hCSL:0x6a0200 hDev:0x580103 hCSLCached:0x6a0200 isAcquired:0 pipelineRefCount:0
07-29 15:48:06.852  1853  3658 E CamX    : [ERROR][SENSOR ] camxsensornode.cpp:2105 SensorThreadJobCallback() Sensor[5][SecurePreview_Sensor0_cam5] currConfigStatus:4
07-29 15:48:06.854  4535  4535 E AbsSettings: refreshInner: refreshedSettingsDBItem key clock_position_based_on_movable_area val = 1
07-29 15:48:06.855  4535  4535 E ClockPackSettingsUtils: isRoamingState: android.provider.Settings$SettingNotFoundException: easy_mode_switch
07-29 15:48:06.884  4535  4535 E NowBarCardViewModel: updateExpandedClickPanelVisibility screen on = true expanded falseisTopCardSettingViewOpened = false
07-29 15:48:06.888  4535  4535 E NowBarCardViewModel: updateExpandedClickPanelVisibility screen on = true expanded falseisTopCardSettingViewOpened = false
07-29 15:48:06.897  1853 25638 E CamX    : [ERROR][SENSOR ] camxsensornode.cpp:662 PrepareStreamOn() Sensor[5][SecurePreview_Sensor0_cam5] currConfigStatus:5
07-29 15:48:06.898  1853  3660 E CamX    : [ERROR][IQMod  ] camxtfebds2demosaic201.cpp:277 UpdateBDS2InputData() SecurePreview_MCTFE0_cam5 bayerPattern 1
07-29 15:48:06.912  1937  4187 E NativeCustomFrequencyManager: [NativeCFMS] BpCustomFrequencyManager::acquire()
07-29 15:48:06.922  2369  4291 E SensorService: BigData:Pakage) 5 already enabled. 
07-29 15:48:06.922  1853  3658 E CamX    : [ERROR][IQMod  ] camxtfebds2demosaic201.cpp:277 UpdateBDS2InputData() SecurePreview_MCTFE0_cam5 bayerPattern 1
07-29 15:48:06.932  6488  6615 E BtGatt.GattService: [GSIM LOG]: gsimLogHandler, msg: MESSAGE_SCAN_START, appName: com.samsung.android.mcfserver, scannerId: 2, reportDelayMillis=0
07-29 15:48:06.932  6488  6527 E bluetooth: system/gd/hci/le_scanning_manager.cc:997 scan_filter_add: Add passive filterScan. filter_index=14, uuid=0000fd5a-0000-1000-8000-00805f9b34fb
07-29 15:48:06.932  6488  6527 E bluetooth: system/gd/hci/le_scanning_manager.cc:997 scan_filter_add: Add passive filterScan. filter_index=23, uuid=0000fd69-0000-1000-8000-00805f9b34fb
07-29 15:48:06.961  4535  4535 E ClockPackSettingsUtils: isRoamingState: android.provider.Settings$SettingNotFoundException: easy_mode_switch
07-29 15:48:06.969  4535  4535 E AOD_CONFIG@AODConfigurationController: Skipping unregisterMonitor MONITOR_BROADCAST_WALLPAPER - no registered monitor
07-29 15:48:06.970  4535  4535 E AOD_CONFIG@AODConfigurationController: Skipping unregisterMonitor MONITOR_FOLD_STATE - no registered monitor
07-29 15:48:06.971  1778  4496 E sensors-hal: handle_sns_client_event:71, num_items=17 exceeds SENSORS_HAL_MAX_DATA_LEN=16
07-29 15:48:06.971  1778  4496 E sensors-hal: handle_sns_client_event:71, num_items=17 exceeds SENSORS_HAL_MAX_DATA_LEN=16
07-29 15:48:06.971  4535  4535 E MODManager: hideSubUIChargingInfo skip because mAODChargingInfoSubUiPresenter is null
07-29 15:48:06.971  4535  4535 E SQLiteLog: (10) POSIX Error : 11 SQLite Error : 3850
07-29 15:48:06.971  4535  4535 E SQLiteLog: (10) LOCK : Getting lock (4) failed due to (11). The current owner is (22806).
07-29 15:48:06.972  2369  2369 E PocketProximityCluster: data duplication
07-29 15:48:06.974  1782  8767 E ACameraDeviceVendor: onCaptureStarted: request = 0xb400007ba271e5b0
07-29 15:48:07.016  1853  3662 E DATC-IF : [ERROR][ChiNode] camxchinodesecofectrl.cpp:888 OverrideOFECGData() SecurePreview_OFE0 req 1 get metadata fail NULL pointer 0x0
07-29 15:48:07.041  1782 14294 E ACameraDeviceVendor: onCaptureStarted: request = 0xb400007ba271e5b0
07-29 15:48:07.066  1853  3662 E DATC-IF : [ERROR][ChiNode] camxchinodesecofectrl.cpp:888 OverrideOFECGData() SecurePreview_OFE0 req 2 get metadata fail NULL pointer 0x0
07-29 15:48:07.074  1782 14294 E ACameraDeviceVendor: onCaptureStarted: request = 0xb400007ba271e5b0
07-29 15:48:07.093  2369  2369 E PocketModeEvent: Acc, AT is unregister by condition 2, 0
07-29 15:48:07.093  2369  4309 E PocketModeEvent: MSG_TYPE_STOP_SENSING
07-29 15:48:07.093  2369  4309 E PocketModeEvent: unregisterSensor L : -1 P : 0
07-29 15:48:07.094  2369  2369 E PocketMotionManager: unregister activity tracker
07-29 15:48:07.094  2369  4309 E SemContextManager:   .unregisterListener : SemContextListener is null!, manager = android.hardware.scontext.SContextManager@e667268, listener = com.samsung.android.gesture.PocketMotionManager@272c6ef, service = 25
07-29 15:48:07.094  2369  4309 E PocketMotionManager: unregister activity tracker
07-29 15:48:07.096  1853  3658 E DATC-IF : [ERROR][ChiNode] camxchinodesecofectrl.cpp:888 OverrideOFECGData() SecurePreview_OFE0 req 3 get metadata fail NULL pointer 0x0
07-29 15:48:07.107  1782 14294 E ACameraDeviceVendor: onCaptureStarted: request = 0xb400007ba271e5b0
07-29 15:48:07.137  1853  3661 E DATC-IF : [ERROR][ChiNode] camxchinodesecofectrl.cpp:888 OverrideOFECGData() SecurePreview_OFE0 req 4 get metadata fail NULL pointer 0x0
07-29 15:48:07.141  1782 14294 E ACameraDeviceVendor: onCaptureStarted: request = 0xb400007ba271e5b0
07-29 15:48:07.167  1853  3660 E DATC-IF : [ERROR][ChiNode] camxchinodesecofectrl.cpp:888 OverrideOFECGData() SecurePreview_OFE0 req 5 get metadata fail NULL pointer 0x0
07-29 15:48:07.174  1782 14294 E ACameraDeviceVendor: onCaptureStarted: request = 0xb400007ba271e5b0
07-29 15:48:07.184  1782 29844 E SmcInvoke_MinkDescriptor: Invalid handle 37
07-29 15:48:07.186  2279  2279 E Camera3-OutputStream: [VSync] getBufferLockedCommon: Stream 0: wait for dequeued buffer exceeds 30000us (152042)us
07-29 15:48:07.197  1853  3657 E DATC-IF : [ERROR][ChiNode] camxchinodesecofectrl.cpp:888 OverrideOFECGData() SecurePreview_OFE0 req 6 get metadata fail NULL pointer 0x0
07-29 15:48:07.204  1782 29844 E SmcInvoke_MinkDescriptor: mem obj with id :37 not found in list
07-29 15:48:07.206  1782 29845 E SmcInvoke_MinkDescriptor: mem obj with id :37 not found in list
07-29 15:48:07.208  1782 14294 E ACameraDeviceVendor: onCaptureStarted: request = 0xb400007ba271e5b0
07-29 15:48:07.220  1782 29846 E SmcInvoke_MinkDescriptor: mem obj with id :48 not found in list
07-29 15:48:07.221  1782 14294 E sec_fr_NativeFaceService: getWrappedObject is failed result=-2
07-29 15:48:07.228  5287  5287 E KNOXCORE::CACHE: clr value {old=1 new:1
07-29 15:48:07.233  4535  4535 E KeyguardViewMediator: mHideAnimationFinishedRunnable#run
07-29 15:48:07.237  2369  8834 E WindowManager: win=Window{2f37f6 u0 FP Iconview} destroySurfaces: appStopped=true cleanupOnResume=false win.mWindowRemovalAllowed=false win.mRemoveOnExit=false win.mViewVisibility=8 caller=com.android.server.wm.WindowManagerService.tryStartExitingAnimation:147 com.android.server.wm.WindowManagerService.relayoutWindowInner:112 com.android.server.wm.WindowManagerService.relayoutWindow:6 com.android.server.wm.Session.relayout:27 android.view.IWindowSession$Stub.onTransact:861 com.android.server.wm.Session.onTransact:1 android.os.Binder.execTransactInternal:1536 
07-29 15:48:07.239  1853  3661 E DATC-IF : [ERROR][ChiNode] camxchinodesecofectrl.cpp:888 OverrideOFECGData() SecurePreview_OFE0 req 7 get metadata fail NULL pointer 0x0
07-29 15:48:07.242  1782  1782 E ACameraDeviceVendor: onCaptureStarted: request = 0xb400007ba271e5b0
07-29 15:48:07.246  2279  2279 E Camera3-OutputStream: [VSync] getBufferLockedCommon: Stream 0: wait for dequeued buffer exceeds 30000us (30664)us
07-29 15:48:07.250  1937  1937 E SurfaceFlinger: alpha changed 1.000 -> 0.000 - Surface(name=Task=5425)/@0x7876c09_transition-leash#79553
07-29 15:48:07.250  4535  4718 E FromLockscreenTransitionInteractor: Ignoring startTransition: This interactor asked to transition from LOCKSCREEN -> GONE, but we last transitioned to GONE, not LOCKSCREEN. This should never happen - check currentTransitionInfoInternal or use filterRelevantKeyguardState before starting transitions.
07-29 15:48:07.251  1853  3658 E ChiX    : [ERROR][ChiMeta] chxmetadata.cpp:3151 ReleaseAndroidFrameworkOutputMetadata() [CMB_ERROR] Cannot release metadata 0xb40000794b7d8650
07-29 15:48:07.251  2279 31371 E CameraDeviceClient: notifyError: pid=1782, errorCode=4, errorStreamId=0, frameNumber=6
07-29 15:48:07.251  2279 31371 E CameraDeviceClient: notifyError: pid=1782, skipClientNotification=false
07-29 15:48:07.251  2279  2655 E CameraDeviceClient: notifyError: pid=1782, errorCode=5, errorStreamId=0, frameNumber=6
07-29 15:48:07.251  2279  2655 E CameraDeviceClient: notifyError: pid=1782, skipClientNotification=false
07-29 15:48:07.252  4535  4535 E ClockPackSettingsUtils: isRoamingState: android.provider.Settings$SettingNotFoundException: easy_mode_switch
07-29 15:48:07.253  2279 31371 E CameraDeviceClient: notifyError: pid=1782, errorCode=4, errorStreamId=0, frameNumber=7
07-29 15:48:07.253  2279 31371 E CameraDeviceClient: notifyError: pid=1782, skipClientNotification=false
07-29 15:48:07.253  2369  4306 E MotionRecognitionService: Receiver: ACTION_USER_PRESENT - UNLOCK SCREEN
07-29 15:48:07.253  2548  3050 E SmcInvoke_MinkDescriptor: mem obj with id :20 not found in list
07-29 15:48:07.259  2279  2655 E CameraDeviceClient: notifyError: pid=1782, errorCode=4, errorStreamId=0, frameNumber=8
07-29 15:48:07.261  2279  2655 E CameraDeviceClient: notifyError: pid=1782, skipClientNotification=false
07-29 15:48:07.264  2369  4306 E MotionRecognitionService: Receiver: ACTION_USER_PRESENT - UNLOCK SCREEN
07-29 15:48:07.265  2279  2655 E CameraDeviceClient: notifyError: pid=1782, errorCode=5, errorStreamId=0, frameNumber=7
07-29 15:48:07.265  2279  2655 E CameraDeviceClient: notifyError: pid=1782, skipClientNotification=false
07-29 15:48:07.265  2548  3051 E SmcInvoke_MinkDescriptor: mem obj with id :20 not found in list
07-29 15:48:07.266  1937  1937 E SurfaceFlinger: alpha changed 0.000 -> 1.000 - Surface(name=Task=5425)/@0x7876c09_transition-leash#79553
07-29 15:48:07.268  4535  4893 E engmode_client_list: Cannot find client
07-29 15:48:07.268  4535  4893 E engmode_client_aidl: Client error
07-29 15:48:07.270  2279 31371 E CameraDeviceClient: notifyError: pid=1782, errorCode=4, errorStreamId=0, frameNumber=9
07-29 15:48:07.270  2279 31371 E CameraDeviceClient: notifyError: pid=1782, skipClientNotification=false
07-29 15:48:07.272  2279  5945 E CameraDeviceClient: notifyError: pid=1782, errorCode=4, errorStreamId=0, frameNumber=10
07-29 15:48:07.272  2279  5945 E CameraDeviceClient: notifyError: pid=1782, skipClientNotification=false
07-29 15:48:07.272  2279  5945 E CameraDeviceClient: notifyError: pid=1782, errorCode=5, errorStreamId=0, frameNumber=8
07-29 15:48:07.272  2279  5945 E CameraDeviceClient: notifyError: pid=1782, skipClientNotification=false
07-29 15:48:07.272  2279  5945 E CameraDeviceClient: notifyError: pid=1782, errorCode=5, errorStreamId=0, frameNumber=9
07-29 15:48:07.272  2279  5945 E CameraDeviceClient: notifyError: pid=1782, skipClientNotification=false
07-29 15:48:07.272  2279  5945 E CameraDeviceClient: notifyError: pid=1782, errorCode=5, errorStreamId=0, frameNumber=10
07-29 15:48:07.272  2279  5945 E CameraDeviceClient: notifyError: pid=1782, skipClientNotification=false
07-29 15:48:07.272  2548  3050 E SmcInvoke_MinkDescriptor: mem obj with id :20 not found in list
07-29 15:48:07.275  2279  2279 E CameraDeviceClient: notifyError: pid=1782, errorCode=3, errorStreamId=0, frameNumber=11
07-29 15:48:07.275  2279  2279 E CameraDeviceClient: notifyError: pid=1782, skipClientNotification=false
07-29 15:48:07.279  1614  1614 E engmode_world: Unknown token(00/00/00)
07-29 15:48:07.280  1255  1255 E engmode_aidl_service: error to server(0xd0060012)
07-29 15:48:07.281  2369  4392 E SensorService: BigData:Pakage) 5 already disabled. 
07-29 15:48:07.288  6488  6615 E BtGatt.GattService: [GSIM LOG]: gsimLogHandler, msg: MESSAGE_SCAN_START, appName: com.google.android.gms, scannerId: 3, reportDelayMillis=0
07-29 15:48:07.290  2279  2279 E Camera2-FrameProcessorBase: removeListener: 
07-29 15:48:07.316  4535  4535 E NowBarCardViewModel: updateExpandedClickPanelVisibility screen on = true expanded falseisTopCardSettingViewOpened = false
07-29 15:48:07.317  4535  4535 E NowBarCardViewModel: updateExpandedClickPanelVisibility screen on = true expanded falseisTopCardSettingViewOpened = false
07-29 15:48:07.324  1853  3663 E CamX    : [ERROR][SENSOR ] camxsensorcache.cpp:261 ReleaseOneSubDevice() Device[5][Actuator] refCount:3 hDev:0x580103 hCSLCached:0x6a0200 isAcquired:1 pipelineRefCount:1
07-29 15:48:07.324  1853  3663 E CamX    : [ERROR][SENSOR ] camxsensorcache.cpp:269 ReleaseOneSubDevice() [SUBDEV_DBG]Camera[5] IsAcquired[1] PipelineRefcount[1] hDevice[0x580103]
07-29 15:48:07.324  1853  3663 E CamX    : [ERROR][CSL    ] camxcslhw.cpp:1472 CSLReleaseDeviceHW() [SUBDEV_DBG] hCSL[0x6a0200] hDevice[0x580103] hSession[0x6a0200]
07-29 15:48:07.324  1853  3663 E CamX    : [ERROR][CSL    ] camxcslhw.cpp:1503 CSLReleaseDeviceHW() [SUBDEV_DBG] hDevice[0xa4a2d580] hAcquired[0x580103] hSession[0x580103]
07-29 15:48:07.329  1778  1778 E sensors-hal: register_cb:315, all callbacks are null for new suid. no need to register it
07-29 15:48:07.329  1853  3663 E CamX    : [ERROR][SENSOR ] camxsensorcache.cpp:302 ReleaseOneSubDevice() [SUBDEV_DBG]CSLReleased CameraId= 5 hCSLSession= 0x6a0200 refCount= 2Subdevice: Actuator hDevice= 0x580103 pipelineRefCount= 0
07-29 15:48:07.329  1853  3663 E CamX    : [ERROR][SENSOR ] camxsensorcache.cpp:261 ReleaseOneSubDevice() Device[5][CSIPHY] refCount:2 hDev:0xb50102 hCSLCached:0x6a0200 isAcquired:1 pipelineRefCount:1
07-29 15:48:07.329  1853  3663 E CamX    : [ERROR][SENSOR ] camxsensorcache.cpp:269 ReleaseOneSubDevice() [SUBDEV_DBG]Camera[5] IsAcquired[1] PipelineRefcount[1] hDevice[0xb50102]
07-29 15:48:07.329  1853  3663 E CamX    : [ERROR][CSL    ] camxcslhw.cpp:1472 CSLReleaseDeviceHW() [SUBDEV_DBG] hCSL[0x6a0200] hDevice[0xb50102] hSession[0x6a0200]
07-29 15:48:07.329  1853  3663 E CamX    : [ERROR][CSL    ] camxcslhw.cpp:1503 CSLReleaseDeviceHW() [SUBDEV_DBG] hDevice[0xa4a2d580] hAcquired[0xb50102] hSession[0xb50102]
07-29 15:48:07.329  1853  3663 E CamX    : [ERROR][SENSOR ] camxsensorcache.cpp:302 ReleaseOneSubDevice() [SUBDEV_DBG]CSLReleased CameraId= 5 hCSLSession= 0x6a0200 refCount= 1Subdevice: CSIPHY hDevice= 0xb50102 pipelineRefCount= 0
07-29 15:48:07.329  1853  3663 E CamX    : [ERROR][SENSOR ] camxsensorcache.cpp:261 ReleaseOneSubDevice() Device[5][Sensor] refCount:1 hDev:0xd20101 hCSLCached:0x6a0200 isAcquired:1 pipelineRefCount:1
07-29 15:48:07.329  1853  3663 E CamX    : [ERROR][SENSOR ] camxsensorcache.cpp:269 ReleaseOneSubDevice() [SUBDEV_DBG]Camera[5] IsAcquired[1] PipelineRefcount[1] hDevice[0xd20101]
07-29 15:48:07.329  1853  3663 E CamX    : [ERROR][CSL    ] camxcslhw.cpp:1472 CSLReleaseDeviceHW() [SUBDEV_DBG] hCSL[0x6a0200] hDevice[0xd20101] hSession[0x6a0200]
07-29 15:48:07.329  1853  3663 E CamX    : [ERROR][CSL    ] camxcslhw.cpp:1503 CSLReleaseDeviceHW() [SUBDEV_DBG] hDevice[0xa4a2d580] hAcquired[0xd20101] hSession[0xd20101]
07-29 15:48:07.329  2369  8641 E WindowManager: win=Window{1459a3 u0 NotificationShade} destroySurfaces: appStopped=true cleanupOnResume=false win.mWindowRemovalAllowed=false win.mRemoveOnExit=false win.mViewVisibility=4 caller=com.android.server.wm.WindowManagerService.tryStartExitingAnimation:147 com.android.server.wm.WindowManagerService.relayoutWindowInner:112 com.android.server.wm.WindowManagerService.relayoutWindow:6 com.android.server.wm.Session.relayout:27 android.view.IWindowSession$Stub.onTransact:861 com.android.server.wm.Session.onTransact:1 android.os.Binder.execTransactInternal:1541 
07-29 15:48:07.330  1747  1812 E minksocket: MinkIPC ERROR: ( 1747:1812 ) MinkIPC_preProcess:272 Client down, but cannot find corresponding minksession
07-29 15:48:07.330  1853  3665 E snap_api::V6: adapter class instance doesn't exist/Already closed
07-29 15:48:07.330  1747  1816 E minksocket: MinkIPC ERROR: ( 1747:1816 ) MinkIPC_preProcess:272 Client down, but cannot find corresponding minksession
07-29 15:48:07.331  1747  1812 E minksocket: MinkIPC ERROR: ( 1747:1812 ) MinkIPC_preProcess:272 Client down, but cannot find corresponding minksession
07-29 15:48:07.331  1747  1816 E minksocket: MinkIPC ERROR: ( 1747:1816 ) MinkIPC_preProcess:272 Client down, but cannot find corresponding minksession
07-29 15:48:07.332  1853  3665 E CamX    : [ERROR][CSL    ] camxcslhw.cpp:1472 CSLReleaseDeviceHW() [SUBDEV_DBG] hCSL[0x6a0200] hDevice[0xf70105] hSession[0x6a0200]
07-29 15:48:07.332  1853  3665 E CamX    : [ERROR][CSL    ] camxcslhw.cpp:1503 CSLReleaseDeviceHW() [SUBDEV_DBG] hDevice[0xa4a2d580] hAcquired[0xf70105] hSession[0xf70105]
07-29 15:48:07.335  1853  3665 E CamX    : [ERROR][CSL    ] camxcslhw.cpp:1472 CSLReleaseDeviceHW() [SUBDEV_DBG] hCSL[0x6a0200] hDevice[0x5f0106] hSession[0x6a0200]
07-29 15:48:07.335  1853  3665 E CamX    : [ERROR][CSL    ] camxcslhw.cpp:1503 CSLReleaseDeviceHW() [SUBDEV_DBG] hDevice[0xa4a2d580] hAcquired[0x5f0106] hSession[0x5f0106]
07-29 15:48:07.336  1853  3667 E snap_api::V6: adapter class instance doesn't exist/Already closed
07-29 15:48:07.338  1853  3667 E AF_DEBUG: ProcessPafEndModule(170) : [cam_id_4] Memory for PAF Main Window Free OK!
07-29 15:48:07.339  1853  3667 E CamX    : [ERROR][CSL    ] camxcslhw.cpp:1472 CSLReleaseDeviceHW() [SUBDEV_DBG] hCSL[0x6a0200] hDevice[0x580104] hSession[0x6a0200]
07-29 15:48:07.339  1853  3667 E CamX    : [ERROR][CSL    ] camxcslhw.cpp:1503 CSLReleaseDeviceHW() [SUBDEV_DBG] hDevice[0xa4a2d580] hAcquired[0x580104] hSession[0x580104]
07-29 15:48:07.339  1853  3663 E CamX    : [ERROR][SENSOR ] camxsensorcache.cpp:302 ReleaseOneSubDevice() [SUBDEV_DBG]CSLReleased CameraId= 5 hCSLSession= 0x6a0200 refCount= 0Subdevice: Sensor hDevice= 0xd20101 pipelineRefCount= 0
07-29 15:48:07.339  1853  3663 E CamX    : [ERROR][SENSOR ] camxsensorcache.cpp:329 ReleaseOneSubDevice() [SUBDEV_DBG]CameraId= 5, Closing hCSLSession= 0x77006a0200
07-29 15:48:07.341  1747  1812 E minksocket: MinkIPC ERROR: ( 1747:1812 ) MinkIPC_preProcess:272 Client down, but cannot find corresponding minksession
07-29 15:48:07.341  1747  1816 E minksocket: MinkIPC ERROR: ( 1747:1816 ) MinkIPC_preProcess:272 Client down, but cannot find corresponding minksession
07-29 15:48:07.353  1853  1889 E CamX    : [ERROR][SENSOR ] camxsensorcache.cpp:429 ReleaseAllCache() [SUBDEV_DBG]Camera[0] ReleaseAllCache:hCSLSession0[0x280200] hCSLSession1[0x0]refcount[0]<subdeviceSensor: isAcquired[0] deviceIndex[30] hDevice[0x720101]  pipelineRefCount[0]><subdeviceCSIPHY: isAcquired[0] deviceIndex[6] hDevice[0x170103]  pipelineRefCount[0]><subdeviceOIS: isAcquired[0] deviceIndex[26] hDevice[0x650108]  pipelineRefCount[0]><subdeviceActuator: isAcquired[0] deviceIndex[7] hDevice[0xc6010a]  pipelineRefCount[0]><subdeviceFlash: isAcquired[0] deviceIndex[15] hDevice[0x70010b]  pipelineRefCount[0]><subdeviceTPG: isAcquired[0] deviceIndex[0] hDevice[0x0]  pipelineRefCount[0]>
07-29 15:48:07.353  1853  1889 E CamX    : [ERROR][SENSOR ] camxsensorcache.cpp:429 ReleaseAllCache() [SUBDEV_DBG]Camera[1] ReleaseAllCache:hCSLSession0[0x400200] hCSLSession1[0x0]refcount[0]<subdeviceSensor: isAcquired[0] deviceIndex[31] hDevice[0x810101]  pipelineRefCount[0]><subdeviceCSIPHY: isAcquired[0] deviceIndex[5] hDevice[0x980103]  pipelineRefCount[0]><subdeviceOIS: isAcquired[0] deviceIndex[0] hDevice[0x0]  pipelineRefCount[0]><subdeviceActuator: isAcquired[0] deviceIndex[23] hDevice[0xf90102]  pipelineRefCount[0]><subdeviceFlash: isAcquired[0] deviceIndex[0] hDevice[0x0]  pipelineRefCount[0]><subdeviceTPG: isAcquired[0] deviceIndex[0] hDevice[0x0]  pipelineRefCount[0]>
