07-29 15:39:00.175  2369  6386 E AppOpService: Blocked setUidMode call for runtime permission app op: uid = 15001000, code = CAMERA, mode = foreground, callingUid = 1000, oldMode = allow
07-29 15:39:00.175  2369  6386 E AppOpService: java.lang.RuntimeException
07-29 15:39:00.175  2369  6386 E AppOpService: 	at com.android.server.permission.access.appop.AppOpService.setUidMode(qb/98013209 226a4e4d0e4bfb66b786cf06f9e5a0860ec7abad1ba05d13c139ca1217b57bb3:165)
07-29 15:39:00.175  2369  6386 E AppOpService: 	at com.android.server.appop.AppOpsCheckingServiceTracingDecorator.setUidMode(qb/98013209 226a4e4d0e4bfb66b786cf06f9e5a0860ec7abad1ba05d13c139ca1217b57bb3:10)
07-29 15:39:00.175  2369  6386 E AppOpService: 	at com.android.server.appop.AppOpsService.setUidMode(qb/98013209 226a4e4d0e4bfb66b786cf06f9e5a0860ec7abad1ba05d13c139ca1217b57bb3:52)
07-29 15:39:00.175  2369  6386 E AppOpService: 	at com.android.server.appop.AppOpsService.setUidMode(qb/98013209 226a4e4d0e4bfb66b786cf06f9e5a0860ec7abad1ba05d13c139ca1217b57bb3:1)
07-29 15:39:00.175  2369  6386 E AppOpService: 	at android.app.AppOpsManager.setUidMode(AppOpsManager.java:8106)
07-29 15:39:00.175  2369  6386 E AppOpService: 	at com.android.role.controller.model.Permissions.setAppOpModeAsUser(Permissions.java:908)
07-29 15:39:00.175  2369  6386 E AppOpService: 	at com.android.role.controller.model.Permissions.setAppOpUidModeAsUser(Permissions.java:885)
07-29 15:39:00.175  2369  6386 E AppOpService: 	at com.android.role.controller.model.Permissions.grantPermissionAndAppOpAsUser(Permissions.java:373)
07-29 15:39:00.175  2369  6386 E AppOpService: 	at com.android.role.controller.model.Permissions.grantSingleAsUser(Permissions.java:247)
07-29 15:39:00.175  2369  6386 E AppOpService: 	at com.android.role.controller.model.Permissions.grantAsUser(Permissions.java:205)
07-29 15:39:00.175  2369  6386 E AppOpService: 	at com.android.role.controller.model.Role.grantAsUser(Role.java:882)
07-29 15:39:00.175  2369  6386 E AppOpService: 	at com.android.role.controller.service.RoleControllerServiceImpl.addRoleHolderInternal(RoleControllerServiceImpl.java:362)
07-29 15:39:00.175  2369  6386 E AppOpService: 	at com.android.role.controller.service.RoleControllerServiceImpl.onGrantDefaultRoles(RoleControllerServiceImpl.java:149)
07-29 15:39:00.175  2369  6386 E AppOpService: 	at com.android.role.LocalRoleController.lambda$grantDefaultRoles$1(LocalRoleController.java:56)
07-29 15:39:00.175  2369  6386 E AppOpService: 	at com.android.role.LocalRoleController.$r8$lambda$ye-flP7Mf14AbTzwSmiTgndT6Cg(LocalRoleController.java:0)
07-29 15:39:00.175  2369  6386 E AppOpService: 	at com.android.role.LocalRoleController$$ExternalSyntheticLambda1.run(R8$$SyntheticClass:0)
07-29 15:39:00.175  2369  6386 E AppOpService: 	at android.os.Handler.handleCallback(Handler.java:959)
07-29 15:39:00.175  2369  6386 E AppOpService: 	at android.os.Handler.dispatchMessage(Handler.java:100)
07-29 15:39:00.175  2369  6386 E AppOpService: 	at android.os.Looper.loopOnce(Looper.java:257)
07-29 15:39:00.175  2369  6386 E AppOpService: 	at android.os.Looper.loop(Looper.java:342)
07-29 15:39:00.175  2369  6386 E AppOpService: 	at android.os.HandlerThread.run(HandlerThread.java:85)
07-29 15:39:16.349  2369  3047 E Watchdog: !@Sync: 9189 heap(MB): 173 / 195 FD: 1644 [2025-07-29 15:39:16.349]
07-29 15:39:46.358  2369  3047 E Watchdog: !@Sync: 9190 heap(MB): 186 / 195 FD: 1647 [2025-07-29 15:39:46.358]
07-29 15:39:55.505  2369  4342 E AppOps  : attributionTag VCN not declared in manifest of android
07-29 15:39:55.505  2369  4342 E AppOps  : attributionTag VCN not declared in manifest of android
07-29 15:39:58.538  2369  4342 E AppOps  : attributionTag VCN not declared in manifest of android
07-29 15:39:58.542  2369  4342 E AppOps  : attributionTag VCN not declared in manifest of android
07-29 15:40:16.369  2369  3047 E Watchdog: !@Sync: 9191 heap(MB): 140 / 187 FD: 1614 [2025-07-29 15:40:16.369]
07-29 15:40:31.472  2369  4714 E AppOps  : package client.pid<1782> not found, can't check for attributionTag null
07-29 15:40:31.472  2369  4714 E AppOps  : Bad call made by uid 1047. Package "client.pid<1782>" does not belong to uid 1000.
07-29 15:40:31.472  2369  4714 E AppOps  : Cannot checkOperation: non-application UID 1000
07-29 15:40:31.485  2369  4082 E CameraService_worker: Recent tasks don't include camera client package name: client.pid<1782>
07-29 15:40:31.520 30701 22905 E LoadedApk: Exception : java.lang.NullPointerException: Attempt to invoke virtual method 'boolean android.os.Looper.isPerfLogEnable()' on a null object reference
07-29 15:40:31.521  1422  1685 E LoadedApk: Exception : java.lang.NullPointerException: Attempt to invoke virtual method 'boolean android.os.Looper.isPerfLogEnable()' on a null object reference
07-29 15:40:31.539  1422  1685 E LoadedApk: Exception : java.lang.NullPointerException: Attempt to invoke virtual method 'boolean android.os.Looper.isPerfLogEnable()' on a null object reference
07-29 15:40:31.542  1422  9006 E LoadedApk: Exception : java.lang.NullPointerException: Attempt to invoke virtual method 'boolean android.os.Looper.isPerfLogEnable()' on a null object reference
07-29 15:40:31.549 30701 25170 E LoadedApk: Exception : java.lang.NullPointerException: Attempt to invoke virtual method 'boolean android.os.Looper.isPerfLogEnable()' on a null object reference
07-29 15:40:31.550 30701 25170 E LoadedApk: Exception : java.lang.NullPointerException: Attempt to invoke virtual method 'boolean android.os.Looper.isPerfLogEnable()' on a null object reference
07-29 15:40:37.500  2369  4698 E WindowManager: win=Window{712e34b u0 ThumbsUpHandler_L} destroySurfaces: appStopped=true cleanupOnResume=false win.mWindowRemovalAllowed=false win.mRemoveOnExit=false win.mViewVisibility=8 caller=com.android.server.wm.WindowManagerService.tryStartExitingAnimation:147 com.android.server.wm.WindowManagerService.relayoutWindowInner:112 com.android.server.wm.WindowManagerService.relayoutWindow:6 com.android.server.wm.Session.relayout:27 android.view.IWindowSession$Stub.onTransact:861 com.android.server.wm.Session.onTransact:1 android.os.Binder.execTransactInternal:1536 
07-29 15:40:37.506  2369  8831 E WindowManager: win=Window{661b9df u0 ThumbsUpHandler_R} destroySurfaces: appStopped=true cleanupOnResume=false win.mWindowRemovalAllowed=false win.mRemoveOnExit=false win.mViewVisibility=8 caller=com.android.server.wm.WindowManagerService.tryStartExitingAnimation:147 com.android.server.wm.WindowManagerService.relayoutWindowInner:112 com.android.server.wm.WindowManagerService.relayoutWindow:6 com.android.server.wm.Session.relayout:27 android.view.IWindowSession$Stub.onTransact:861 com.android.server.wm.Session.onTransact:1 android.os.Binder.execTransactInternal:1536 
07-29 15:40:37.515 30701 27732 E LoadedApk: Exception : java.lang.NullPointerException: Attempt to invoke virtual method 'boolean android.os.Looper.isPerfLogEnable()' on a null object reference
07-29 15:40:37.515  1422  1600 E LoadedApk: Exception : java.lang.NullPointerException: Attempt to invoke virtual method 'boolean android.os.Looper.isPerfLogEnable()' on a null object reference
07-29 15:40:37.516  1422  1600 E LoadedApk: Exception : java.lang.NullPointerException: Attempt to invoke virtual method 'boolean android.os.Looper.isPerfLogEnable()' on a null object reference
07-29 15:40:37.523  1422 30097 E LoadedApk: Exception : java.lang.NullPointerException: Attempt to invoke virtual method 'boolean android.os.Looper.isPerfLogEnable()' on a null object reference
07-29 15:40:37.543  2369  8379 E WindowManager: win=Window{fdbcc2d u0 FP Iconview} destroySurfaces: appStopped=true cleanupOnResume=false win.mWindowRemovalAllowed=false win.mRemoveOnExit=false win.mViewVisibility=4 caller=com.android.server.wm.WindowManagerService.tryStartExitingAnimation:147 com.android.server.wm.WindowManagerService.relayoutWindowInner:112 com.android.server.wm.WindowManagerService.relayoutWindow:6 com.android.server.wm.Session.relayout:27 android.view.IWindowSession$Stub.onTransact:861 com.android.server.wm.Session.onTransact:1 android.os.Binder.execTransactInternal:1536 
07-29 15:40:37.543 30701 25170 E LoadedApk: Exception : java.lang.NullPointerException: Attempt to invoke virtual method 'boolean android.os.Looper.isPerfLogEnable()' on a null object reference
07-29 15:40:37.547 30701 25170 E LoadedApk: Exception : java.lang.NullPointerException: Attempt to invoke virtual method 'boolean android.os.Looper.isPerfLogEnable()' on a null object reference
--------- beginning of main
07-29 15:40:46.191 30701 28118 E humr    : *~*~*~ Previous channel {0} was garbage collected without being shut down! ~*~*~*
07-29 15:40:46.191 30701 28118 E humr    :     Make sure to call shutdown()/shutdownNow()
07-29 15:40:46.191 30701 28118 E humr    : java.lang.RuntimeException: ManagedChannel allocation site
07-29 15:40:46.191 30701 28118 E humr    : 	at humq.<init>(:com.google.android.gms@252635035@25.26.35 (260400-783060121):21)
07-29 15:40:46.191 30701 28118 E humr    : 	at humr.<init>(:com.google.android.gms@252635035@25.26.35 (260400-783060121):10)
07-29 15:40:46.191 30701 28118 E humr    : 	at hump.a(:com.google.android.gms@252635035@25.26.35 (260400-783060121):250)
07-29 15:40:46.191 30701 28118 E humr    : 	at htxq.a(:com.google.android.gms@252635035@25.26.35 (260400-783060121):5)
07-29 15:40:46.191 30701 28118 E humr    : 	at cjvf.h(:com.google.android.gms@252635035@25.26.35 (260400-783060121):81)
07-29 15:40:46.191 30701 28118 E humr    : 	at gjom.a(:com.google.android.gms@252635035@25.26.35 (260400-783060121):182)
07-29 15:40:46.191 30701 28118 E humr    : 	at fxzt.a(:com.google.android.gms@252635035@25.26.35 (260400-783060121):13)
07-29 15:40:46.191 30701 28118 E humr    : 	at ggff.a(:com.google.android.gms@252635035@25.26.35 (260400-783060121):3)
07-29 15:40:46.191 30701 28118 E humr    : 	at ggeg.run(:com.google.android.gms@252635035@25.26.35 (260400-783060121):19)
07-29 15:40:46.191 30701 28118 E humr    : 	at ggfh.run(:com.google.android.gms@252635035@25.26.35 (260400-783060121):5)
07-29 15:40:46.191 30701 28118 E humr    : 	at azpf.c(:com.google.android.gms@252635035@25.26.35 (260400-783060121):50)
07-29 15:40:46.191 30701 28118 E humr    : 	at azpf.run(:com.google.android.gms@252635035@25.26.35 (260400-783060121):70)
07-29 15:40:46.191 30701 28118 E humr    : 	at java.util.concurrent.ThreadPoolExecutor.runWorker(ThreadPoolExecutor.java:1145)
07-29 15:40:46.191 30701 28118 E humr    : 	at java.util.concurrent.ThreadPoolExecutor$Worker.run(ThreadPoolExecutor.java:644)
07-29 15:40:46.191 30701 28118 E humr    : 	at azuw.run(:com.google.android.gms@252635035@25.26.35 (260400-783060121):8)
07-29 15:40:46.191 30701 28118 E humr    : 	at java.lang.Thread.run(Thread.java:1012)
07-29 15:40:46.373  2369  3047 E Watchdog: !@Sync: 9192 heap(MB): 163 / 192 FD: 1621 [2025-07-29 15:40:46.373]
07-29 15:40:46.574  1854  1926 E BatteryDump: !@new_battery_dump : 3875,1325,1700,4189,46,343,344,380,343,0,346,380,0,Charging,NO_CHARGING,Normal,Good,USB,1,Normal,0,0,9300,0x8004,0x10010000,0x0,0,0,503,v0002,0000,0000,00000000,0,0,0,0,83,3852,4609,1000,0,
07-29 15:40:46.732  1937  4187 E NativeCustomFrequencyManager: [NativeCFMS] BpCustomFrequencyManager::acquire()
07-29 15:40:46.861  1422  9006 E IPCThreadState: Binder transaction failure. id: 274790694, BR_*: 29189, error: -22 (Invalid argument)
07-29 15:40:46.861  1422  9006 E IPCThreadState: Binder transaction failure. id: 274790700, BR_*: 29189, error: -22 (Invalid argument)
07-29 15:40:46.861  1422  9006 E IPCThreadState: Binder transaction failure. id: 274790704, BR_*: 29189, error: -22 (Invalid argument)
07-29 15:40:46.861  1422  9006 E IPCThreadState: Binder transaction failure. id: 274790705, BR_*: 29189, error: -22 (Invalid argument)
07-29 15:40:47.469  1909  2111 E ConversionHelperAidl: Function: parseAndSetVendorParameters Line: 94 Failed 
07-29 15:40:47.469  1909  2111 E ConversionHelperAidl: Function: parseAndSetVendorParameters Line: 94 Failed 
07-29 15:40:47.473  1909  2111 E ConversionHelperAidl: Function: parseAndSetVendorParameters Line: 94 Failed 
07-29 15:40:47.473  1909  2111 E ConversionHelperAidl: Function: parseAndSetVendorParameters Line: 94 Failed 
07-29 15:40:48.056 28152 28152 E id.gms.unstable: Not starting debugger since process cannot load the jdwp agent.
07-29 15:40:48.166  1747  1816 E minksocket: MinkIPC ERROR: ( 1747:1816 ) MinkIPC_preProcess:272 Client down, but cannot find corresponding minksession
07-29 15:40:48.166  1747  1812 E minksocket: MinkIPC ERROR: ( 1747:1812 ) MinkIPC_preProcess:272 Client down, but cannot find corresponding minksession
07-29 15:40:48.166  1747  1812 E minksocket: MinkIPC ERROR: ( 1747:1812 ) MinkIPC_preProcess:272 Client down, but cannot find corresponding minksession
07-29 15:40:48.166  1747  1816 E minksocket: MinkIPC ERROR: ( 1747:1816 ) MinkIPC_preProcess:272 Client down, but cannot find corresponding minksession
07-29 15:40:48.166  1747  1812 E minksocket: MinkIPC ERROR: ( 1747:1812 ) MinkIPC_preProcess:272 Client down, but cannot find corresponding minksession
07-29 15:40:48.166  1747  1816 E minksocket: MinkIPC ERROR: ( 1747:1816 ) MinkIPC_preProcess:272 Client down, but cannot find corresponding minksession
07-29 15:40:48.166  1747  1812 E minksocket: MinkIPC ERROR: ( 1747:1812 ) MinkIPC_preProcess:272 Client down, but cannot find corresponding minksession
07-29 15:40:48.166  1747  1816 E minksocket: MinkIPC ERROR: ( 1747:1816 ) MinkIPC_preProcess:272 Client down, but cannot find corresponding minksession
07-29 15:40:48.168  1747  1812 E minksocket: MinkIPC ERROR: ( 1747:1812 ) MinkIPC_preProcess:272 Client down, but cannot find corresponding minksession
07-29 15:40:48.168  1747  1816 E minksocket: MinkIPC ERROR: ( 1747:1816 ) MinkIPC_preProcess:272 Client down, but cannot find corresponding minksession
07-29 15:40:48.169  1747  1812 E minksocket: MinkIPC ERROR: ( 1747:1812 ) MinkIPC_preProcess:272 Client down, but cannot find corresponding minksession
07-29 15:40:48.169  1747  1816 E minksocket: MinkIPC ERROR: ( 1747:1816 ) MinkIPC_preProcess:272 Client down, but cannot find corresponding minksession
07-29 15:40:48.169  1747  1812 E minksocket: MinkIPC ERROR: ( 1747:1812 ) MinkIPC_preProcess:272 Client down, but cannot find corresponding minksession
07-29 15:40:48.169  1747  1816 E minksocket: MinkIPC ERROR: ( 1747:1816 ) MinkIPC_preProcess:272 Client down, but cannot find corresponding minksession
07-29 15:40:48.169  1747  1816 E minksocket: MinkIPC ERROR: ( 1747:1816 ) MinkIPC_preProcess:272 Client down, but cannot find corresponding minksession
07-29 15:40:48.169  1747  1812 E minksocket: MinkIPC ERROR: ( 1747:1812 ) MinkIPC_preProcess:272 Client down, but cannot find corresponding minksession
07-29 15:40:48.247  1747  1812 E minksocket: MinkIPC ERROR: ( 1747:1812 ) MinkIPC_preProcess:272 Client down, but cannot find corresponding minksession
07-29 15:40:48.247  1747  1816 E minksocket: MinkIPC ERROR: ( 1747:1816 ) MinkIPC_preProcess:272 Client down, but cannot find corresponding minksession
07-29 15:40:48.249  4889 15414 E NfcService: isObserveModeSupported: NFC must be enabled but is: 1
07-29 15:40:48.249  1747  1812 E minksocket: MinkIPC ERROR: ( 1747:1812 ) MinkIPC_preProcess:272 Client down, but cannot find corresponding minksession
07-29 15:40:48.249  1747  1816 E minksocket: MinkIPC ERROR: ( 1747:1816 ) MinkIPC_preProcess:272 Client down, but cannot find corresponding minksession
07-29 15:40:48.264  1937  4187 E NativeCustomFrequencyManager: [NativeCFMS] BpCustomFrequencyManager::acquire()
07-29 15:40:48.482  4535  4535 E NowBarCardStackView: getTopCard topCard is null view size = 1com.samsung.android.app.facewidget.presentation.NowBarExternalViewCardView{eff2b0b VFE...C.. ........ 0,0-635,163 #7f0a051a app:id/nowbar_item_root_view}
07-29 15:40:48.482  4535  4535 E NowBarCardViewModel: updateExpandedClickPanelVisibility screen on = false expanded falseisTopCardSettingViewOpened = false
07-29 15:40:48.485  4535  4535 E NowBarItemManager: refreshBatteryItem data is null
07-29 15:40:49.363 30701 27967 E IPCThreadState: Binder transaction failure. id: 274796611, BR_*: 29189, error: -22 (Invalid argument)
07-29 15:40:49.363 30701 27967 E IPCThreadState: Binder transaction failure. id: 274796614, BR_*: 29189, error: -22 (Invalid argument)
07-29 15:40:49.363 30701 27967 E IPCThreadState: Binder transaction failure. id: 274796615, BR_*: 29189, error: -22 (Invalid argument)
07-29 15:40:49.363 30701 27967 E IPCThreadState: Binder transaction failure. id: 274796616, BR_*: 29189, error: -22 (Invalid argument)
07-29 15:40:49.363 30701 27967 E IPCThreadState: Binder transaction failure. id: 274796618, BR_*: 29189, error: -22 (Invalid argument)
07-29 15:40:49.363 30701 27967 E IPCThreadState: Binder transaction failure. id: 274796619, BR_*: 29189, error: -22 (Invalid argument)
07-29 15:40:49.363 30701 27967 E IPCThreadState: Binder transaction failure. id: 274796621, BR_*: 29189, error: -22 (Invalid argument)
07-29 15:40:49.363 30701 27967 E IPCThreadState: Binder transaction failure. id: 274796622, BR_*: 29189, error: -22 (Invalid argument)
07-29 15:40:49.363 30701 27967 E IPCThreadState: Binder transaction failure. id: 274796624, BR_*: 29189, error: -22 (Invalid argument)
07-29 15:40:49.363 30701 27967 E IPCThreadState: Binder transaction failure. id: 274796625, BR_*: 29189, error: -22 (Invalid argument)
07-29 15:40:49.363 30701 27967 E IPCThreadState: Binder transaction failure. id: 274796627, BR_*: 29189, error: -22 (Invalid argument)
07-29 15:40:49.364 30701 27967 E IPCThreadState: Binder transaction failure. id: 274796629, BR_*: 29189, error: -22 (Invalid argument)
07-29 15:40:49.364 30701 27967 E IPCThreadState: Binder transaction failure. id: 274796630, BR_*: 29189, error: -22 (Invalid argument)
07-29 15:40:49.364 30701 27967 E IPCThreadState: Binder transaction failure. id: 274796632, BR_*: 29189, error: -22 (Invalid argument)
07-29 15:40:49.364 30701 27967 E IPCThreadState: Binder transaction failure. id: 274796633, BR_*: 29189, error: -22 (Invalid argument)
07-29 15:40:49.364 30701 27967 E IPCThreadState: Binder transaction failure. id: 274796634, BR_*: 29189, error: -22 (Invalid argument)
07-29 15:40:49.364 30701 27967 E IPCThreadState: Binder transaction failure. id: 274796635, BR_*: 29189, error: -22 (Invalid argument)
07-29 15:40:49.364 30701 27967 E IPCThreadState: Binder transaction failure. id: 274796636, BR_*: 29189, error: -22 (Invalid argument)
07-29 15:40:49.364 30701 27967 E IPCThreadState: Binder transaction failure. id: 274796637, BR_*: 29189, error: -22 (Invalid argument)
07-29 15:40:49.364 30701 27967 E IPCThreadState: Binder transaction failure. id: 274796638, BR_*: 29189, error: -22 (Invalid argument)
07-29 15:40:49.364 30701 27967 E IPCThreadState: Binder transaction failure. id: 274796639, BR_*: 29189, error: -22 (Invalid argument)
07-29 15:40:49.364 30701 27967 E IPCThreadState: Binder transaction failure. id: 274796640, BR_*: 29189, error: -22 (Invalid argument)
07-29 15:40:49.364 30701 27967 E IPCThreadState: Binder transaction failure. id: 274796641, BR_*: 29189, error: -22 (Invalid argument)
07-29 15:40:49.364 30701 27967 E IPCThreadState: Binder transaction failure. id: 274796642, BR_*: 29189, error: -22 (Invalid argument)
07-29 15:40:49.364 30701 27967 E IPCThreadState: Binder transaction failure. id: 274796644, BR_*: 29189, error: -22 (Invalid argument)
07-29 15:40:49.364 30701 27967 E IPCThreadState: Binder transaction failure. id: 274796645, BR_*: 29189, error: -22 (Invalid argument)
07-29 15:40:49.364 30701 27967 E IPCThreadState: Binder transaction failure. id: 274796647, BR_*: 29189, error: -22 (Invalid argument)
07-29 15:40:49.365 30701 27967 E IPCThreadState: Binder transaction failure. id: 274796648, BR_*: 29189, error: -22 (Invalid argument)
07-29 15:40:49.365 30701 27967 E IPCThreadState: Binder transaction failure. id: 274796649, BR_*: 29189, error: -22 (Invalid argument)
07-29 15:40:49.365 30701 27967 E IPCThreadState: Binder transaction failure. id: 274796654, BR_*: 29189, error: -22 (Invalid argument)
07-29 15:40:49.391  7975 27682 E FlagManager: FlagManager.setFlagValue():633 Unknown type for flag: server_token{type=String, finalValue=CAMSUQ1I15vyAAQL2w8GuhnjDQcHBwcHDrgX9j-kIssTBQcHB_4FB8IDB_cMiwHN_90DBLQMBAEEuxcEKQQBBN8KBKIGBAWwBQRnBMcPD6gGD60DBA==, DEFAULT=, PHENOTYPE=CAMSUQ1I15vyAAQL2w8GuhnjDQcHBwcHDrgX9j-kIssTBQcHB_4FB8IDB_cMiwHN_90DBLQMBAEEuxcEKQQBBN8KBKIGBAWwBQRnBMcPD6gGD60DBA==}
07-29 15:40:49.425 21811 21960 E BugleRcsJibe: RcsServiceConnectionException was raised while waiting to connect to RcsEngineLifecycleServiceV2
07-29 15:40:49.425 21811 21960 E BugleRcsJibe: cuze: RcsServiceConnectionException:com.google.android.rcs.client.lifecycle.RcsEngineLifecycleServiceV2:UNKNOWN
07-29 15:40:49.425 21811 21960 E BugleRcsJibe: 	at cuyl.a(PG:54)
07-29 15:40:49.425 21811 21960 E BugleRcsJibe: 	at mbg.a(PG:19)
07-29 15:40:49.425 21811 21960 E BugleRcsJibe: 	at cuym.a(PG:14)
07-29 15:40:49.425 21811 21960 E BugleRcsJibe: 	at elyq.a(PG:13)
07-29 15:40:49.425 21811 21960 E BugleRcsJibe: 	at esjv.a(PG:3)
07-29 15:40:49.425 21811 21960 E BugleRcsJibe: 	at esit.run(PG:19)
07-29 15:40:49.425 21811 21960 E BugleRcsJibe: 	at esjx.run(PG:5)
07-29 15:40:49.425 21811 21960 E BugleRcsJibe: 	at dtnz.run(PG:7)
07-29 15:40:49.425 21811 21960 E BugleRcsJibe: 	at java.util.concurrent.ThreadPoolExecutor.runWorker(ThreadPoolExecutor.java:1145)
07-29 15:40:49.425 21811 21960 E BugleRcsJibe: 	at java.util.concurrent.ThreadPoolExecutor$Worker.run(ThreadPoolExecutor.java:644)
07-29 15:40:49.425 21811 21960 E BugleRcsJibe: 	at dtng.run(PG:6)
07-29 15:40:49.425 21811 21960 E BugleRcsJibe: 	at java.lang.Thread.run(Thread.java:1012)
07-29 15:40:49.425 21811 21960 E BugleRcsJibe: 	at dtoy.run(PG:61)
07-29 15:40:49.426 21811 22406 E BugleRcsJibe: RcsServiceConnectionException was raised while waiting to connect to RcsEngineLifecycleServiceV2
07-29 15:40:49.426 21811 22406 E BugleRcsJibe: cuze: RcsServiceConnectionException:com.google.android.rcs.client.lifecycle.RcsEngineLifecycleServiceV2:UNKNOWN
07-29 15:40:49.426 21811 22406 E BugleRcsJibe: 	at cuyl.a(PG:54)
07-29 15:40:49.426 21811 22406 E BugleRcsJibe: 	at mbg.a(PG:19)
07-29 15:40:49.426 21811 22406 E BugleRcsJibe: 	at cuym.a(PG:14)
07-29 15:40:49.426 21811 22406 E BugleRcsJibe: 	at elyq.a(PG:13)
07-29 15:40:49.426 21811 22406 E BugleRcsJibe: 	at esjv.a(PG:3)
07-29 15:40:49.426 21811 22406 E BugleRcsJibe: 	at esit.run(PG:19)
07-29 15:40:49.426 21811 22406 E BugleRcsJibe: 	at esjx.run(PG:5)
07-29 15:40:49.426 21811 22406 E BugleRcsJibe: 	at dtnz.run(PG:7)
07-29 15:40:49.426 21811 22406 E BugleRcsJibe: 	at java.util.concurrent.ThreadPoolExecutor.runWorker(ThreadPoolExecutor.java:1145)
07-29 15:40:49.426 21811 22406 E BugleRcsJibe: 	at java.util.concurrent.ThreadPoolExecutor$Worker.run(ThreadPoolExecutor.java:644)
07-29 15:40:49.426 21811 22406 E BugleRcsJibe: 	at dtng.run(PG:6)
07-29 15:40:49.426 21811 22406 E BugleRcsJibe: 	at java.lang.Thread.run(Thread.java:1012)
07-29 15:40:49.426 21811 22406 E BugleRcsJibe: 	at dtoy.run(PG:61)
07-29 15:40:49.458  9155 12923 E LoadedApk: Exception : java.lang.NullPointerException: Attempt to invoke virtual method 'boolean android.os.Looper.isPerfLogEnable()' on a null object reference
07-29 15:40:49.458  9155 12923 E LoadedApk: Exception : java.lang.NullPointerException: Attempt to invoke virtual method 'boolean android.os.Looper.isPerfLogEnable()' on a null object reference
07-29 15:40:49.461 28221 28221 E d.app.sharelive: Not starting debugger since process cannot load the jdwp agent.
07-29 15:40:49.558  4841  4852 E DatabaseUtils: Writing exception to parcel
07-29 15:40:49.558  4841  4852 E DatabaseUtils: java.lang.SecurityException: No permission to access APN settings
07-29 15:40:49.558  4841  4852 E DatabaseUtils: 	at com.android.providers.telephony.TelephonyProvider.checkPermissionForApnTable(TelephonyProvider.java:8037)
07-29 15:40:49.558  4841  4852 E DatabaseUtils: 	at com.android.providers.telephony.TelephonyProvider.checkPermission(TelephonyProvider.java:8001)
07-29 15:40:49.558  4841  4852 E DatabaseUtils: 	at com.android.providers.telephony.TelephonyProvider.checkPermissionCompat(TelephonyProvider.java:8054)
07-29 15:40:49.558  4841  4852 E DatabaseUtils: 	at com.android.providers.telephony.TelephonyProvider.query(TelephonyProvider.java:6105)
07-29 15:40:49.558  4841  4852 E DatabaseUtils: 	at android.content.ContentProvider.query(ContentProvider.java:1660)
07-29 15:40:49.558  4841  4852 E DatabaseUtils: 	at android.content.ContentProvider.query(ContentProvider.java:1756)
07-29 15:40:49.558  4841  4852 E DatabaseUtils: 	at android.content.ContentProvider$Transport.query(ContentProvider.java:299)
07-29 15:40:49.558  4841  4852 E DatabaseUtils: 	at android.content.ContentProviderNative.onTransact(ContentProviderNative.java:107)
07-29 15:40:49.558  4841  4852 E DatabaseUtils: 	at android.os.Binder.execTransactInternal(Binder.java:1541)
07-29 15:40:49.558  4841  4852 E DatabaseUtils: 	at android.os.Binder.execTransact(Binder.java:1480)
07-29 15:40:49.558  9155 28258 E RequestContextBuilder: Could not get APN after (but including) LollipopMr1: 
07-29 15:40:49.558  9155 28258 E RequestContextBuilder: java.lang.SecurityException: No permission to access APN settings
07-29 15:40:49.558  9155 28258 E RequestContextBuilder: 	at android.os.Parcel.createExceptionOrNull(Parcel.java:3257)
07-29 15:40:49.558  9155 28258 E RequestContextBuilder: 	at android.os.Parcel.createException(Parcel.java:3241)
07-29 15:40:49.558  9155 28258 E RequestContextBuilder: 	at android.os.Parcel.readException(Parcel.java:3224)
07-29 15:40:49.558  9155 28258 E RequestContextBuilder: 	at android.database.DatabaseUtils.readExceptionFromParcel(DatabaseUtils.java:203)
07-29 15:40:49.558  9155 28258 E RequestContextBuilder: 	at android.database.DatabaseUtils.readExceptionFromParcel(DatabaseUtils.java:155)
07-29 15:40:49.558  9155 28258 E RequestContextBuilder: 	at android.content.ContentProviderProxy.query(ContentProviderNative.java:495)
07-29 15:40:49.558  9155 28258 E RequestContextBuilder: 	at android.content.ContentResolver.query(ContentResolver.java:1233)
07-29 15:40:49.558  9155 28258 E RequestContextBuilder: 	at android.content.ContentResolver.query(ContentResolver.java:1165)
07-29 15:40:49.558  9155 28258 E RequestContextBuilder: 	at android.content.ContentResolver.query(ContentResolver.java:1121)
07-29 15:40:49.558  9155 28258 E RequestContextBuilder: 	at fxdp.c(:com.google.android.gms@252635035@25.26.35 (260400-783060121):113)
07-29 15:40:49.558  9155 28258 E RequestContextBuilder: 	at fvtd.c(:com.google.android.gms@252635035@25.26.35 (260400-783060121):355)
07-29 15:40:49.558  9155 28258 E RequestContextBuilder: 	at fvrn.b(:com.google.android.gms@252635035@25.26.35 (260400-783060121):44)
07-29 15:40:49.558  9155 28258 E RequestContextBuilder: 	at hvcr.v(:com.google.android.gms@252635035@25.26.35 (260400-783060121):11)
07-29 15:40:49.558  9155 28258 E RequestContextBuilder: 	at hvnj.run(:com.google.android.gms@252635035@25.26.35 (260400-783060121):112)
07-29 15:40:49.558  9155 28258 E RequestContextBuilder: 	at azpf.c(:com.google.android.gms@252635035@25.26.35 (260400-783060121):50)
07-29 15:40:49.558  9155 28258 E RequestContextBuilder: 	at azpf.run(:com.google.android.gms@252635035@25.26.35 (260400-783060121):70)
07-29 15:40:49.558  9155 28258 E RequestContextBuilder: 	at java.util.concurrent.ThreadPoolExecutor.runWorker(ThreadPoolExecutor.java:1145)
07-29 15:40:49.558  9155 28258 E RequestContextBuilder: 	at java.util.concurrent.ThreadPoolExecutor$Worker.run(ThreadPoolExecutor.java:644)
07-29 15:40:49.558  9155 28258 E RequestContextBuilder: 	at azuw.run(:com.google.android.gms@252635035@25.26.35 (260400-783060121):8)
07-29 15:40:49.558  9155 28258 E RequestContextBuilder: 	at java.lang.Thread.run(Thread.java:1012)
07-29 15:40:49.564  4841  5060 E DatabaseUtils: Writing exception to parcel
07-29 15:40:49.564  4841  5060 E DatabaseUtils: java.lang.SecurityException: No permission to access APN settings
07-29 15:40:49.564  4841  5060 E DatabaseUtils: 	at com.android.providers.telephony.TelephonyProvider.checkPermissionForApnTable(TelephonyProvider.java:8037)
07-29 15:40:49.564  4841  5060 E DatabaseUtils: 	at com.android.providers.telephony.TelephonyProvider.checkPermission(TelephonyProvider.java:8001)
07-29 15:40:49.564  4841  5060 E DatabaseUtils: 	at com.android.providers.telephony.TelephonyProvider.checkPermissionCompat(TelephonyProvider.java:8054)
07-29 15:40:49.564  4841  5060 E DatabaseUtils: 	at com.android.providers.telephony.TelephonyProvider.query(TelephonyProvider.java:6105)
07-29 15:40:49.564  4841  5060 E DatabaseUtils: 	at android.content.ContentProvider.query(ContentProvider.java:1660)
07-29 15:40:49.564  4841  5060 E DatabaseUtils: 	at android.content.ContentProvider.query(ContentProvider.java:1756)
07-29 15:40:49.564  4841  5060 E DatabaseUtils: 	at android.content.ContentProvider$Transport.query(ContentProvider.java:299)
07-29 15:40:49.564  4841  5060 E DatabaseUtils: 	at android.content.ContentProviderNative.onTransact(ContentProviderNative.java:107)
07-29 15:40:49.564  4841  5060 E DatabaseUtils: 	at android.os.Binder.execTransactInternal(Binder.java:1541)
07-29 15:40:49.564  4841  5060 E DatabaseUtils: 	at android.os.Binder.execTransact(Binder.java:1480)
07-29 15:40:49.564  9155 28258 E RequestContextBuilder: Could not get APN after (but including) LollipopMr1: 
07-29 15:40:49.564  9155 28258 E RequestContextBuilder: java.lang.SecurityException: No permission to access APN settings
07-29 15:40:49.564  9155 28258 E RequestContextBuilder: 	at android.os.Parcel.createExceptionOrNull(Parcel.java:3257)
07-29 15:40:49.564  9155 28258 E RequestContextBuilder: 	at android.os.Parcel.createException(Parcel.java:3241)
07-29 15:40:49.564  9155 28258 E RequestContextBuilder: 	at android.os.Parcel.readException(Parcel.java:3224)
07-29 15:40:49.564  9155 28258 E RequestContextBuilder: 	at android.database.DatabaseUtils.readExceptionFromParcel(DatabaseUtils.java:203)
07-29 15:40:49.564  9155 28258 E RequestContextBuilder: 	at android.database.DatabaseUtils.readExceptionFromParcel(DatabaseUtils.java:155)
07-29 15:40:49.564  9155 28258 E RequestContextBuilder: 	at android.content.ContentProviderProxy.query(ContentProviderNative.java:495)
07-29 15:40:49.564  9155 28258 E RequestContextBuilder: 	at android.content.ContentResolver.query(ContentResolver.java:1233)
07-29 15:40:49.564  9155 28258 E RequestContextBuilder: 	at android.content.ContentResolver.query(ContentResolver.java:1165)
07-29 15:40:49.564  9155 28258 E RequestContextBuilder: 	at android.content.ContentResolver.query(ContentResolver.java:1121)
07-29 15:40:49.564  9155 28258 E RequestContextBuilder: 	at fxdp.c(:com.google.android.gms@252635035@25.26.35 (260400-783060121):113)
07-29 15:40:49.564  9155 28258 E RequestContextBuilder: 	at fvtd.c(:com.google.android.gms@252635035@25.26.35 (260400-783060121):355)
07-29 15:40:49.564  9155 28258 E RequestContextBuilder: 	at fvrn.b(:com.google.android.gms@252635035@25.26.35 (260400-783060121):44)
07-29 15:40:49.564  9155 28258 E RequestContextBuilder: 	at hvcr.v(:com.google.android.gms@252635035@25.26.35 (260400-783060121):11)
07-29 15:40:49.564  9155 28258 E RequestContextBuilder: 	at hvnj.run(:com.google.android.gms@252635035@25.26.35 (260400-783060121):112)
07-29 15:40:49.564  9155 28258 E RequestContextBuilder: 	at azpf.c(:com.google.android.gms@252635035@25.26.35 (260400-783060121):50)
07-29 15:40:49.564  9155 28258 E RequestContextBuilder: 	at azpf.run(:com.google.android.gms@252635035@25.26.35 (260400-783060121):70)
07-29 15:40:49.564  9155 28258 E RequestContextBuilder: 	at java.util.concurrent.ThreadPoolExecutor.runWorker(ThreadPoolExecutor.java:1145)
07-29 15:40:49.564  9155 28258 E RequestContextBuilder: 	at java.util.concurrent.ThreadPoolExecutor$Worker.run(ThreadPoolExecutor.java:644)
07-29 15:40:49.564  9155 28258 E RequestContextBuilder: 	at azuw.run(:com.google.android.gms@252635035@25.26.35 (260400-783060121):8)
07-29 15:40:49.564  9155 28258 E RequestContextBuilder: 	at java.lang.Thread.run(Thread.java:1012)
07-29 15:40:49.586 25245 28279 E FirebaseInstanceId: Failed to get FIS auth token
07-29 15:40:49.586 25245 28279 E FirebaseInstanceId: java.util.concurrent.ExecutionException: kfw: Firebase Installations Service is unavailable. Please try again later.
07-29 15:40:49.586 25245 28279 E FirebaseInstanceId: 	at frs.k(PG:32)
07-29 15:40:49.586 25245 28279 E FirebaseInstanceId: 	at frs.i(PG:36)
07-29 15:40:49.586 25245 28279 E FirebaseInstanceId: 	at kfk.a(PG:99)
07-29 15:40:49.586 25245 28279 E FirebaseInstanceId: 	at kej.d(PG:36)
07-29 15:40:49.586 25245 28279 E FirebaseInstanceId: 	at kfh.a(PG:40)
07-29 15:40:49.586 25245 28279 E FirebaseInstanceId: 	at fnd.run(PG:552)
07-29 15:40:49.586 25245 28279 E FirebaseInstanceId: 	at java.util.concurrent.ThreadPoolExecutor.runWorker(ThreadPoolExecutor.java:1145)
07-29 15:40:49.586 25245 28279 E FirebaseInstanceId: 	at java.util.concurrent.ThreadPoolExecutor$Worker.run(ThreadPoolExecutor.java:644)
07-29 15:40:49.586 25245 28279 E FirebaseInstanceId: 	at pz.run(PG:23)
07-29 15:40:49.586 25245 28279 E FirebaseInstanceId: 	at java.lang.Thread.run(Thread.java:1012)
07-29 15:40:49.586 25245 28279 E FirebaseInstanceId: Caused by: kfw: Firebase Installations Service is unavailable. Please try again later.
07-29 15:40:49.586 25245 28279 E FirebaseInstanceId: 	at kgh.b(PG:390)
07-29 15:40:49.586 25245 28279 E FirebaseInstanceId: 	at kft.run(PG:237)
07-29 15:40:49.586 25245 28279 E FirebaseInstanceId: 	at java.util.concurrent.ThreadPoolExecutor.runWorker(ThreadPoolExecutor.java:1145)
07-29 15:40:49.586 25245 28279 E FirebaseInstanceId: 	at java.util.concurrent.ThreadPoolExecutor$Worker.run(ThreadPoolExecutor.java:644)
07-29 15:40:49.586 25245 28279 E FirebaseInstanceId: 	... 1 more
07-29 15:40:49.589 25245 25245 E MethodChannel#lyokone/location: Failed to handle method call
07-29 15:40:49.589 25245 25245 E MethodChannel#lyokone/location: android.content.ActivityNotFoundException
07-29 15:40:49.589 25245 25245 E MethodChannel#lyokone/location: 	at lzs.g(PG:46)
07-29 15:40:49.589 25245 25245 E MethodChannel#lyokone/location: 	at lzu.onMethodCall(PG:197)
07-29 15:40:49.589 25245 25245 E MethodChannel#lyokone/location: 	at io.flutter.plugin.common.MethodChannel$IncomingMethodCallHandler.onMessage(PG:18)
07-29 15:40:49.589 25245 25245 E MethodChannel#lyokone/location: 	at io.flutter.embedding.engine.dart.DartMessenger.invokeHandler(PG:12)
07-29 15:40:49.589 25245 25245 E MethodChannel#lyokone/location: 	at io.flutter.embedding.engine.dart.DartMessenger.lambda$dispatchMessageToQueue$0(PG:24)
07-29 15:40:49.589 25245 25245 E MethodChannel#lyokone/location: 	at io.flutter.embedding.engine.dart.DartMessenger.$r8$lambda$xiVpfGssfwbeQV0MS1TxLCE19hA(PG:1)
07-29 15:40:49.589 25245 25245 E MethodChannel#lyokone/location: 	at io.flutter.embedding.engine.dart.DartMessenger$$ExternalSyntheticLambda0.run(PG:13)
07-29 15:40:49.589 25245 25245 E MethodChannel#lyokone/location: 	at android.os.Handler.handleCallback(Handler.java:959)
07-29 15:40:49.589 25245 25245 E MethodChannel#lyokone/location: 	at android.os.Handler.dispatchMessage(Handler.java:100)
07-29 15:40:49.589 25245 25245 E MethodChannel#lyokone/location: 	at android.os.Looper.loopOnce(Looper.java:257)
07-29 15:40:49.589 25245 25245 E MethodChannel#lyokone/location: 	at android.os.Looper.loop(Looper.java:342)
07-29 15:40:49.589 25245 25245 E MethodChannel#lyokone/location: 	at android.app.ActivityThread.main(ActivityThread.java:9579)
07-29 15:40:49.589 25245 25245 E MethodChannel#lyokone/location: 	at java.lang.reflect.Method.invoke(Native Method)
07-29 15:40:49.589 25245 25245 E MethodChannel#lyokone/location: 	at com.android.internal.os.RuntimeInit$MethodAndArgsCaller.run(RuntimeInit.java:619)
07-29 15:40:49.589 25245 25245 E MethodChannel#lyokone/location: 	at com.android.internal.os.ZygoteInit.main(ZygoteInit.java:929)
07-29 15:40:49.707 28317 28317 E android.mdx.kit: Not starting debugger since process cannot load the jdwp agent.
07-29 15:40:49.819 25245 28275 E FirebaseInstanceId: Topic sync or token retrieval failed on hard failure exceptions: FIS_AUTH_ERROR. Won't retry the operation.
07-29 15:40:49.955 25245 25245 E MethodChannel#lyokone/location: Failed to handle method call
07-29 15:40:49.955 25245 25245 E MethodChannel#lyokone/location: android.content.ActivityNotFoundException
07-29 15:40:49.955 25245 25245 E MethodChannel#lyokone/location: 	at lzs.g(PG:46)
07-29 15:40:49.955 25245 25245 E MethodChannel#lyokone/location: 	at lzu.onMethodCall(PG:197)
07-29 15:40:49.955 25245 25245 E MethodChannel#lyokone/location: 	at io.flutter.plugin.common.MethodChannel$IncomingMethodCallHandler.onMessage(PG:18)
07-29 15:40:49.955 25245 25245 E MethodChannel#lyokone/location: 	at io.flutter.embedding.engine.dart.DartMessenger.invokeHandler(PG:12)
07-29 15:40:49.955 25245 25245 E MethodChannel#lyokone/location: 	at io.flutter.embedding.engine.dart.DartMessenger.lambda$dispatchMessageToQueue$0(PG:24)
07-29 15:40:49.955 25245 25245 E MethodChannel#lyokone/location: 	at io.flutter.embedding.engine.dart.DartMessenger.$r8$lambda$xiVpfGssfwbeQV0MS1TxLCE19hA(PG:1)
07-29 15:40:49.955 25245 25245 E MethodChannel#lyokone/location: 	at io.flutter.embedding.engine.dart.DartMessenger$$ExternalSyntheticLambda0.run(PG:13)
07-29 15:40:49.955 25245 25245 E MethodChannel#lyokone/location: 	at android.os.Handler.handleCallback(Handler.java:959)
07-29 15:40:49.955 25245 25245 E MethodChannel#lyokone/location: 	at android.os.Handler.dispatchMessage(Handler.java:100)
07-29 15:40:49.955 25245 25245 E MethodChannel#lyokone/location: 	at android.os.Looper.loopOnce(Looper.java:257)
07-29 15:40:49.955 25245 25245 E MethodChannel#lyokone/location: 	at android.os.Looper.loop(Looper.java:342)
07-29 15:40:49.955 25245 25245 E MethodChannel#lyokone/location: 	at android.app.ActivityThread.main(ActivityThread.java:9579)
07-29 15:40:49.955 25245 25245 E MethodChannel#lyokone/location: 	at java.lang.reflect.Method.invoke(Native Method)
07-29 15:40:49.955 25245 25245 E MethodChannel#lyokone/location: 	at com.android.internal.os.RuntimeInit$MethodAndArgsCaller.run(RuntimeInit.java:619)
07-29 15:40:49.955 25245 25245 E MethodChannel#lyokone/location: 	at com.android.internal.os.ZygoteInit.main(ZygoteInit.java:929)
07-29 15:40:50.075  9155 28009 E ROM_BackupSyncApiHelper: Failed to get backup and sync suggestion. [CONTEXT service_id=135 ]
07-29 15:40:51.072  9155 28016 E DCU_ContactsLogService: Failed to mark incremental upload successful [CONTEXT service_id=135 ]
07-29 15:40:51.072  9155 28016 E DCU_ContactsLogService: java.util.concurrent.ExecutionException: ffqj: sync policy is not enabled
07-29 15:40:51.072  9155 28016 E DCU_ContactsLogService: 	at ggav.j(:com.google.android.gms@252635035@25.26.35 (260400-783060121):21)
07-29 15:40:51.072  9155 28016 E DCU_ContactsLogService: 	at ggbe.u(:com.google.android.gms@252635035@25.26.35 (260400-783060121):71)
07-29 15:40:51.072  9155 28016 E DCU_ContactsLogService: 	at com.google.android.gms.romanesco.service.ContactsLoggerUploadService.a(:com.google.android.gms@252635035@25.26.35 (260400-783060121):237)
07-29 15:40:51.072  9155 28016 E DCU_ContactsLogService: 	at cito.call(:com.google.android.gms@252635035@25.26.35 (260400-783060121):30)
07-29 15:40:51.072  9155 28016 E DCU_ContactsLogService: 	at java.util.concurrent.FutureTask.run(FutureTask.java:264)
07-29 15:40:51.072  9155 28016 E DCU_ContactsLogService: 	at azpf.c(:com.google.android.gms@252635035@25.26.35 (260400-783060121):50)
07-29 15:40:51.072  9155 28016 E DCU_ContactsLogService: 	at azpf.run(:com.google.android.gms@252635035@25.26.35 (260400-783060121):70)
07-29 15:40:51.072  9155 28016 E DCU_ContactsLogService: 	at java.util.concurrent.ThreadPoolExecutor.runWorker(ThreadPoolExecutor.java:1145)
07-29 15:40:51.072  9155 28016 E DCU_ContactsLogService: 	at java.util.concurrent.ThreadPoolExecutor$Worker.run(ThreadPoolExecutor.java:644)
07-29 15:40:51.072  9155 28016 E DCU_ContactsLogService: 	at azuw.run(:com.google.android.gms@252635035@25.26.35 (260400-783060121):8)
07-29 15:40:51.072  9155 28016 E DCU_ContactsLogService: 	at java.lang.Thread.run(Thread.java:1012)
07-29 15:40:51.072  9155 28016 E DCU_ContactsLogService: Caused by: ffqj: sync policy is not enabled
07-29 15:40:51.072  9155 28016 E DCU_ContactsLogService: 	at ffnr.a(:com.google.android.gms@252635035@25.26.35 (260400-783060121):167)
07-29 15:40:51.072  9155 28016 E DCU_ContactsLogService: 	at fxzu.a(:com.google.android.gms@252635035@25.26.35 (260400-783060121):13)
07-29 15:40:51.072  9155 28016 E DCU_ContactsLogService: 	at ggbg.d(:com.google.android.gms@252635035@25.26.35 (260400-783060121):3)
07-29 15:40:51.072  9155 28016 E DCU_ContactsLogService: 	at ggbi.run(:com.google.android.gms@252635035@25.26.35 (260400-783060121):38)
07-29 15:40:51.072  9155 28016 E DCU_ContactsLogService: 	at ggcu.execute(:com.google.android.gms@252635035@25.26.35 (260400-783060121):1)
07-29 15:40:51.072  9155 28016 E DCU_ContactsLogService: 	at ggav.f(:com.google.android.gms@252635035@25.26.35 (260400-783060121):1)
07-29 15:40:51.072  9155 28016 E DCU_ContactsLogService: 	at ggav.m(:com.google.android.gms@252635035@25.26.35 (260400-783060121):99)
07-29 15:40:51.072  9155 28016 E DCU_ContactsLogService: 	at ggav.q(:com.google.android.gms@252635035@25.26.35 (260400-783060121):13)
07-29 15:40:51.072  9155 28016 E DCU_ContactsLogService: 	at ggbh.e(:com.google.android.gms@252635035@25.26.35 (260400-783060121):1)
07-29 15:40:51.072  9155 28016 E DCU_ContactsLogService: 	at ggbi.run(:com.google.android.gms@252635035@25.26.35 (260400-783060121):44)
07-29 15:40:51.072  9155 28016 E DCU_ContactsLogService: 	at ggcu.execute(:com.google.android.gms@252635035@25.26.35 (260400-783060121):1)
07-29 15:40:51.072  9155 28016 E DCU_ContactsLogService: 	at ggav.f(:com.google.android.gms@252635035@25.26.35 (260400-783060121):1)
07-29 15:40:51.072  9155 28016 E DCU_ContactsLogService: 	at ggav.m(:com.google.android.gms@252635035@25.26.35 (260400-783060121):99)
07-29 15:40:51.072  9155 28016 E DCU_ContactsLogService: 	at ggav.q(:com.google.android.gms@252635035@25.26.35 (260400-783060121):13)
07-29 15:40:51.072  9155 28016 E DCU_ContactsLogService: 	at ggan.run(:com.google.android.gms@252635035@25.26.35 (260400-783060121):120)
07-29 15:40:51.072  9155 28016 E DCU_ContactsLogService: 	at ggcu.execute(:com.google.android.gms@252635035@25.26.35 (260400-783060121):1)
07-29 15:40:51.072  9155 28016 E DCU_ContactsLogService: 	at ggav.f(:com.google.android.gms@252635035@25.26.35 (260400-783060121):1)
07-29 15:40:51.072  9155 28016 E DCU_ContactsLogService: 	at ggav.m(:com.google.android.gms@252635035@25.26.35 (260400-783060121):99)
07-29 15:40:51.072  9155 28016 E DCU_ContactsLogService: 	at ggav.q(:com.google.android.gms@252635035@25.26.35 (260400-783060121):13)
07-29 15:40:51.072  9155 28016 E DCU_ContactsLogService: 	at ggbh.e(:com.google.android.gms@252635035@25.26.35 (260400-783060121):1)
07-29 15:40:51.072  9155 28016 E DCU_ContactsLogService: 	at ggbi.run(:com.google.android.gms@252635035@25.26.35 (260400-783060121):44)
07-29 15:40:51.072  9155 28016 E DCU_ContactsLogService: 	at ggcu.execute(:com.google.android.gms@252635035@25.26.35 (260400-783060121):1)
07-29 15:40:51.072  9155 28016 E DCU_ContactsLogService: 	at ggav.f(:com.google.android.gms@252635035@25.26.35 (260400-783060121):1)
07-29 15:40:51.072  9155 28016 E DCU_ContactsLogService: 	at ggav.m(:com.google.android.gms@252635035@25.26.35 (260400-783060121):99)
07-29 15:40:51.072  9155 28016 E DCU_ContactsLogService: 	at ggav.q(:com.google.android.gms@252635035@25.26.35 (260400-783060121):13)
07-29 15:40:51.072  9155 28016 E DCU_ContactsLogService: 	at ggbh.e(:com.google.android.gms@252635035@25.26.35 (260400-783060121):1)
07-29 15:40:51.072  9155 28016 E DCU_ContactsLogService: 	at ggbi.run(:com.google.android.gms@252635035@25.26.35 (260400-783060121):44)
07-29 15:40:51.072  9155 28016 E DCU_ContactsLogService: 	at ggcu.execute(:com.google.android.gms@252635035@25.26.35 (260400-783060121):1)
07-29 15:40:51.072  9155 28016 E DCU_ContactsLogService: 	at ggav.f(:com.google.android.gms@252635035@25.26.35 (260400-783060121):1)
07-29 15:40:51.072  9155 28016 E DCU_ContactsLogService: 	at ggav.m(:com.google.android.gms@252635035@25.26.35 (260400-783060121):99)
07-29 15:40:51.072  9155 28016 E DCU_ContactsLogService: 	at ggav.t(:com.google.android.gms@252635035@25.26.35 (260400-783060121):26)
07-29 15:40:51.072  9155 28016 E DCU_ContactsLogService: 	at ggdr.run(:com.google.android.gms@252635035@25.26.35 (260400-783060121):5)
07-29 15:40:51.072  9155 28016 E DCU_ContactsLogService: 	at ggcu.execute(:com.google.android.gms@252635035@25.26.35 (260400-783060121):1)
07-29 15:40:51.072  9155 28016 E DCU_ContactsLogService: 	at ggav.f(:com.google.android.gms@252635035@25.26.35 (260400-783060121):1)
07-29 15:40:51.072  9155 28016 E DCU_ContactsLogService: 	at ggav.m(:com.google.android.gms@252635035@25.26.35 (260400-783060121):99)
07-29 15:40:51.072  9155 28016 E DCU_ContactsLogService: 	at ggav.t(:com.google.android.gms@252635035@25.26.35 (260400-783060121):26)
07-29 15:40:51.072  9155 28016 E DCU_ContactsLogService: 	at ggdr.run(:com.google.android.gms@252635035@25.26.35 (260400-783060121):5)
07-29 15:40:51.072  9155 28016 E DCU_ContactsLogService: 	at ggcu.execute(:com.google.android.gms@252635035@25.26.35 (260400-783060121):1)
07-29 15:40:51.072  9155 28016 E DCU_ContactsLogService: 	at ggav.f(:com.google.android.gms@252635035@25.26.35 (260400-783060121):1)
07-29 15:40:51.072  9155 28016 E DCU_ContactsLogService: 	at ggav.m(:com.google.android.gms@252635035@25.26.35 (260400-783060121):99)
07-29 15:40:51.072  9155 28016 E DCU_ContactsLogService: 	at ggav.t(:com.google.android.gms@252635035@25.26.35 (260400-783060121):26)
07-29 15:40:51.072  9155 28016 E DCU_ContactsLogService: 	at ggff.e(:com.google.android.gms@252635035@25.26.35 (260400-783060121):5)
07-29 15:40:51.072  9155 28016 E DCU_ContactsLogService: 	at ggeg.run(:com.google.android.gms@252635035@25.26.35 (260400-783060121):73)
07-29 15:40:51.072  9155 28016 E DCU_ContactsLogService: 	at ggfh.run(:com.google.android.gms@252635035@25.26.35 (260400-783060121):5)
07-29 15:40:51.072  9155 28016 E DCU_ContactsLogService: 	at ggdd.run(:com.google.android.gms@252635035@25.26.35 (260400-783060121):20)
07-29 15:40:51.072  9155 28016 E DCU_ContactsLogService: 	... 6 more
07-29 15:40:54.364 18271 18632 E msys    : E[N mccw.liger]onConnectError(579)=>connect/error - address: 57.144.196.36, port: 5222, ex: folly::AsyncSocketException: AsyncSocketException: connect timed out after 9999ms, type = Timed out
07-29 15:40:54.604 18271 18632 E msys    : E[N mccw.liger]onConnectError(579)=>connect/error - address: 57.144.196.36, port: 443, ex: folly::AsyncSocketException: AsyncSocketException: connect timed out after 9999ms, type = Timed out
07-29 15:40:54.619 18271 18632 E msys    : E[N mccw.liger]onConnectError(579)=>connect/error - address: 2a03:2880:f212:e6:face:b00c:0:6e2e, port: 5222, ex: folly::AsyncSocketException: AsyncSocketException: connect failed (immediately), type = Socket not open, errno = 101 (Network is unreachable)
07-29 15:40:55.145 22046 28364 E PluginPlatform[1.52.22][152022] : PluginUpdateScheduler.execute().run - AutoUpdateMode is disabled
07-29 15:40:56.628  1854  1926 E BatteryDump: !@new_battery_dump : 3900,1775,1700,4189,46,343,345,397,343,0,346,397,0,Charging,NO_CHARGING,Normal,Good,USB,1,Normal,0,0,9300,0x8004,0x10010000,0x0,0,0,157,v0002,0000,0000,00000000,0,0,0,0,83,3852,4615,1000,0,
07-29 15:40:57.506  1909  2111 E ConversionHelperAidl: Function: parseAndSetVendorParameters Line: 94 Failed 
07-29 15:40:57.506  1909  2111 E ConversionHelperAidl: Function: parseAndSetVendorParameters Line: 94 Failed 
07-29 15:40:57.507  1909  2111 E ConversionHelperAidl: Function: parseAndSetVendorParameters Line: 94 Failed 
07-29 15:40:57.508  1909  2111 E ConversionHelperAidl: Function: parseAndSetVendorParameters Line: 94 Failed 
07-29 15:40:58.469 18271 18452 E msys    : E[N mns]_OnDiskCacheGetData(542)=>Start post callback cache refresh DNS resolution
07-29 15:40:58.475 18271 18452 E MvfstCallbacks.cpp: onConnectionSetupError: error=TransportError: Internal Error, Error on socket write Operation not permitted, 
07-29 15:40:58.475 18271 18452 E msys    : E[N mns]_LogError(204)=>Failed to resolve using system DNS resolver, getaddrinfo(): No address associated with hostname
07-29 15:40:58.475 18271 18452 E msys    : E[N mns]_OnDiskCacheGetData(542)=>Start post callback cache refresh DNS resolution
07-29 15:40:58.476 18271 18452 E msys    : E[N mns]_LogError(204)=>Failed to resolve using system DNS resolver, getaddrinfo(): No address associated with hostname
07-29 15:41:03.367 18271 18452 E msys    : E[N mns]_OnDiskCacheGetData(542)=>Start post callback cache refresh DNS resolution
07-29 15:41:03.367 18271 18452 E msys    : E[N mns]_OnDiskCacheGetData(542)=>Start post callback cache refresh DNS resolution
07-29 15:41:03.370 18271 18452 E msys    : E[N mns]_LogError(204)=>Failed to resolve using system DNS resolver, getaddrinfo(): No address associated with hostname
07-29 15:41:03.370 18271 18452 E msys    : E[N mns]_LogError(204)=>Failed to resolve using system DNS resolver, getaddrinfo(): No address associated with hostname
07-29 15:41:03.371 18271 18452 E MvfstCallbacks.cpp: onConnectionSetupError: error=TransportError: Internal Error, Error on socket write Operation not permitted, 
07-29 15:41:04.375 18271 18632 E msys    : E[N mccw.liger]onConnectError(579)=>connect/error - address: 57.144.196.36, port: 80, ex: folly::AsyncSocketException: AsyncSocketException: connect timed out after 9999ms, type = Timed out
